Component: ARM Compiler 5.06 update 7 (build 960) Tool: armlink [4d3601]

==============================================================================

Section Cross References

    main.o(i.main) refers to system.o(i.CPU_CACHE_Enable) for CPU_CACHE_Enable
    main.o(i.main) refers to stm32h7xx_hal.o(i.HAL_Init) for HAL_Init
    main.o(i.main) refers to system.o(i.MPU_Memory_Protection) for MPU_Memory_Protection
    main.o(i.main) refers to system.o(i.SystemClock_Config) for SystemClock_Config
    main.o(i.main) refers to delay.o(i.SysTick_clkconfig) for SysTick_clkconfig
    main.o(i.main) refers to timer.o(i.TIM7_Init) for TIM7_Init
    main.o(i.main) refers to usart.o(i.uart_init) for uart_init
    main.o(i.main) refers to key.o(i.KEY_Init) for KEY_Init
    main.o(i.main) refers to led.o(i.LED_Init) for LED_Init
    main.o(i.main) refers to mos_controller.o(i.SwitchMatrix_Init) for SwitchMatrix_Init
    main.o(i.main) refers to eis_measure.o(i.Power5200_Init) for Power5200_Init
    main.o(i.main) refers to 18b20.o(i.DS18B20_init) for DS18B20_init
    main.o(i.main) refers to dac8830.o(i.DAC8830_Init) for DAC8830_Init
    main.o(i.main) refers to norflash.o(i.norflash_init) for norflash_init
    main.o(i.main) refers to w25qxx.o(i.W25QXX_Init) for W25QXX_Init
    main.o(i.main) refers to ads131a04.o(i.ADS131A0X_Init) for ADS131A0X_Init
    main.o(i.main) refers to 18b20.o(i.ds18b20_get_temperature_float) for ds18b20_get_temperature_float
    main.o(i.main) refers to printfa.o(i.__0printf) for __2printf
    main.o(i.main) refers to dac.o(i.MY_VREFBUF_Init) for MY_VREFBUF_Init
    main.o(i.main) refers to adc.o(i.MY_ADC_Init) for MY_ADC_Init
    main.o(i.main) refers to norflash_ex.o(i.norflash_ex_read_id) for norflash_ex_read_id
    main.o(i.main) refers to config_flash.o(i.ConfigFlash_LoadAtStartup) for ConfigFlash_LoadAtStartup
    main.o(i.main) refers to identity_flash.o(i.IdFlash_LoadAtStartup) for IdFlash_LoadAtStartup
    main.o(i.main) refers to runtime_flash.o(i.RuntimeFlash_LoadAtStartup) for RuntimeFlash_LoadAtStartup
    main.o(i.main) refers to runtime_flash.o(i.RuntimeFlash_OnBoot) for RuntimeFlash_OnBoot
    main.o(i.main) refers to runtime_flash.o(i.RuntimeFlash_SaveIfDirty) for RuntimeFlash_SaveIfDirty
    main.o(i.main) refers to calib_flash.o(i.CalibFlash_LoadAtStartup) for CalibFlash_LoadAtStartup
    main.o(i.main) refers to calib_flash.o(i.CalibFlash_Dump) for CalibFlash_Dump
    main.o(i.main) refers to delay.o(i.delay_ms) for delay_ms
    main.o(i.main) refers to w25qxx.o(i.W25QXX_ReadID) for W25QXX_ReadID
    main.o(i.main) refers to ad7606.o(i.AD7606_Init) for AD7606_Init
    main.o(i.main) refers to fdcan.o(i.FDCAN1_Mode_Init) for FDCAN1_Mode_Init
    main.o(i.main) refers to eis_measure.o(i.FAN_Init) for FAN_Init
    main.o(i.main) refers to eis_measure.o(i.FAN_Disable) for FAN_Disable
    main.o(i.main) refers to eis_measure.o(i.RELAY_Init) for RELAY_Init
    main.o(i.main) refers to runtime_flash.o(i.Runtime_BackgroundTask) for Runtime_BackgroundTask
    main.o(i.main) refers to eis_measure.o(i.Power5200_Disable) for Power5200_Disable
    main.o(i.main) refers to mos_controller.o(i.SwitchWindow_Program) for SwitchWindow_Program
    main.o(i.main) refers to led.o(i.LED_Red_On) for LED_Red_On
    main.o(i.main) refers to led.o(i.LED_Green_Off) for LED_Green_Off
    main.o(i.main) refers to eis_measure.o(i.FAN_Enable) for FAN_Enable
    main.o(i.main) refers to eis_measure.o(i.set_excitation_current) for set_excitation_current
    main.o(i.main) refers to sys_protection.o(i.CheckCellVoltage) for CheckCellVoltage
    main.o(i.main) refers to eis_measure.o(i.EIS_FrequencySweep_Measure) for EIS_FrequencySweep_Measure
    main.o(i.main) refers to runtime_flash.o(i.RuntimeFlash_OnEisFinished) for RuntimeFlash_OnEisFinished
    main.o(i.main) refers to eis_measure.o(i.EIS_SingleFrequency_Measure) for EIS_SingleFrequency_Measure
    main.o(i.main) refers to potentiometer_calibration.o(i.PotentiometerCalibration_Init) for PotentiometerCalibration_Init
    main.o(i.main) refers to potentiometer_calibration.o(i.Run_Complete_Calibration_Test) for Run_Complete_Calibration_Test
    main.o(i.main) refers to led.o(i.LED_Green_On) for LED_Green_On
    main.o(i.main) refers to ads131a04.o(i.ADS131A0X_Read_Channel) for ADS131A0X_Read_Channel
    main.o(i.main) refers to adc.o(i.Get_Pack_Current) for Get_Pack_Current
    main.o(i.main) refers to global_command.o(.data) for g_current_state
    stm32h7xx_it.o(i.SysTick_Handler) refers to stm32h7xx_hal.o(i.HAL_IncTick) for HAL_IncTick
    stm32h7xx_it.o(i.TIM6_DAC_IRQHandler) refers to stm32h7xx_hal_tim.o(i.HAL_TIM_Base_Stop_IT) for HAL_TIM_Base_Stop_IT
    stm32h7xx_it.o(i.TIM6_DAC_IRQHandler) refers to stm32h7xx_hal_dac.o(i.HAL_DAC_Stop) for HAL_DAC_Stop
    stm32h7xx_it.o(i.TIM6_DAC_IRQHandler) refers to stm32h7xx_hal_dac.o(i.HAL_DAC_SetValue) for HAL_DAC_SetValue
    stm32h7xx_it.o(i.TIM6_DAC_IRQHandler) refers to timer.o(.bss) for TIM6_Handler
[...]
    RuntimeFlash_Write                       0x0800caf9   Thumb Code   102  runtime_flash.o(i.RuntimeFlash_Write)
    Runtime_BackgroundTask                   0x0800cb8d   Thumb Code    20  runtime_flash.o(i.Runtime_BackgroundTask)
    Runtime_On1sTick                         0x0800cba5   Thumb Code    40  runtime_flash.o(i.Runtime_On1sTick)
    SPI1_ReadWriteByte                       0x0800cced   Thumb Code    28  spi.o(i.SPI1_ReadWriteByte)
    SPI_Init                                 0x0800ce25   Thumb Code    92  spi.o(i.SPI_Init)
    SVC_Handler                              0x0800cec9   Thumb Code     2  stm32h7xx_it.o(i.SVC_Handler)
    Send_EIS_Result                          0x0800cf99   Thumb Code   238  eis_measure.o(i.Send_EIS_Result)
    Send_Line                                0x0800d0f5   Thumb Code    46  fdcan.o(i.Send_Line)
    SwitchMatrix_Init                        0x0800d239   Thumb Code   552  mos_controller.o(i.SwitchMatrix_Init)
    SwitchWindow_Program                     0x0800d475   Thumb Code   392  mos_controller.o(i.SwitchWindow_Program)
    SysTick_Handler                          0x0800d641   Thumb Code     8  stm32h7xx_it.o(i.SysTick_Handler)
    SysTick_clkconfig                        0x0800d649   Thumb Code    16  delay.o(i.SysTick_clkconfig)
    SystemClock_Config                       0x0800d65d   Thumb Code   192  system.o(i.SystemClock_Config)
    SystemInit                               0x0800d721   Thumb Code   130  system_stm32h7xx.o(i.SystemInit)
    TEM_delay_us                             0x0800d7b5   Thumb Code    76  18b20.o(i.TEM_delay_us)
    TIM6_DAC_IRQHandler                      0x0800d809   Thumb Code    86  stm32h7xx_it.o(i.TIM6_DAC_IRQHandler)
    TIM6_Init                                0x0800d879   Thumb Code    76  timer.o(i.TIM6_Init)
    TIM7_IRQHandler                          0x0800d8cd   Thumb Code    42  stm32h7xx_it.o(i.TIM7_IRQHandler)
    TIM7_Init                                0x0800d8fd   Thumb Code    52  timer.o(i.TIM7_Init)
    TIM_Base_SetConfig                       0x0800d939   Thumb Code   172  stm32h7xx_hal_tim.o(i.TIM_Base_SetConfig)
    UART_AdvFeatureConfig                    0x0800da3b   Thumb Code   234  stm32h7xx_hal_uart.o(i.UART_AdvFeatureConfig)
    UART_CheckIdleState                      0x0800db25   Thumb Code   116  stm32h7xx_hal_uart.o(i.UART_CheckIdleState)
    UART_SetConfig                           0x0800dc7d   Thumb Code  2452  stm32h7xx_hal_uart.o(i.UART_SetConfig)
    UART_WaitOnFlagUntilTimeout              0x0800e6a3   Thumb Code   108  stm32h7xx_hal_uart.o(i.UART_WaitOnFlagUntilTimeout)
    USART1_IRQHandler                        0x0800e711   Thumb Code    66  usart.o(i.USART1_IRQHandler)
    UsageFault_Handler                       0x0800e761   Thumb Code     4  stm32h7xx_it.o(i.UsageFault_Handler)
    Validate_AllChannels_Reading             0x0800e765   Thumb Code   276  potentiometer_calibration.o(i.Validate_AllChannels_Reading)
    Validate_CH2_AD620_Gain                  0x0800e8fd   Thumb Code  1652  potentiometer_calibration.o(i.Validate_CH2_AD620_Gain)
    Validate_CH3_DAC_Output                  0x0800f0c5   Thumb Code   226  potentiometer_calibration.o(i.Validate_CH3_DAC_Output)
    W25QXX_Init                              0x0800f229   Thumb Code   132  w25qxx.o(i.W25QXX_Init)
    W25QXX_ReadID                            0x0800f2b9   Thumb Code    70  w25qxx.o(i.W25QXX_ReadID)
    W25QXX_ReadSR                            0x0800f305   Thumb Code    78  w25qxx.o(i.W25QXX_ReadSR)
    Watchdog_Refresh                         0x0800f359   Thumb Code    10  watchdog.o(i.Watchdog_Refresh)
    __0printf                                0x0800f3e9   Thumb Code    22  printfa.o(i.__0printf)
    __1printf                                0x0800f3e9   Thumb Code     0  printfa.o(i.__0printf)
    __2printf                                0x0800f3e9   Thumb Code     0  printfa.o(i.__0printf)
    __c89printf                              0x0800f3e9   Thumb Code     0  printfa.o(i.__0printf)
    printf                                   0x0800f3e9   Thumb Code     0  printfa.o(i.__0printf)
    __0snprintf                              0x0800f409   Thumb Code    48  printfa.o(i.__0snprintf)
    __1snprintf                              0x0800f409   Thumb Code     0  printfa.o(i.__0snprintf)
    __2snprintf                              0x0800f409   Thumb Code     0  printfa.o(i.__0snprintf)
    __c89snprintf                            0x0800f409   Thumb Code     0  printfa.o(i.__0snprintf)
    snprintf                                 0x0800f409   Thumb Code     0  printfa.o(i.__0snprintf)
    __0vsnprintf                             0x0800f43d   Thumb Code    46  printfa.o(i.__0vsnprintf)
    __1vsnprintf                             0x0800f43d   Thumb Code     0  printfa.o(i.__0vsnprintf)
    __2vsnprintf                             0x0800f43d   Thumb Code     0  printfa.o(i.__0vsnprintf)
    __c89vsnprintf                           0x0800f43d   Thumb Code     0  printfa.o(i.__0vsnprintf)
    vsnprintf                                0x0800f43d   Thumb Code     0  printfa.o(i.__0vsnprintf)
    __ARM_fpclassify                         0x0800f471   Thumb Code    48  fpclassify.o(i.__ARM_fpclassify)
    __ARM_fpclassifyf                        0x0800f4a1   Thumb Code    38  fpclassifyf.o(i.__ARM_fpclassifyf)
    __aeabi_errno_addr                       0x0800f501   Thumb Code     4  errno.o(i.__aeabi_errno_addr)
    __rt_errno_addr                          0x0800f501   Thumb Code     0  errno.o(i.__aeabi_errno_addr)
    __hardfp_atan2f                          0x0800f509   Thumb Code   594  atan2f.o(i.__hardfp_atan2f)
    __hardfp_cosf                            0x0800f7bd   Thumb Code   276  cosf.o(i.__hardfp_cosf)
    __hardfp_fmaxf                           0x0800f90d   Thumb Code    72  fmaxf.o(i.__hardfp_fmaxf)
    __hardfp_fminf                           0x0800f955   Thumb Code    72  fminf.o(i.__hardfp_fminf)
    __hardfp_log                             0x0800f9a1   Thumb Code   480  log.o(i.__hardfp_log)
    __hardfp_log10                           0x0800fbe1   Thumb Code   214  log10.o(i.__hardfp_log10)
    __hardfp_pow                             0x0800fce1   Thumb Code  2140  pow.o(i.__hardfp_pow)
    __hardfp_roundf                          0x080105d9   Thumb Code   154  roundf.o(i.__hardfp_roundf)
    __hardfp_sinf                            0x08010679   Thumb Code   344  sinf.o(i.__hardfp_sinf)
    __hardfp_sqrtf                           0x0801080d   Thumb Code    58  sqrtf.o(i.__hardfp_sqrtf)
    __hardfp_strtod                          0x08010849   Thumb Code    30  strtod.o(i.__hardfp_strtod)
    __kernel_poly                            0x08010871   Thumb Code   112  poly.o(i.__kernel_poly)
    __mathlib_dbl_divzero                    0x080108e1   Thumb Code    14  dunder.o(i.__mathlib_dbl_divzero)
    __mathlib_dbl_infnan                     0x08010901   Thumb Code     6  dunder.o(i.__mathlib_dbl_infnan)
    __mathlib_dbl_infnan2                    0x08010907   Thumb Code     6  dunder.o(i.__mathlib_dbl_infnan2)
    __mathlib_dbl_invalid                    0x08010911   Thumb Code    10  dunder.o(i.__mathlib_dbl_invalid)
    __mathlib_dbl_overflow                   0x08010929   Thumb Code    10  dunder.o(i.__mathlib_dbl_overflow)
    __mathlib_dbl_underflow                  0x08010941   Thumb Code    10  dunder.o(i.__mathlib_dbl_underflow)
    __mathlib_flt_infnan                     0x08010959   Thumb Code     6  funder.o(i.__mathlib_flt_infnan)
    __mathlib_flt_infnan2                    0x0801095f   Thumb Code     6  funder.o(i.__mathlib_flt_infnan2)
    __mathlib_flt_invalid                    0x08010965   Thumb Code    10  funder.o(i.__mathlib_flt_invalid)
    __mathlib_flt_underflow                  0x08010975   Thumb Code    10  funder.o(i.__mathlib_flt_underflow)
    __mathlib_rredf2                         0x08010985   Thumb Code   316  rredf.o(i.__mathlib_rredf2)
    __scatterload_copy                       0x08010ad9   Thumb Code    14  handlers.o(i.__scatterload_copy)
    __scatterload_null                       0x08010ae7   Thumb Code     2  handlers.o(i.__scatterload_null)
    __scatterload_zeroinit                   0x08010ae9   Thumb Code    14  handlers.o(i.__scatterload_zeroinit)
    __set_errno                              0x08010af9   Thumb Code     6  errno.o(i.__set_errno)
    _is_digit                                0x08010c89   Thumb Code    14  scanf_fp.o(i._is_digit)
    delay_ms                                 0x080117a5   Thumb Code    24  delay.o(i.delay_ms)
    delay_us                                 0x080117bd   Thumb Code    68  delay.o(i.delay_us)
    digital_lock_in_deinit                   0x080118f9   Thumb Code    38  digital_lock_in.o(i.digital_lock_in_deinit)
    digital_lock_in_get_config               0x08011921   Thumb Code    38  digital_lock_in.o(i.digital_lock_in_get_config)
    digital_lock_in_init_inst                0x0801194d   Thumb Code   176  digital_lock_in.o(i.digital_lock_in_init_inst)
    ds18b20_get_temperature                  0x08011a5d   Thumb Code   142  18b20.o(i.ds18b20_get_temperature)
    ds18b20_get_temperature_float            0x08011aeb   Thumb Code    32  18b20.o(i.ds18b20_get_temperature_float)
    ds18b20_init                             0x08011b0d   Thumb Code    94  18b20.o(i.ds18b20_init)
    fabs                                     0x08011caf   Thumb Code    24  fabs.o(i.fabs)
    fputc                                    0x08011d9d   Thumb Code    22  usart.o(i.fputc)
    free                                     0x08011db9   Thumb Code    76  malloc.o(i.free)
    generate_frequency_points                0x08011e09   Thumb Code   106  sinewave.o(i.generate_frequency_points)
    getCommandEnum                           0x08011e75   Thumb Code   442  parse_command.o(i.getCommandEnum)
    log                                      0x080122af   Thumb Code    16  log.o(i.log)
    main                                     0x080122c1   Thumb Code  1020  main.o(i.main)
    malloc                                   0x08012831   Thumb Code    92  malloc.o(i.malloc)
    multifrequency_process                   0x0801289d   Thumb Code   368  digital_lock_in.o(i.multifrequency_process)
    norflash_erase_sector                    0x08012a15   Thumb Code   102  norflash.o(i.norflash_erase_sector)
    norflash_ex_erase_sector                 0x08012add   Thumb Code    12  norflash_ex.o(i.norflash_ex_erase_sector)
    norflash_ex_read                         0x08012ae9   Thumb Code    20  norflash_ex.o(i.norflash_ex_read)
    norflash_ex_read_id                      0x08012afd   Thumb Code     8  norflash_ex.o(i.norflash_ex_read_id)
    norflash_ex_write                        0x08012b05   Thumb Code    52  norflash_ex.o(i.norflash_ex_write)
    norflash_get_addr_size                   0x08012b39   Thumb Code     6  norflash.o(i.norflash_get_addr_size)
    norflash_init                            0x08012b45   Thumb Code    68  norflash.o(i.norflash_init)
    norflash_page_program                    0x08012ba1   Thumb Code   120  norflash.o(i.norflash_page_program)
    norflash_read                            0x08012c2d   Thumb Code    88  norflash.o(i.norflash_read)
    norflash_read_id                         0x08012c89   Thumb Code    88  norflash.o(i.norflash_read_id)
    norflash_read_sr                         0x08012ce5   Thumb Code    80  norflash.o(i.norflash_read_sr)
    norflash_write_enable                    0x08012db9   Thumb Code    10  norflash.o(i.norflash_write_enable)
    norflash_write_sr                        0x08012dc5   Thumb Code    72  norflash.o(i.norflash_write_sr)
    preprocess_signal                        0x08012f05   Thumb Code    88  digital_lock_in.o(i.preprocess_signal)
    process_current                          0x08012f61   Thumb Code    50  digital_lock_in.o(i.process_current)
    process_voltage                          0x08012f99   Thumb Code    50  digital_lock_in.o(i.process_voltage)
    read_ambient_temperature                 0x080130c1   Thumb Code     8  sys_protection.o(i.read_ambient_temperature)
    run_lockin_core                          0x08013179   Thumb Code   336  digital_lock_in.o(i.run_lockin_core)
    set_excitation_current                   0x080133f1   Thumb Code   144  eis_measure.o(i.set_excitation_current)
    single_measure                           0x08013571   Thumb Code  1828  eis_measure.o(i.single_measure)
    sqrt                                     0x08013cd5   Thumb Code   106  sqrt.o(i.sqrt)
    sweep_measure                            0x08013d41   Thumb Code    64  eis_measure.o(i.sweep_measure)
    trim                                     0x08013d91   Thumb Code   100  parse_command.o(i.trim)
    uart_init                                0x08013df5   Thumb Code    44  usart.o(i.uart_init)
    volatile_memset                          0x08013e2d   Thumb Code    20  parse_command.o(i.volatile_memset)
    volatile_strncpy                         0x08013e41   Thumb Code    32  parse_command.o(i.volatile_strncpy)
    volatile_trim                            0x08013e61   Thumb Code   124  parse_command.o(i.volatile_trim)
    D1CorePrescTable                         0x08013f0c   Data          16  system_stm32h7xx.o(.constdata)
    BUTTON_PIN                               0x08013f4c   Data           4  key.o(.constdata)
    FDCAN_DLC_BYTES_MAP                      0x08013f80   Data          36  fdcan.o(.constdata)
    __ctype_table                            0x080142d0   Data         129  ctype_o.o(.constdata)
    __mathlib_zero                           0x08014390   Data           8  qnan.o(.constdata)
    Region$$Table$$Base                      0x080146bc   Number         0  anon$$obj.o(Region$$Table)
    Region$$Table$$Limit                     0x080146dc   Number         0  anon$$obj.o(Region$$Table)
    SystemCoreClock                          0x24000000   Data           4  system_stm32h7xx.o(.data)
    SystemD2Clock                            0x24000004   Data           4  system_stm32h7xx.o(.data)
    SIN_DATA                                 0x24000008   Data           2  eis_measure.o(.data)
    cycle_count                              0x2400000a   Data           2  eis_measure.o(.data)
    Num_period                               0x2400000c   Data           1  eis_measure.o(.data)
    Num_Sampling_Points                      0x2400000e   Data           2  eis_measure.o(.data)
    Relative_Amplitude                       0x24000010   Data           4  eis_measure.o(.data)
    ADC_status                               0x24000014   Data           1  eis_measure.o(.data)
    ADC_Start_Standard                       0x24000015   Data           1  eis_measure.o(.data)
    Sampling_Count                           0x24000018   Data           8  eis_measure.o(.data)
    Freq_Start                               0x24000020   Data           8  eis_measure.o(.data)
    Freq_End                                 0x24000028   Data           8  eis_measure.o(.data)
    Period_Count                             0x24000030   Data           1  eis_measure.o(.data)
    resume_index                             0x24000034   Data           4  eis_measure.o(.data)
    batch_count                              0x24000038   Data           4  eis_measure.o(.data)
    Meas_Comp_Flag                           0x2400003c   Data           1  eis_measure.o(.data)
    BUTTON_PORT                              0x24000058   Data           8  key.o(.data)
    USART_RX_STA                             0x24000064   Data           2  usart.o(.data)
    aRxBuffer                                0x24000066   Data           1  usart.o(.data)
    __stdout                                 0x24000068   Data           4  usart.o(.data)
    can_rxdata                               0x2400006c   Data           8  fdcan.o(.data)
    rx_index                                 0x24000074   Data           2  fdcan.o(.data)
    port_list                                0x24000078   Data          64  ad7606.o(.data)
    pin_list                                 0x240000b8   Data          32  ad7606.o(.data)
    W25QXX_TYPE                              0x240000dc   Data           2  w25qxx.o(.data)
    g_norflash_type                          0x240000e4   Data           2  norflash.o(.data)
    CalibratorUartHandle                     0x240000e8   Data           4  current_excitation_calibrator.o(.data)
    QG_ACVoltPP                              0x240000f0   Data           4  global_command.o(.data)
    QG_DCVolt                                0x240000f4   Data           4  global_command.o(.data)
    QG_EIS_FREQ_START                        0x240000f8   Data           4  global_command.o(.data)
    QG_EIS_FREQ_END                          0x240000fc   Data           4  global_command.o(.data)
    QG_EIS_FREQ_POINTS                       0x24000100   Data           4  global_command.o(.data)
    QG_TEMP_HIGH_ALARM                       0x24000104   Data           4  global_command.o(.data)
    QG_VOLT_CELL_HIGH                        0x24000108   Data           4  global_command.o(.data)
    QG_VOLT_CELL_LOW                         0x2400010c   Data           4  global_command.o(.data)
    QG_CURR_CHG_ALARM                        0x24000110   Data           4  global_command.o(.data)
    QG_CURR_DIS_ALARM                        0x24000114   Data           4  global_command.o(.data)
    QG_CELL_COUNT                            0x24000118   Data           4  global_command.o(.data)
    Cell_ID                                  0x2400011c   Data           4  global_command.o(.data)
    g_system_error_code                      0x24000120   Data           4  global_command.o(.data)
    g_current_state                          0x24000124   Data           1  global_command.o(.data)
    CommandParam1                            0x24000128   Data           8  global_command.o(.data)
    CommandParam2                            0x24000130   Data           8  global_command.o(.data)
    TerminalAddr                             0x24000138   Data           1  parse_command.o(.data)
    ParseStatus                              0x24000139   Data           1  parse_command.o(.data)
    SystemStateStr                           0x2400013c   Data          28  parse_command.o(.data)
    __microlib_freelist                      0x2400016c   Data           4  mvars.o(.data)
    __microlib_freelist_initialised          0x24000170   Data           4  mvars.o(.data)
    Sine_data                                0x24000178   Data         600  eis_measure.o(.bss)
    eis_batch_buffer                         0x240003d0   Data        3072  eis_measure.o(.bss)
    USART_RX_BUF                             0x24014fd0   Data         200  usart.o(.bss)
    UART_Handler                             0x24015098   Data         128  usart.o(.bss)
    TIM6_Handler                             0x24015118   Data          64  timer.o(.bss)
    TIM7_Handler                             0x24015158   Data          64  timer.o(.bss)
    DAC_Handler                              0x24015198   Data          20  dac.o(.bss)
    FDCAN1_Handler                           0x24015234   Data         156  fdcan.o(.bss)
    FDCAN1_RxHeader                          0x240152d0   Data          40  fdcan.o(.bss)
    FDCAN1_TxHeader                          0x240152f8   Data          36  fdcan.o(.bss)
    rx_buffer                                0x2401531c   Data         128  fdcan.o(.bss)
    hspi1                                    0x2401539c   Data         136  spi.o(.bss)
    hspi6                                    0x24015424   Data         136  spi.o(.bss)
    SPI_Handler                              0x240154ac   Data         136  spi.o(.bss)
    current_cfg_in_flash                     0x240174e8   Data          94  config_flash.o(.bss)
    hqspi                                    0x24017548   Data          76  qspi.o(.bss)
    CurrentCalib                             0x24017594   Data          12  current_excitation_calibrator.o(.bss)
    SET_CALIB_DATA                           0x240175f0   Data          40  global_command.o(.bss)
    CommandCode                              0x24017618   Data          32  parse_command.o(.bss)
    g_id_in_flash                            0x24017638   Data         148  identity_flash.o(.bss)
    g_runtime_in_flash                       0x240176cc   Data          76  runtime_flash.o(.bss)
    g_calib_in_flash                         0x24017718   Data         124  calib_flash.o(.bss)
    ADC_Handler                              0x24017794   Data         100  adc.o(.bss)
    __heap_base                              0x240177f8   Data           0  startup_stm32h750xx.o(HEAP)
    __heap_limit                             0x240267f8   Data           0  startup_stm32h750xx.o(HEAP)
    __initial_sp                             0x2402e7f8   Data           0  startup_stm32h750xx.o(STACK)



==============================================================================

Memory Map of the image

  Image Entry point : 0x08000299

  Load Region LR_IROM1 (Base: 0x08000000, Size: 0x00014854, Max: 0x00020000, ABSOLUTE, COMPRESSED[0x00014778])

    Execution Region ER_IROM1 (Exec base: 0x08000000, Load base: 0x08000000, Size: 0x000146dc, Max: 0x00020000, ABSOLUTE)

    Exec Addr    Load Addr    Size         Type   Attr      Idx    E Section Name        Object

    0x08000000   0x08000000   0x00000298   Data   RO         9635    RESET               startup_stm32h750xx.o
    0x08000298   0x08000298   0x00000000   Code   RO         9780  * .ARM.Collect$$$$00000000  mc_w.l(entry.o)
    0x08000298   0x08000298   0x00000004   Code   RO        10222    .ARM.Collect$$$$00000001  mc_w.l(entry2.o)
    0x0800029c   0x0800029c   0x00000004   Code   RO        10225    .ARM.Collect$$$$00000004  mc_w.l(entry5.o)
    0x080002a0   0x080002a0   0x00000000   Code   RO        10227    .ARM.Collect$$$$00000008  mc_w.l(entry7b.o)
    0x080002a0   0x080002a0   0x00000000   Code   RO        10229    .ARM.Collect$$$$0000000A  mc_w.l(entry8b.o)
    0x080002a0   0x080002a0   0x00000008   Code   RO        10230    .ARM.Collect$$$$0000000B  mc_w.l(entry9a.o)
    0x080002a8   0x080002a8   0x00000004   Code   RO        10237    .ARM.Collect$$$$0000000E  mc_w.l(entry12b.o)
    0x080002ac   0x080002ac   0x00000000   Code   RO        10232    .ARM.Collect$$$$0000000F  mc_w.l(entry10a.o)
    0x080002ac   0x080002ac   0x00000000   Code   RO        10234    .ARM.Collect$$$$00000011  mc_w.l(entry11a.o)
    0x080002ac   0x080002ac   0x00000004   Code   RO        10223    .ARM.Collect$$$$00002712  mc_w.l(entry2.o)
    0x080002b0   0x080002b0   0x00000024   Code   RO         9636    .text               startup_stm32h750xx.o
    0x080002d4   0x080002d4   0x00000062   Code   RO         9783    .text               mc_w.l(uldiv.o)
    0x08000336   0x08000336   0x00000062   Code   RO         9785    .text               mc_w.l(ldiv.o)
    0x08000398   0x08000398   0x00000008   Code   RO         9787    .text               mc_w.l(ctype_o.o)
    0x080003a0   0x080003a0   0x00000012   Code   RO         9809    .text               mc_w.l(isspace_o.o)
    0x080003b2   0x080003b2   0x00000040   Code   RO         9817    .text               mc_w.l(memmovea.o)
    0x080003f2   0x080003f2   0x00000024   Code   RO         9819    .text               mc_w.l(memseta.o)
    0x08000416   0x08000416   0x00000018   Code   RO         9821    .text               mc_w.l(strncpy.o)
    0x0800042e   0x0800042e   0x00000014   Code   RO         9823    .text               mc_w.l(strchr.o)
    0x08000442   0x08000442   0x0000000e   Code   RO         9825    .text               mc_w.l(strlen.o)
    0x08000450   0x08000450   0x0000001c   Code   RO         9827    .text               mc_w.l(strcmp.o)
    0x0800046c   0x0800046c   0x0000001a   Code   RO         9829    .text               mc_w.l(memcmp.o)
    0x08000486   0x08000486   0x0000001e   Code   RO         9831    .text               mc_w.l(strncmp.o)
    0x080004a4   0x080004a4   0x00000038   Code   RO        10126    .text               mc_w.l(__0sscanf.o)
    0x080004dc   0x080004dc   0x00000360   Code   RO        10128    .text               mc_w.l(scanf_fp.o)
    0x0800083c   0x0800083c   0x00000070   Code   RO        10132    .text               mc_w.l(strtol.o)
    0x080008ac   0x080008ac   0x00000018   Code   RO        10134    .text               mf_w.l(dfltul.o)
    0x080008c4   0x080008c4   0x0000002c   Code   RO        10238    .text               mc_w.l(uidiv.o)
    0x080008f0   0x080008f0   0x0000001e   Code   RO        10240    .text               mc_w.l(llshl.o)
    0x0800090e   0x0800090e   0x00000020   Code   RO        10242    .text               mc_w.l(llushr.o)
    0x0800092e   0x0800092e   0x00000002   PAD
    0x08000930   0x08000930   0x00000028   Code   RO        10253    .text               mc_w.l(scanf_char.o)
    0x08000958   0x08000958   0x00000040   Code   RO        10255    .text               mc_w.l(_sgetc.o)
    0x08000998   0x08000998   0x0000009e   Code   RO        10257    .text               mc_w.l(_strtoul.o)
    0x08000a36   0x08000a36   0x00000002   PAD
    0x08000a38   0x08000a38   0x0000009c   Code   RO        10259    .text               mc_w.l(strtod.o)
    0x08000ad4   0x08000ad4   0x00000000   Code   RO        10261    .text               mc_w.l(iusefp.o)
    0x08000ad4   0x08000ad4   0x0000003c   Code   RO        10262    .text               mf_w.l(frnd.o)
    0x08000b10   0x08000b10   0x000000ba   Code   RO        10264    .text               mf_w.l(depilogue.o)
    0x08000bca   0x08000bca   0x0000014e   Code   RO        10266    .text               mf_w.l(dadd.o)
    0x08000d18   0x08000d18   0x000000e4   Code   RO        10268    .text               mf_w.l(dmul.o)
    0x08000dfc   0x08000dfc   0x000000de   Code   RO        10270    .text               mf_w.l(ddiv.o)
    0x08000eda   0x08000eda   0x0000002e   Code   RO        10272    .text               mf_w.l(dscalb.o)
    0x08000f08   0x08000f08   0x00000030   Code   RO        10274    .text               mf_w.l(dfixul.o)
    0x08000f38   0x08000f38   0x00000030   Code   RO        10276    .text               mf_w.l(cdrcmple.o)
    0x08000f68   0x08000f68   0x00000038   Code   RO        10278    .text               mf_w.l(d2f.o)
    0x08000fa0   0x08000fa0   0x00000036   Code   RO        10280    .text               mf_w.l(fcmp4.o)
    0x08000fd6   0x08000fd6   0x00000002   PAD
    0x08000fd8   0x08000fd8   0x00000024   Code   RO        10282    .text               mc_w.l(init.o)
    0x08000ffc   0x08000ffc   0x00000024   Code   RO        10284    .text               mc_w.l(llsshr.o)
    0x08001020   0x08001020   0x0000001c   Code   RO        10288    .text               mc_w.l(_chval.o)
    0x0800103c   0x0800103c   0x00000330   Code   RO        10290    .text               mc_w.l(_scanf.o)
    0x0800136c   0x0800136c   0x0000006e   Code   RO        10292    .text               mf_w.l(fepilogue.o)
    0x080013da   0x080013da   0x00000056   Code   RO        10305    .text               mc_w.l(__dczerorl2.o)
    0x08001430   0x08001430   0x00000054   Code   RO         2337    i.AD620_GainCtrl_Init  ad620_gainctrl.o
    0x08001484   0x08001484   0x00000028   Code   RO         2341    i.AD620_SetGain     ad620_gainctrl.o
    0x080014ac   0x080014ac   0x0000002c   Code   RO         1322    i.AD7606B_Digital2Voltage  ad7606.o
    0x080014d8   0x080014d8   0x00000048   Code   RO         1323    i.AD7606B_Get_Pin_Data  ad7606.o
    0x08001520   0x08001520   0x0000000c   Code   RO         1324    i.AD7606_Delay      ad7606.o
    0x0800152c   0x0800152c   0x00000070   Code   RO         1325    i.AD7606_Init       ad7606.o
    0x0800159c   0x0800159c   0x00000038   Code   RO         1326    i.AD7606_RESET      ad7606.o
    0x080015d4   0x080015d4   0x000000cc   Code   RO         1329    i.AD7606_Read_Data  ad7606.o
    0x080016a0   0x080016a0   0x00000030   Code   RO         1330    i.AD7606_StartConvst  ad7606.o
    0x080016d0   0x080016d0   0x00000098   Code   RO         9258    i.ADC_Disable       stm32h7xx_hal_adc.o
    0x08001768   0x08001768   0x000000a0   Code   RO         9259    i.ADC_Enable        stm32h7xx_hal_adc.o
    0x08001808   0x08001808   0x0000005c   Code   RO         2343    i.ADG708_SetChannel  ad620_gainctrl.o
    0x08001864   0x08001864   0x00000054   Code   RO         3262    i.ADS131A0X_ChangeSampleRate_NoReset  ads131a04.o
    0x080018b8   0x080018b8   0x00000080   Code   RO         3263    i.ADS131A0X_Init    ads131a04.o
    0x08001938   0x08001938   0x000000c0   Code   RO         3266    i.ADS131A0X_ReadData  ads131a04.o
    0x080019f8   0x080019f8   0x000000c4   Code   RO         3268    i.ADS131A0X_Read_Ch1_Ch2  ads131a04.o
    0x08001abc   0x08001abc   0x000000bc   Code   RO         3269    i.ADS131A0X_Read_Channel  ads131a04.o
    0x08001b78   0x08001b78   0x00000054   Code   RO         3274    i.ADS13_WriteCmd    ads131a04.o
    0x08001bcc   0x08001bcc   0x00000048   Code   RO         3275    i.ADS13_WriteReg    ads131a04.o
    0x08001c14   0x08001c14   0x00000164   Code   RO          585    i.Auto_Set_ADC_SampleRate  eis_measure.o
    0x08001d78   0x08001d78   0x0000007c   Code   RO          862    i.BSP_KEY_Init      key.o
    0x08001df4   0x08001df4   0x00000004   Code   RO          444    i.BusFault_Handler  stm32h7xx_it.o
    0x08001df8   0x08001df8   0x0000001c   Code   RO          985    i.CPU_CACHE_Enable  system.o
    0x08001e14   0x08001e14   0x0000004a   Code   RO          586    i.CalculateChecksum  eis_measure.o
    0x08001e5e   0x08001e5e   0x00000002   PAD
    0x08001e60   0x08001e60   0x000001f4   Code   RO         2654    i.CalculateLinearFit  current_excitation_calibrator.o
    0x08002054   0x08002054   0x000003e8   Code   RO         3144    i.CalibFlash_Dump   calib_flash.o
    0x0800243c   0x0800243c   0x000000c0   Code   RO         3147    i.CalibFlash_LoadAtStartup  calib_flash.o
    0x080024fc   0x080024fc   0x00000098   Code   RO         3155    i.CalibFlash_Write  calib_flash.o
    0x08002594   0x08002594   0x00000400   Code   RO         2830    i.CheckCellVoltage  sys_protection.o
    0x08002994   0x08002994   0x00000074   Code   RO         2739    i.Cmd_SendResp      parse_command.o
    0x08002a08   0x08002a08   0x0000002c   Code   RO         3276    i.CodeToVoltage     ads131a04.o
    0x08002a34   0x08002a34   0x0000033c   Code   RO         1664    i.ConfigFlash_Dump  config_flash.o
    0x08002d70   0x08002d70   0x000000a4   Code   RO         1665    i.ConfigFlash_LoadAtStartup  config_flash.o
    0x08002e14   0x08002e14   0x0000001e   Code   RO         1666    i.ConfigFlash_Read  config_flash.o
    0x08002e32   0x08002e32   0x00000002   PAD
    0x08002e34   0x08002e34   0x000000f8   Code   RO         1668    i.ConfigFlash_SaveIfChanged  config_flash.o
    0x08002f2c   0x08002f2c   0x000001f4   Code   RO         1669    i.ConfigFlash_SlowWrite_Fallback  config_flash.o
    0x08003120   0x08003120   0x000000fc   Code   RO         1670    i.ConfigFlash_Write  config_flash.o
    0x0800321c   0x0800321c   0x000000d0   Code   RO         2656    i.CurrentCalibrator_ProcessCommand  current_excitation_calibrator.o
    0x080032ec   0x080032ec   0x0000003c   Code   RO         1086    i.DAC1_Init_Constant  dac.o
    0x08003328   0x08003328   0x0000005c   Code   RO         1087    i.DAC1_Set_Voltage  dac.o
    0x08003384   0x08003384   0x00000070   Code   RO         1405    i.DAC8830_GPIO_Init  dac8830.o
    0x080033f4   0x080033f4   0x0000001c   Code   RO         1406    i.DAC8830_Init      dac8830.o
    0x08003410   0x08003410   0x00000048   Code   RO         1407    i.DAC8830_SPI_Write  dac8830.o
    0x08003458   0x08003458   0x00000068   Code   RO         1410    i.DAC8830_set_Voltage  dac8830.o
    0x080034c0   0x080034c0   0x000000e8   Code   RO         2404    i.DAC_Calibrated_SetVoltage  potentiometer_calibration.o
    0x080035a8   0x080035a8   0x00000012   Code   RO         7098    i.DAC_DMAConvCpltCh1  stm32h7xx_hal_dac.o
    0x080035ba   0x080035ba   0x00000012   Code   RO         7241    i.DAC_DMAConvCpltCh2  stm32h7xx_hal_dac_ex.o
    0x080035cc   0x080035cc   0x0000001a   Code   RO         7099    i.DAC_DMAErrorCh1   stm32h7xx_hal_dac.o
    0x080035e6   0x080035e6   0x0000001a   Code   RO         7242    i.DAC_DMAErrorCh2   stm32h7xx_hal_dac_ex.o
    0x08003600   0x08003600   0x0000000e   Code   RO         7100    i.DAC_DMAHalfConvCpltCh1  stm32h7xx_hal_dac.o
    0x0800360e   0x0800360e   0x0000000e   Code   RO         7243    i.DAC_DMAHalfConvCpltCh2  stm32h7xx_hal_dac_ex.o
    0x0800361c   0x0800361c   0x000000b4   Code   RO         1089    i.DAC_Init          dac.o
    0x080036d0   0x080036d0   0x00000034   Code   RO         5314    i.DMA_CalcBaseAndBitshift  stm32h7xx_hal_dma.o
    0x08003704   0x08003704   0x00000074   Code   RO         5315    i.DMA_CalcDMAMUXChannelBaseAndMask  stm32h7xx_hal_dma.o
    0x08003778   0x08003778   0x00000054   Code   RO         5316    i.DMA_CalcDMAMUXRequestGenBaseAndMask  stm32h7xx_hal_dma.o
    0x080037cc   0x080037cc   0x000000ae   Code   RO         5317    i.DMA_CheckFifoParam  stm32h7xx_hal_dma.o
    0x0800387a   0x0800387a   0x00000002   PAD
    0x0800387c   0x0800387c   0x000000b4   Code   RO         5318    i.DMA_SetConfig     stm32h7xx_hal_dma.o
    0x08003930   0x08003930   0x00000040   Code   RO         2157    i.DS18B20_init      18b20.o
    0x08003970   0x08003970   0x00000002   Code   RO          445    i.DebugMon_Handler  stm32h7xx_it.o
    0x08003972   0x08003972   0x00000002   PAD
    0x08003974   0x08003974   0x000000a8   Code   RO         1910    i.Decoder_Select_2to4  mos_controller.o
    0x08003a1c   0x08003a1c   0x000000f4   Code   RO          587    i.EIS_FrequencySweep_Measure  eis_measure.o
    0x08003b10   0x08003b10   0x00000068   Code   RO          588    i.EIS_SingleFrequency_Measure  eis_measure.o
    0x08003b78   0x08003b78   0x00000940   Code   RO         2740    i.ExecuteCommand    parse_command.o
    0x080044b8   0x080044b8   0x00000014   Code   RO          589    i.FAN_Disable       eis_measure.o
    0x080044cc   0x080044cc   0x00000014   Code   RO          590    i.FAN_Enable        eis_measure.o
    0x080044e0   0x080044e0   0x00000054   Code   RO          591    i.FAN_Init          eis_measure.o
    0x08004534   0x08004534   0x00000010   Code   RO         1235    i.FDCAN1_IT0_IRQHandler  fdcan.o
    0x08004544   0x08004544   0x000000a8   Code   RO         1236    i.FDCAN1_Mode_Init  fdcan.o
    0x080045ec   0x080045ec   0x0000003c   Code   RO         1238    i.FDCAN1_Send_Msg   fdcan.o
    0x08004628   0x08004628   0x00000088   Code   RO         1239    i.FDCAN1_Send_String  fdcan.o
    0x080046b0   0x080046b0   0x00000258   Code   RO         8062    i.FDCAN_CalcultateRamBlockAddresses  stm32h7xx_hal_fdcan.o
    0x08004908   0x08004908   0x000000b0   Code   RO         8063    i.FDCAN_CopyMessageToRAM  stm32h7xx_hal_fdcan.o
    0x080049b8   0x080049b8   0x00000168   Code   RO         1671    i.Flash_EraseAllParamZones  config_flash.o
    0x08004b20   0x08004b20   0x00000148   Code   RO         1331    i.GPIO_AD7606_Configuration  ad7606.o
    0x08004c68   0x08004c68   0x0000009c   Code   RO         3277    i.GPIO_InitControl  ads131a04.o
    0x08004d04   0x08004d04   0x0000002a   Code   RO         1912    i.GPIO_Output_Init  mos_controller.o
    0x08004d2e   0x08004d2e   0x00000002   PAD
    0x08004d30   0x08004d30   0x00000138   Code   RO         1163    i.GenerateSineWave  sinewave.o
    0x08004e68   0x08004e68   0x00000040   Code   RO         3395    i.Get_Adc           adc.o
    0x08004ea8   0x08004ea8   0x0000002e   Code   RO         3396    i.Get_Adc_Average   adc.o
    0x08004ed6   0x08004ed6   0x00000002   PAD
    0x08004ed8   0x08004ed8   0x0000006c   Code   RO         3397    i.Get_Pack_Current  adc.o
    0x08004f44   0x08004f44   0x000000bc   Code   RO         9444    i.HAL_ADCEx_Calibration_Start  stm32h7xx_hal_adc_ex.o
    0x08005000   0x08005000   0x000006d8   Code   RO         9261    i.HAL_ADC_ConfigChannel  stm32h7xx_hal_adc.o
    0x080056d8   0x080056d8   0x00000008   Code   RO         9268    i.HAL_ADC_GetValue  stm32h7xx_hal_adc.o
    0x080056e0   0x080056e0   0x00000358   Code   RO         9270    i.HAL_ADC_Init      stm32h7xx_hal_adc.o
    0x08005a38   0x08005a38   0x00000078   Code   RO         3398    i.HAL_ADC_MspInit   adc.o
    0x08005ab0   0x08005ab0   0x000001ac   Code   RO         9274    i.HAL_ADC_PollForConversion  stm32h7xx_hal_adc.o
    0x08005c5c   0x08005c5c   0x0000015c   Code   RO         9276    i.HAL_ADC_Start     stm32h7xx_hal_adc.o
    0x08005db8   0x08005db8   0x00000002   Code   RO         7244    i.HAL_DACEx_ConvCpltCallbackCh2  stm32h7xx_hal_dac_ex.o
    0x08005dba   0x08005dba   0x00000002   Code   RO         7245    i.HAL_DACEx_ConvHalfCpltCallbackCh2  stm32h7xx_hal_dac_ex.o
    0x08005dbc   0x08005dbc   0x00000002   Code   RO         7249    i.HAL_DACEx_ErrorCallbackCh2  stm32h7xx_hal_dac_ex.o
    0x08005dbe   0x08005dbe   0x00000002   PAD
    0x08005dc0   0x08005dc0   0x0000014c   Code   RO         7101    i.HAL_DAC_ConfigChannel  stm32h7xx_hal_dac.o
    0x08005f0c   0x08005f0c   0x00000002   Code   RO         7102    i.HAL_DAC_ConvCpltCallbackCh1  stm32h7xx_hal_dac.o
    0x08005f0e   0x08005f0e   0x00000002   Code   RO         7103    i.HAL_DAC_ConvHalfCpltCallbackCh1  stm32h7xx_hal_dac.o
    0x08005f10   0x08005f10   0x00000002   Code   RO         7106    i.HAL_DAC_ErrorCallbackCh1  stm32h7xx_hal_dac.o
    0x08005f12   0x08005f12   0x00000028   Code   RO         7111    i.HAL_DAC_Init      stm32h7xx_hal_dac.o
    0x08005f3a   0x08005f3a   0x00000002   PAD
    0x08005f3c   0x08005f3c   0x00000064   Code   RO         1090    i.HAL_DAC_MspInit   dac.o
    0x08005fa0   0x08005fa0   0x0000002c   Code   RO         7114    i.HAL_DAC_SetValue  stm32h7xx_hal_dac.o
    0x08005fcc   0x08005fcc   0x0000006c   Code   RO         7115    i.HAL_DAC_Start     stm32h7xx_hal_dac.o
    0x08006038   0x08006038   0x00000120   Code   RO         7116    i.HAL_DAC_Start_DMA  stm32h7xx_hal_dac.o
    0x08006158   0x08006158   0x00000018   Code   RO         7117    i.HAL_DAC_Stop      stm32h7xx_hal_dac.o
    0x08006170   0x08006170   0x00000062   Code   RO         7118    i.HAL_DAC_Stop_DMA  stm32h7xx_hal_dac.o
    0x080061d2   0x080061d2   0x00000002   PAD
    0x080061d4   0x080061d4   0x00000148   Code   RO         5319    i.HAL_DMA_Abort     stm32h7xx_hal_dma.o
    0x0800631c   0x0800631c   0x000000f8   Code   RO         5320    i.HAL_DMA_Abort_IT  stm32h7xx_hal_dma.o
    0x08006414   0x08006414   0x00000210   Code   RO         5325    i.HAL_DMA_Init      stm32h7xx_hal_dma.o
    0x08006624   0x08006624   0x00000150   Code   RO         5329    i.HAL_DMA_Start_IT  stm32h7xx_hal_dma.o
    0x08006774   0x08006774   0x00000028   Code   RO         3466    i.HAL_Delay         stm32h7xx_hal.o
    0x0800679c   0x0800679c   0x000000ac   Code   RO         8065    i.HAL_FDCAN_ActivateNotification  stm32h7xx_hal_fdcan.o
    0x08006848   0x08006848   0x00000088   Code   RO         8067    i.HAL_FDCAN_AddMessageToTxFifoQ  stm32h7xx_hal_fdcan.o
    0x080068d0   0x080068d0   0x00000002   Code   RO         8068    i.HAL_FDCAN_ClockCalibrationCallback  stm32h7xx_hal_fdcan.o
    0x080068d2   0x080068d2   0x000000aa   Code   RO         8072    i.HAL_FDCAN_ConfigFilter  stm32h7xx_hal_fdcan.o
    0x0800697c   0x0800697c   0x00000024   Code   RO         8080    i.HAL_FDCAN_DeInit  stm32h7xx_hal_fdcan.o
    0x080069a0   0x080069a0   0x00000002   Code   RO         8090    i.HAL_FDCAN_ErrorCallback  stm32h7xx_hal_fdcan.o
    0x080069a2   0x080069a2   0x00000002   PAD
    0x080069a4   0x080069a4   0x000001c0   Code   RO         8100    i.HAL_FDCAN_GetRxMessage  stm32h7xx_hal_fdcan.o
    0x08006b64   0x08006b64   0x0000000e   Code   RO         8105    i.HAL_FDCAN_GetTxFifoFreeLevel  stm32h7xx_hal_fdcan.o
    0x08006b72   0x08006b72   0x00000002   Code   RO         8106    i.HAL_FDCAN_HighPriorityMessageCallback  stm32h7xx_hal_fdcan.o
    0x08006b74   0x08006b74   0x000005b0   Code   RO         8107    i.HAL_FDCAN_IRQHandler  stm32h7xx_hal_fdcan.o
    0x08007124   0x08007124   0x000002b0   Code   RO         8108    i.HAL_FDCAN_Init    stm32h7xx_hal_fdcan.o
    0x080073d4   0x080073d4   0x00000028   Code   RO         1240    i.HAL_FDCAN_MspDeInit  fdcan.o
    0x080073fc   0x080073fc   0x0000008c   Code   RO         1241    i.HAL_FDCAN_MspInit  fdcan.o
    0x08007488   0x08007488   0x00000002   Code   RO         8117    i.HAL_FDCAN_RxBufferNewMessageCallback  stm32h7xx_hal_fdcan.o
    0x0800748a   0x0800748a   0x00000002   PAD
    0x0800748c   0x0800748c   0x0000008c   Code   RO         1242    i.HAL_FDCAN_RxFifo0Callback  fdcan.o
    0x08007518   0x08007518   0x00000002   Code   RO         8119    i.HAL_FDCAN_RxFifo1Callback  stm32h7xx_hal_fdcan.o
    0x0800751a   0x0800751a   0x00000034   Code   RO         8120    i.HAL_FDCAN_Start   stm32h7xx_hal_fdcan.o
    0x0800754e   0x0800754e   0x00000068   Code   RO         8121    i.HAL_FDCAN_Stop    stm32h7xx_hal_fdcan.o
    0x080075b6   0x080075b6   0x00000002   Code   RO         8142    i.HAL_FDCAN_TT_GlobalTimeCallback  stm32h7xx_hal_fdcan.o
    0x080075b8   0x080075b8   0x00000002   Code   RO         8143    i.HAL_FDCAN_TT_ScheduleSyncCallback  stm32h7xx_hal_fdcan.o
    0x080075ba   0x080075ba   0x00000002   Code   RO         8148    i.HAL_FDCAN_TT_StopWatchCallback  stm32h7xx_hal_fdcan.o
    0x080075bc   0x080075bc   0x00000002   Code   RO         8149    i.HAL_FDCAN_TT_TimeMarkCallback  stm32h7xx_hal_fdcan.o
    0x080075be   0x080075be   0x00000002   Code   RO         8150    i.HAL_FDCAN_TimeoutOccurredCallback  stm32h7xx_hal_fdcan.o
    0x080075c0   0x080075c0   0x00000002   Code   RO         8151    i.HAL_FDCAN_TimestampWraparoundCallback  stm32h7xx_hal_fdcan.o
    0x080075c2   0x080075c2   0x00000002   Code   RO         8152    i.HAL_FDCAN_TxBufferAbortCallback  stm32h7xx_hal_fdcan.o
    0x080075c4   0x080075c4   0x00000002   Code   RO         8153    i.HAL_FDCAN_TxBufferCompleteCallback  stm32h7xx_hal_fdcan.o
    0x080075c6   0x080075c6   0x00000002   Code   RO         8154    i.HAL_FDCAN_TxEventFifoCallback  stm32h7xx_hal_fdcan.o
    0x080075c8   0x080075c8   0x00000002   Code   RO         8155    i.HAL_FDCAN_TxFifoEmptyCallback  stm32h7xx_hal_fdcan.o
    0x080075ca   0x080075ca   0x00000002   PAD
    0x080075cc   0x080075cc   0x0000024c   Code   RO         3925    i.HAL_GPIO_Init     stm32h7xx_hal_gpio.o
    0x08007818   0x08007818   0x00000010   Code   RO         3927    i.HAL_GPIO_ReadPin  stm32h7xx_hal_gpio.o
    0x08007828   0x08007828   0x00000008   Code   RO         3928    i.HAL_GPIO_TogglePin  stm32h7xx_hal_gpio.o
    0x08007830   0x08007830   0x0000000a   Code   RO         3929    i.HAL_GPIO_WritePin  stm32h7xx_hal_gpio.o
    0x0800783a   0x0800783a   0x00000002   PAD
    0x0800783c   0x0800783c   0x0000000c   Code   RO         3482    i.HAL_GetTick       stm32h7xx_hal.o
    0x08007848   0x08007848   0x0000000e   Code   RO         8031    i.HAL_IWDG_Refresh  stm32h7xx_hal_iwdg.o
    0x08007856   0x08007856   0x00000002   PAD
    0x08007858   0x08007858   0x00000018   Code   RO         3485    i.HAL_IncTick       stm32h7xx_hal.o
    0x08007870   0x08007870   0x0000001c   Code   RO         3486    i.HAL_Init          stm32h7xx_hal.o
    0x0800788c   0x0800788c   0x0000004c   Code   RO         3487    i.HAL_InitTick      stm32h7xx_hal.o
    0x080078d8   0x080078d8   0x0000005c   Code   RO         3775    i.HAL_MPU_ConfigRegion  stm32h7xx_hal_cortex.o
    0x08007934   0x08007934   0x0000002c   Code   RO         3776    i.HAL_MPU_Disable   stm32h7xx_hal_cortex.o
    0x08007960   0x08007960   0x00000040   Code   RO         3777    i.HAL_MPU_Enable    stm32h7xx_hal_cortex.o
    0x080079a0   0x080079a0   0x00000002   Code   RO         3489    i.HAL_MspInit       stm32h7xx_hal.o
    0x080079a2   0x080079a2   0x00000002   PAD
    0x080079a4   0x080079a4   0x00000044   Code   RO         3779    i.HAL_NVIC_DisableIRQ  stm32h7xx_hal_cortex.o
    0x080079e8   0x080079e8   0x00000020   Code   RO         3780    i.HAL_NVIC_EnableIRQ  stm32h7xx_hal_cortex.o
    0x08007a08   0x08007a08   0x0000007a   Code   RO         3786    i.HAL_NVIC_SetPriority  stm32h7xx_hal_cortex.o
    0x08007a82   0x08007a82   0x00000002   PAD
    0x08007a84   0x08007a84   0x00000028   Code   RO         3787    i.HAL_NVIC_SetPriorityGrouping  stm32h7xx_hal_cortex.o
    0x08007aac   0x08007aac   0x000000d4   Code   RO         9009    i.HAL_QSPI_AutoPolling  stm32h7xx_hal_qspi.o
    0x08007b80   0x08007b80   0x000000a6   Code   RO         9012    i.HAL_QSPI_Command  stm32h7xx_hal_qspi.o
    0x08007c26   0x08007c26   0x00000046   Code   RO         9014    i.HAL_QSPI_DeInit   stm32h7xx_hal_qspi.o
    0x08007c6c   0x08007c6c   0x000000fc   Code   RO         9021    i.HAL_QSPI_Init     stm32h7xx_hal_qspi.o
    0x08007d68   0x08007d68   0x00000002   Code   RO         9023    i.HAL_QSPI_MspDeInit  stm32h7xx_hal_qspi.o
    0x08007d6a   0x08007d6a   0x00000002   PAD
    0x08007d6c   0x08007d6c   0x00000030   Code   RO         2294    i.HAL_QSPI_MspInit  qspi.o
    0x08007d9c   0x08007d9c   0x000000e2   Code   RO         9025    i.HAL_QSPI_Receive  stm32h7xx_hal_qspi.o
    0x08007e7e   0x08007e7e   0x00000004   Code   RO         9031    i.HAL_QSPI_SetTimeout  stm32h7xx_hal_qspi.o
    0x08007e82   0x08007e82   0x000000d2   Code   RO         9034    i.HAL_QSPI_Transmit  stm32h7xx_hal_qspi.o
    0x08007f54   0x08007f54   0x00000038   Code   RO         4100    i.HAL_RCCEx_GetD1SysClockFreq  stm32h7xx_hal_rcc_ex.o
    0x08007f8c   0x08007f8c   0x0000002c   Code   RO         4101    i.HAL_RCCEx_GetD3PCLK1Freq  stm32h7xx_hal_rcc_ex.o
    0x08007fb8   0x08007fb8   0x0000022c   Code   RO         4103    i.HAL_RCCEx_GetPLL2ClockFreq  stm32h7xx_hal_rcc_ex.o
    0x080081e4   0x080081e4   0x0000022c   Code   RO         4104    i.HAL_RCCEx_GetPLL3ClockFreq  stm32h7xx_hal_rcc_ex.o
    0x08008410   0x08008410   0x00000b38   Code   RO         4108    i.HAL_RCCEx_PeriphCLKConfig  stm32h7xx_hal_rcc_ex.o
    0x08008f48   0x08008f48   0x00000250   Code   RO         3991    i.HAL_RCC_ClockConfig  stm32h7xx_hal_rcc.o
    0x08009198   0x08009198   0x00000038   Code   RO         3995    i.HAL_RCC_GetHCLKFreq  stm32h7xx_hal_rcc.o
    0x080091d0   0x080091d0   0x0000002c   Code   RO         3997    i.HAL_RCC_GetPCLK1Freq  stm32h7xx_hal_rcc.o
    0x080091fc   0x080091fc   0x0000002c   Code   RO         3998    i.HAL_RCC_GetPCLK2Freq  stm32h7xx_hal_rcc.o
    0x08009228   0x08009228   0x00000244   Code   RO         3999    i.HAL_RCC_GetSysClockFreq  stm32h7xx_hal_rcc.o
    0x0800946c   0x0800946c   0x000006c4   Code   RO         4002    i.HAL_RCC_OscConfig  stm32h7xx_hal_rcc.o
    0x08009b30   0x08009b30   0x00000264   Code   RO         8655    i.HAL_SPI_Init      stm32h7xx_hal_spi.o
    0x08009d94   0x08009d94   0x00000108   Code   RO         1474    i.HAL_SPI_MspInit   spi.o
    0x08009e9c   0x08009e9c   0x000002b6   Code   RO         8663    i.HAL_SPI_Transmit  stm32h7xx_hal_spi.o
    0x0800a152   0x0800a152   0x000003dc   Code   RO         8664    i.HAL_SPI_TransmitReceive  stm32h7xx_hal_spi.o
    0x0800a52e   0x0800a52e   0x00000002   PAD
    0x0800a530   0x0800a530   0x0000003c   Code   RO         3501    i.HAL_SYSCFG_EnableVREFBUF  stm32h7xx_hal.o
    0x0800a56c   0x0800a56c   0x00000014   Code   RO         3502    i.HAL_SYSCFG_VREFBUF_HighImpedanceConfig  stm32h7xx_hal.o
    0x0800a580   0x0800a580   0x00000014   Code   RO         3504    i.HAL_SYSCFG_VREFBUF_VoltageScalingConfig  stm32h7xx_hal.o
    0x0800a594   0x0800a594   0x00000028   Code   RO         3789    i.HAL_SYSTICK_CLKSourceConfig  stm32h7xx_hal_cortex.o
    0x0800a5bc   0x0800a5bc   0x00000034   Code   RO         3791    i.HAL_SYSTICK_Config  stm32h7xx_hal_cortex.o
    0x0800a5f0   0x0800a5f0   0x0000006c   Code   RO         6562    i.HAL_TIMEx_MasterConfigSynchronization  stm32h7xx_hal_tim_ex.o
    0x0800a65c   0x0800a65c   0x00000034   Code   RO         5888    i.HAL_TIM_Base_Init  stm32h7xx_hal_tim.o
    0x0800a690   0x0800a690   0x00000058   Code   RO         1043    i.HAL_TIM_Base_MspInit  timer.o
    0x0800a6e8   0x0800a6e8   0x0000001e   Code   RO         5891    i.HAL_TIM_Base_Start  stm32h7xx_hal_tim.o
    0x0800a706   0x0800a706   0x0000001e   Code   RO         5893    i.HAL_TIM_Base_Start_IT  stm32h7xx_hal_tim.o
    0x0800a724   0x0800a724   0x00000038   Code   RO         5894    i.HAL_TIM_Base_Stop  stm32h7xx_hal_tim.o
    0x0800a75c   0x0800a75c   0x00000038   Code   RO         5896    i.HAL_TIM_Base_Stop_IT  stm32h7xx_hal_tim.o
    0x0800a794   0x0800a794   0x00000002   Code   RO         4990    i.HAL_UARTEx_WakeupCallback  stm32h7xx_hal_uart_ex.o
    0x0800a796   0x0800a796   0x00000002   Code   RO         4654    i.HAL_UART_ErrorCallback  stm32h7xx_hal_uart.o
    0x0800a798   0x0800a798   0x00000014   Code   RO         4656    i.HAL_UART_GetState  stm32h7xx_hal_uart.o
    0x0800a7ac   0x0800a7ac   0x000001bc   Code   RO         4657    i.HAL_UART_IRQHandler  stm32h7xx_hal_uart.o
    0x0800a968   0x0800a968   0x00000078   Code   RO         4658    i.HAL_UART_Init     stm32h7xx_hal_uart.o
    0x0800a9e0   0x0800a9e0   0x000000b0   Code   RO          908    i.HAL_UART_MspInit  usart.o
    0x0800aa90   0x0800aa90   0x000000e0   Code   RO         4663    i.HAL_UART_Receive_IT  stm32h7xx_hal_uart.o
    0x0800ab70   0x0800ab70   0x00000324   Code   RO          909    i.HAL_UART_RxCpltCallback  usart.o
    0x0800ae94   0x0800ae94   0x00000002   Code   RO         4669    i.HAL_UART_TxCpltCallback  stm32h7xx_hal_uart.o
    0x0800ae96   0x0800ae96   0x00000004   Code   RO          446    i.HardFault_Handler  stm32h7xx_it.o
    0x0800ae9a   0x0800ae9a   0x00000002   PAD
    0x0800ae9c   0x0800ae9c   0x000001d4   Code   RO         2906    i.IdFlash_Dump      identity_flash.o
    0x0800b070   0x0800b070   0x000000a4   Code   RO         2907    i.IdFlash_LoadAtStartup  identity_flash.o
    0x0800b114   0x0800b114   0x00000044   Code   RO         2909    i.IdFlash_ResetToDefaultAndSave  identity_flash.o
    0x0800b158   0x0800b158   0x0000008c   Code   RO         2916    i.IdFlash_Write     identity_flash.o
    0x0800b1e4   0x0800b1e4   0x00000010   Code   RO          863    i.KEY_Init          key.o
    0x0800b1f4   0x0800b1f4   0x0000000c   Code   RO          743    i.LED_All_Off       led.o
    0x0800b200   0x0800b200   0x00000014   Code   RO          746    i.LED_Green_Off     led.o
    0x0800b214   0x0800b214   0x00000014   Code   RO          747    i.LED_Green_On      led.o
    0x0800b228   0x0800b228   0x00000050   Code   RO          749    i.LED_Init          led.o
    0x0800b278   0x0800b278   0x00000014   Code   RO          750    i.LED_Red_Off       led.o
    0x0800b28c   0x0800b28c   0x00000014   Code   RO          751    i.LED_Red_On        led.o
    0x0800b2a0   0x0800b2a0   0x00000010   Code   RO          752    i.LED_Red_Toggle    led.o
    0x0800b2b0   0x0800b2b0   0x00000032   Code   RO          986    i.MPU_Memory_Protection  system.o
    0x0800b2e2   0x0800b2e2   0x0000005a   Code   RO          987    i.MPU_Set_Protection  system.o
    0x0800b33c   0x0800b33c   0x00000044   Code   RO         1475    i.MX_SPI1_Init      spi.o
    0x0800b380   0x0800b380   0x0000005c   Code   RO         1476    i.MX_SPI6_Init      spi.o
    0x0800b3dc   0x0800b3dc   0x00000058   Code   RO         3399    i.MY_ADC_Init       adc.o
    0x0800b434   0x0800b434   0x00000064   Code   RO         1091    i.MY_VREFBUF_Init   dac.o
    0x0800b498   0x0800b498   0x00000038   Code   RO         1913    i.Map_B_to_S        mos_controller.o
    0x0800b4d0   0x0800b4d0   0x00000004   Code   RO          447    i.MemManage_Handler  stm32h7xx_it.o
    0x0800b4d4   0x0800b4d4   0x00000002   Code   RO          448    i.NMI_Handler       stm32h7xx_it.o
    0x0800b4d6   0x0800b4d6   0x00000002   PAD
    0x0800b4d8   0x0800b4d8   0x00000054   Code   RO         3400    i.PA1_Set_GND       adc.o
    0x0800b52c   0x0800b52c   0x00000048   Code   RO         3401    i.PA1_Set_HighZ     adc.o
    0x0800b574   0x0800b574   0x00000690   Code   RO         2741    i.ParseReceivedData  parse_command.o
    0x0800bc04   0x0800bc04   0x00000002   Code   RO          449    i.PendSV_Handler    stm32h7xx_it.o
    0x0800bc06   0x0800bc06   0x00000002   PAD
    0x0800bc08   0x0800bc08   0x00000074   Code   RO         2406    i.PotentiometerCalibration_Init  potentiometer_calibration.o
    0x0800bc7c   0x0800bc7c   0x0000012c   Code   RO         2407    i.PotentiometerCalibration_ValidateCalibration  potentiometer_calibration.o
    0x0800bda8   0x0800bda8   0x00000014   Code   RO          592    i.Power5200_Disable  eis_measure.o
    0x0800bdbc   0x0800bdbc   0x00000014   Code   RO          593    i.Power5200_Enable  eis_measure.o
    0x0800bdd0   0x0800bdd0   0x00000054   Code   RO          594    i.Power5200_Init    eis_measure.o
    0x0800be24   0x0800be24   0x000000bc   Code   RO         2408    i.PrintVoltageWithAutoUnit  potentiometer_calibration.o
    0x0800bee0   0x0800bee0   0x00000190   Code   RO         2657    i.ProcessCurrentMeasurement  current_excitation_calibrator.o
    0x0800c070   0x0800c070   0x0000024a   Code   RO         9039    i.QSPI_Config       stm32h7xx_hal_qspi.o
    0x0800c2ba   0x0800c2ba   0x00000002   PAD
    0x0800c2bc   0x0800c2bc   0x000000d0   Code   RO         2295    i.QSPI_GPIO_Init    qspi.o
    0x0800c38c   0x0800c38c   0x00000060   Code   RO         2296    i.QSPI_Init         qspi.o
    0x0800c3ec   0x0800c3ec   0x0000004c   Code   RO         9044    i.QSPI_WaitFlagStateUntilTimeout  stm32h7xx_hal_qspi.o
    0x0800c438   0x0800c438   0x00000130   Code   RO         4111    i.RCCEx_PLL2_Config  stm32h7xx_hal_rcc_ex.o
    0x0800c568   0x0800c568   0x00000130   Code   RO         4112    i.RCCEx_PLL3_Config  stm32h7xx_hal_rcc_ex.o
    0x0800c698   0x0800c698   0x00000054   Code   RO          597    i.RELAY_Init        eis_measure.o
    0x0800c6ec   0x0800c6ec   0x00000010   Code   RO          598    i.RawToSignedCode   eis_measure.o
    0x0800c6fc   0x0800c6fc   0x00000030   Code   RO          599    i.Reset_ADCRateStepCompensation  eis_measure.o
    0x0800c72c   0x0800c72c   0x00000054   Code   RO         1093    i.Restart_DAC_Wave  dac.o
    0x0800c780   0x0800c780   0x0000007c   Code   RO         2409    i.Run_Complete_Calibration_Test  potentiometer_calibration.o
    0x0800c7fc   0x0800c7fc   0x0000001c   Code   RO         3026    i.RuntimeFlash_AddRunHours  runtime_flash.o
    0x0800c818   0x0800c818   0x00000184   Code   RO         3027    i.RuntimeFlash_Dump  runtime_flash.o
    0x0800c99c   0x0800c99c   0x000000b0   Code   RO         3028    i.RuntimeFlash_LoadAtStartup  runtime_flash.o
    0x0800ca4c   0x0800ca4c   0x00000014   Code   RO         3029    i.RuntimeFlash_OnBoot  runtime_flash.o
    0x0800ca60   0x0800ca60   0x00000014   Code   RO         3030    i.RuntimeFlash_OnEisFinished  runtime_flash.o
    0x0800ca74   0x0800ca74   0x00000048   Code   RO         3032    i.RuntimeFlash_ResetToDefaultAndSave  runtime_flash.o
    0x0800cabc   0x0800cabc   0x0000003c   Code   RO         3033    i.RuntimeFlash_SaveIfDirty  runtime_flash.o
    0x0800caf8   0x0800caf8   0x00000094   Code   RO         3035    i.RuntimeFlash_Write  runtime_flash.o
    0x0800cb8c   0x0800cb8c   0x00000018   Code   RO         3036    i.Runtime_BackgroundTask  runtime_flash.o
    0x0800cba4   0x0800cba4   0x00000030   Code   RO         3037    i.Runtime_On1sTick  runtime_flash.o
    0x0800cbd4   0x0800cbd4   0x0000009c   Code   RO          988    i.SCB_EnableDCache  system.o
    0x0800cc70   0x0800cc70   0x0000007c   Code   RO          989    i.SCB_EnableICache  system.o
    0x0800ccec   0x0800ccec   0x00000020   Code   RO         1477    i.SPI1_ReadWriteByte  spi.o
    0x0800cd0c   0x0800cd0c   0x000000fc   Code   RO         8680    i.SPI_CloseTransfer  stm32h7xx_hal_spi.o
    0x0800ce08   0x0800ce08   0x0000001a   Code   RO         8691    i.SPI_GetPacketSize  stm32h7xx_hal_spi.o
    0x0800ce22   0x0800ce22   0x00000002   PAD
    0x0800ce24   0x0800ce24   0x00000064   Code   RO         1479    i.SPI_Init          spi.o
    0x0800ce88   0x0800ce88   0x00000040   Code   RO         8698    i.SPI_WaitOnFlagUntilTimeout  stm32h7xx_hal_spi.o
    0x0800cec8   0x0800cec8   0x00000002   Code   RO          450    i.SVC_Handler       stm32h7xx_it.o
    0x0800ceca   0x0800ceca   0x00000002   PAD
    0x0800cecc   0x0800cecc   0x00000014   Code   RO         1918    i.S_All_Disable     mos_controller.o
    0x0800cee0   0x0800cee0   0x00000014   Code   RO         1919    i.S_All_Enable      mos_controller.o
    0x0800cef4   0x0800cef4   0x00000068   Code   RO         1920    i.S_Latch           mos_controller.o
    0x0800cf5c   0x0800cf5c   0x0000003c   Code   RO         1921    i.S_SetAddrBus      mos_controller.o
    0x0800cf98   0x0800cf98   0x0000015c   Code   RO          600    i.Send_EIS_Result   eis_measure.o
    0x0800d0f4   0x0800d0f4   0x00000034   Code   RO         1243    i.Send_Line         fdcan.o
    0x0800d128   0x0800d128   0x00000020   Code   RO          601    i.SignedCodeToVoltage  eis_measure.o
    0x0800d148   0x0800d148   0x000000f0   Code   RO         2658    i.StartCalibration  current_excitation_calibrator.o
    0x0800d238   0x0800d238   0x0000023c   Code   RO         1924    i.SwitchMatrix_Init  mos_controller.o
    0x0800d474   0x0800d474   0x000001cc   Code   RO         1925    i.SwitchWindow_Program  mos_controller.o
    0x0800d640   0x0800d640   0x00000008   Code   RO          451    i.SysTick_Handler   stm32h7xx_it.o
    0x0800d648   0x0800d648   0x00000014   Code   RO          823    i.SysTick_clkconfig  delay.o
    0x0800d65c   0x0800d65c   0x000000c4   Code   RO          990    i.SystemClock_Config  system.o
    0x0800d720   0x0800d720   0x00000094   Code   RO          549    i.SystemInit        system_stm32h7xx.o
    0x0800d7b4   0x0800d7b4   0x00000054   Code   RO         2158    i.TEM_delay_us      18b20.o
    0x0800d808   0x0800d808   0x00000070   Code   RO          452    i.TIM6_DAC_IRQHandler  stm32h7xx_it.o
    0x0800d878   0x0800d878   0x00000054   Code   RO         1044    i.TIM6_Init         timer.o
    0x0800d8cc   0x0800d8cc   0x00000030   Code   RO          453    i.TIM7_IRQHandler   stm32h7xx_it.o
    0x0800d8fc   0x0800d8fc   0x0000003c   Code   RO         1045    i.TIM7_Init         timer.o
    0x0800d938   0x0800d938   0x000000cc   Code   RO         5972    i.TIM_Base_SetConfig  stm32h7xx_hal_tim.o
    0x0800da04   0x0800da04   0x00000036   Code   RO         2659    i.TrimCommand       current_excitation_calibrator.o
    0x0800da3a   0x0800da3a   0x000000ea   Code   RO         4671    i.UART_AdvFeatureConfig  stm32h7xx_hal_uart.o
    0x0800db24   0x0800db24   0x00000074   Code   RO         4672    i.UART_CheckIdleState  stm32h7xx_hal_uart.o
    0x0800db98   0x0800db98   0x00000018   Code   RO         4673    i.UART_DMAAbortOnError  stm32h7xx_hal_uart.o
    0x0800dbb0   0x0800dbb0   0x00000020   Code   RO         4683    i.UART_EndRxTransfer  stm32h7xx_hal_uart.o
    0x0800dbd0   0x0800dbd0   0x00000020   Code   RO         4684    i.UART_EndTransmit_IT  stm32h7xx_hal_uart.o
    0x0800dbf0   0x0800dbf0   0x0000008a   Code   RO         4686    i.UART_Receive_IT   stm32h7xx_hal_uart.o
    0x0800dc7a   0x0800dc7a   0x00000002   PAD
    0x0800dc7c   0x0800dc7c   0x000009a4   Code   RO         4687    i.UART_SetConfig    stm32h7xx_hal_uart.o
    0x0800e620   0x0800e620   0x00000082   Code   RO         4688    i.UART_Transmit_IT  stm32h7xx_hal_uart.o
    0x0800e6a2   0x0800e6a2   0x0000006c   Code   RO         4689    i.UART_WaitOnFlagUntilTimeout  stm32h7xx_hal_uart.o
    0x0800e70e   0x0800e70e   0x00000002   PAD
    0x0800e710   0x0800e710   0x00000050   Code   RO          910    i.USART1_IRQHandler  usart.o
    0x0800e760   0x0800e760   0x00000004   Code   RO          454    i.UsageFault_Handler  stm32h7xx_it.o
    0x0800e764   0x0800e764   0x00000198   Code   RO         2410    i.Validate_AllChannels_Reading  potentiometer_calibration.o
    0x0800e8fc   0x0800e8fc   0x000007c8   Code   RO         2411    i.Validate_CH2_AD620_Gain  potentiometer_calibration.o
    0x0800f0c4   0x0800f0c4   0x00000164   Code   RO         2412    i.Validate_CH3_DAC_Output  potentiometer_calibration.o
    0x0800f228   0x0800f228   0x00000090   Code   RO         1795    i.W25QXX_Init       w25qxx.o
    0x0800f2b8   0x0800f2b8   0x0000004c   Code   RO         1798    i.W25QXX_ReadID     w25qxx.o
    0x0800f304   0x0800f304   0x00000054   Code   RO         1799    i.W25QXX_ReadSR     w25qxx.o
    0x0800f358   0x0800f358   0x00000010   Code   RO         1198    i.Watchdog_Refresh  watchdog.o
    0x0800f368   0x0800f368   0x00000080   Code   RO         1927    i.X_Set_ByStep      mos_controller.o
    0x0800f3e8   0x0800f3e8   0x00000020   Code   RO        10070    i.__0printf         mc_w.l(printfa.o)
    0x0800f408   0x0800f408   0x00000034   Code   RO        10071    i.__0snprintf       mc_w.l(printfa.o)
    0x0800f43c   0x0800f43c   0x00000034   Code   RO        10075    i.__0vsnprintf      mc_w.l(printfa.o)
    0x0800f470   0x0800f470   0x00000030   Code   RO        10173    i.__ARM_fpclassify  m_wv.l(fpclassify.o)
    0x0800f4a0   0x0800f4a0   0x00000026   Code   RO        10175    i.__ARM_fpclassifyf  m_wv.l(fpclassifyf.o)
    0x0800f4c6   0x0800f4c6   0x00000002   PAD
    0x0800f4c8   0x0800f4c8   0x00000010   Code   RO         3793    i.__NVIC_GetPriorityGrouping  stm32h7xx_hal_cortex.o
    0x0800f4d8   0x0800f4d8   0x00000028   Code   RO         3794    i.__NVIC_SetPriority  stm32h7xx_hal_cortex.o
    0x0800f500   0x0800f500   0x00000008   Code   RO        10246    i.__aeabi_errno_addr  mc_w.l(errno.o)
    0x0800f508   0x0800f508   0x000002b4   Code   RO         9652    i.__hardfp_atan2f   m_wv.l(atan2f.o)
    0x0800f7bc   0x0800f7bc   0x00000150   Code   RO         9676    i.__hardfp_cosf     m_wv.l(cosf.o)
    0x0800f90c   0x0800f90c   0x00000048   Code   RO         9768    i.__hardfp_fmaxf    m_wv.l(fmaxf.o)
    0x0800f954   0x0800f954   0x00000048   Code   RO         9772    i.__hardfp_fminf    m_wv.l(fminf.o)
    0x0800f99c   0x0800f99c   0x00000004   PAD
    0x0800f9a0   0x0800f9a0   0x0000023c   Code   RO        10191    i.__hardfp_log      m_wv.l(log.o)
    0x0800fbdc   0x0800fbdc   0x00000004   PAD
    0x0800fbe0   0x0800fbe0   0x00000100   Code   RO         9688    i.__hardfp_log10    m_wv.l(log10.o)
    0x0800fce0   0x0800fce0   0x000008f8   Code   RO         9700    i.__hardfp_pow      m_wv.l(pow.o)
    0x080105d8   0x080105d8   0x000000a0   Code   RO         9776    i.__hardfp_roundf   m_wv.l(roundf.o)
    0x08010678   0x08010678   0x00000194   Code   RO         9726    i.__hardfp_sinf     m_wv.l(sinf.o)
    0x0801080c   0x0801080c   0x0000003a   Code   RO         9750    i.__hardfp_sqrtf    m_wv.l(sqrtf.o)
    0x08010846   0x08010846   0x00000002   PAD
    0x08010848   0x08010848   0x00000028   Code   RO         9762    i.__hardfp_strtod   m_wv.l(strtod.o)
    0x08010870   0x08010870   0x00000070   Code   RO        10205    i.__kernel_poly     m_wv.l(poly.o)
    0x080108e0   0x080108e0   0x00000020   Code   RO        10153    i.__mathlib_dbl_divzero  m_wv.l(dunder.o)
    0x08010900   0x08010900   0x00000006   Code   RO        10154    i.__mathlib_dbl_infnan  m_wv.l(dunder.o)
    0x08010906   0x08010906   0x00000006   Code   RO        10155    i.__mathlib_dbl_infnan2  m_wv.l(dunder.o)
    0x0801090c   0x0801090c   0x00000004   PAD
    0x08010910   0x08010910   0x00000018   Code   RO        10156    i.__mathlib_dbl_invalid  m_wv.l(dunder.o)
    0x08010928   0x08010928   0x00000018   Code   RO        10157    i.__mathlib_dbl_overflow  m_wv.l(dunder.o)
    0x08010940   0x08010940   0x00000018   Code   RO        10159    i.__mathlib_dbl_underflow  m_wv.l(dunder.o)
    0x08010958   0x08010958   0x00000006   Code   RO        10178    i.__mathlib_flt_infnan  m_wv.l(funder.o)
    0x0801095e   0x0801095e   0x00000006   Code   RO        10179    i.__mathlib_flt_infnan2  m_wv.l(funder.o)
    0x08010964   0x08010964   0x00000010   Code   RO        10180    i.__mathlib_flt_invalid  m_wv.l(funder.o)
    0x08010974   0x08010974   0x00000010   Code   RO        10183    i.__mathlib_flt_underflow  m_wv.l(funder.o)
    0x08010984   0x08010984   0x00000154   Code   RO        10213    i.__mathlib_rredf2  m_wv.l(rredf.o)
    0x08010ad8   0x08010ad8   0x0000000e   Code   RO        10299    i.__scatterload_copy  mc_w.l(handlers.o)
    0x08010ae6   0x08010ae6   0x00000002   Code   RO        10300    i.__scatterload_null  mc_w.l(handlers.o)
    0x08010ae8   0x08010ae8   0x0000000e   Code   RO        10301    i.__scatterload_zeroinit  mc_w.l(handlers.o)
    0x08010af6   0x08010af6   0x00000002   PAD
    0x08010af8   0x08010af8   0x0000000c   Code   RO        10248    i.__set_errno       mc_w.l(errno.o)
    0x08010b04   0x08010b04   0x00000184   Code   RO        10077    i._fp_digits        mc_w.l(printfa.o)
    0x08010c88   0x08010c88   0x0000000e   Code   RO        10130    i._is_digit         mc_w.l(scanf_fp.o)
    0x08010c96   0x08010c96   0x00000002   PAD
    0x08010c98   0x08010c98   0x000006b4   Code   RO        10078    i._printf_core      mc_w.l(printfa.o)
    0x0801134c   0x0801134c   0x00000024   Code   RO        10079    i._printf_post_padding  mc_w.l(printfa.o)
    0x08011370   0x08011370   0x0000002e   Code   RO        10080    i._printf_pre_padding  mc_w.l(printfa.o)
    0x0801139e   0x0801139e   0x00000016   Code   RO        10081    i._snputc           mc_w.l(printfa.o)
    0x080113b4   0x080113b4   0x000000e0   Code   RO         1672    i.apply_to_globals  config_flash.o
    0x08011494   0x08011494   0x000000d4   Code   RO         1540    i.auto_adjust_param  digital_lock_in.o
    0x08011568   0x08011568   0x0000003c   Code   RO         3156    i.calib_fixup_and_crc  calib_flash.o
    0x080115a4   0x080115a4   0x00000040   Code   RO         3157    i.calib_is_valid    calib_flash.o
    0x080115e4   0x080115e4   0x00000024   Code   RO         3158    i.calib_set_all_zero  calib_flash.o
    0x08011608   0x08011608   0x00000044   Code   RO         1673    i.cfg_is_valid      config_flash.o
    0x0801164c   0x0801164c   0x00000044   Code   RO         1674    i.cfg_qspi_erase_sector_slow  config_flash.o
    0x08011690   0x08011690   0x00000078   Code   RO         1675    i.cfg_qspi_page_program_slow  config_flash.o
    0x08011708   0x08011708   0x00000058   Code   RO         1676    i.cfg_qspi_read_slow  config_flash.o
    0x08011760   0x08011760   0x00000014   Code   RO         1677    i.cfg_qspi_reinit   config_flash.o
    0x08011774   0x08011774   0x00000030   Code   RO         1678    i.cfg_qspi_wren     config_flash.o
    0x080117a4   0x080117a4   0x00000018   Code   RO          824    i.delay_ms          delay.o
    0x080117bc   0x080117bc   0x00000048   Code   RO          825    i.delay_us          delay.o
    0x08011804   0x08011804   0x000000f4   Code   RO         1541    i.design_fir_filter  digital_lock_in.o
    0x080118f8   0x080118f8   0x00000026   Code   RO         1543    i.digital_lock_in_deinit  digital_lock_in.o
    0x0801191e   0x0801191e   0x00000002   PAD
    0x08011920   0x08011920   0x0000002c   Code   RO         1544    i.digital_lock_in_get_config  digital_lock_in.o
    0x0801194c   0x0801194c   0x000000bc   Code   RO         1547    i.digital_lock_in_init_inst  digital_lock_in.o
    0x08011a08   0x08011a08   0x00000054   Code   RO         2159    i.ds18b20_check     18b20.o
    0x08011a5c   0x08011a5c   0x0000008e   Code   RO         2160    i.ds18b20_get_temperature  18b20.o
    0x08011aea   0x08011aea   0x00000020   Code   RO         2161    i.ds18b20_get_temperature_float  18b20.o
    0x08011b0a   0x08011b0a   0x00000002   PAD
    0x08011b0c   0x08011b0c   0x00000068   Code   RO         2162    i.ds18b20_init      18b20.o
    0x08011b74   0x08011b74   0x00000048   Code   RO         2163    i.ds18b20_read_bit  18b20.o
    0x08011bbc   0x08011bbc   0x00000022   Code   RO         2164    i.ds18b20_read_byte  18b20.o
    0x08011bde   0x08011bde   0x00000002   PAD
    0x08011be0   0x08011be0   0x00000034   Code   RO         2165    i.ds18b20_reset     18b20.o
    0x08011c14   0x08011c14   0x00000018   Code   RO         2166    i.ds18b20_start     18b20.o
    0x08011c2c   0x08011c2c   0x00000070   Code   RO         2167    i.ds18b20_write_byte  18b20.o
    0x08011c9c   0x08011c9c   0x0000000c   Code   RO         2036    i.enter_critical    norflash.o
    0x08011ca8   0x08011ca8   0x00000006   Code   RO         2037    i.exit_critical     norflash.o
    0x08011cae   0x08011cae   0x00000018   Code   RO        10169    i.fabs              m_wv.l(fabs.o)
    0x08011cc6   0x08011cc6   0x0000001e   Code   RO         1548    i.fir_filter_deinit  digital_lock_in.o
    0x08011ce4   0x08011ce4   0x00000034   Code   RO         1549    i.fir_filter_init   digital_lock_in.o
    0x08011d18   0x08011d18   0x00000084   Code   RO         1550    i.fir_filter_process  digital_lock_in.o
    0x08011d9c   0x08011d9c   0x0000001c   Code   RO          912    i.fputc             usart.o
    0x08011db8   0x08011db8   0x00000050   Code   RO        10098    i.free              mc_w.l(malloc.o)
    0x08011e08   0x08011e08   0x0000006a   Code   RO         1164    i.generate_frequency_points  sinewave.o
    0x08011e72   0x08011e72   0x00000002   PAD
    0x08011e74   0x08011e74   0x0000033c   Code   RO         2742    i.getCommandEnum    parse_command.o
    0x080121b0   0x080121b0   0x00000098   Code   RO         2918    i.id_default_init   identity_flash.o
    0x08012248   0x08012248   0x00000024   Code   RO         2919    i.id_fixup_and_crc  identity_flash.o
    0x0801226c   0x0801226c   0x00000040   Code   RO         2920    i.id_is_valid       identity_flash.o
    0x080122ac   0x080122ac   0x00000002   Code   RO         1679    i.load_defaults_to_globals  config_flash.o
    0x080122ae   0x080122ae   0x00000010   Code   RO        10193    i.log               m_wv.l(log.o)
    0x080122be   0x080122be   0x00000002   PAD
    0x080122c0   0x080122c0   0x00000570   Code   RO            4    i.main              main.o
    0x08012830   0x08012830   0x0000006c   Code   RO        10099    i.malloc            mc_w.l(malloc.o)
    0x0801289c   0x0801289c   0x00000178   Code   RO         1551    i.multifrequency_process  digital_lock_in.o
    0x08012a14   0x08012a14   0x000000c8   Code   RO         2039    i.norflash_erase_sector  norflash.o
    0x08012adc   0x08012adc   0x0000000c   Code   RO         2238    i.norflash_ex_erase_sector  norflash_ex.o
    0x08012ae8   0x08012ae8   0x00000014   Code   RO         2239    i.norflash_ex_read  norflash_ex.o
    0x08012afc   0x08012afc   0x00000008   Code   RO         2240    i.norflash_ex_read_id  norflash_ex.o
    0x08012b04   0x08012b04   0x00000034   Code   RO         2241    i.norflash_ex_write  norflash_ex.o
    0x08012b38   0x08012b38   0x0000000c   Code   RO         2040    i.norflash_get_addr_size  norflash.o
    0x08012b44   0x08012b44   0x0000005c   Code   RO         2041    i.norflash_init     norflash.o
    0x08012ba0   0x08012ba0   0x0000008c   Code   RO         2042    i.norflash_page_program  norflash.o
    0x08012c2c   0x08012c2c   0x0000005c   Code   RO         2043    i.norflash_read     norflash.o
    0x08012c88   0x08012c88   0x0000005c   Code   RO         2044    i.norflash_read_id  norflash.o
    0x08012ce4   0x08012ce4   0x00000054   Code   RO         2045    i.norflash_read_sr  norflash.o
    0x08012d38   0x08012d38   0x00000080   Code   RO         2047    i.norflash_wait_wip_clear  norflash.o
    0x08012db8   0x08012db8   0x0000000a   Code   RO         2049    i.norflash_write_enable  norflash.o
    0x08012dc2   0x08012dc2   0x00000002   PAD
    0x08012dc4   0x08012dc4   0x0000004c   Code   RO         2050    i.norflash_write_sr  norflash.o
    0x08012e10   0x08012e10   0x000000f4   Code   RO         1680    i.pack_globals      config_flash.o
    0x08012f04   0x08012f04   0x0000005c   Code   RO         1552    i.preprocess_signal  digital_lock_in.o
    0x08012f60   0x08012f60   0x00000038   Code   RO         1553    i.process_current   digital_lock_in.o
    0x08012f98   0x08012f98   0x00000038   Code   RO         1554    i.process_voltage   digital_lock_in.o
    0x08012fd0   0x08012fd0   0x00000040   Code   RO         2921    i.qg_crc32          identity_flash.o
    0x08013010   0x08013010   0x00000040   Code   RO         3038    i.qg_crc32          runtime_flash.o
    0x08013050   0x08013050   0x00000040   Code   RO         3159    i.qg_crc32          calib_flash.o
    0x08013090   0x08013090   0x00000030   Code   RO         2051    i.qspi_cmd_simple   norflash.o
    0x080130c0   0x080130c0   0x00000008   Code   RO         2832    i.read_ambient_temperature  sys_protection.o
    0x080130c8   0x080130c8   0x0000004c   Code   RO         3039    i.rt_default_init   runtime_flash.o
    0x08013114   0x08013114   0x00000024   Code   RO         3040    i.rt_fixup_and_crc  runtime_flash.o
    0x08013138   0x08013138   0x00000040   Code   RO         3041    i.rt_is_valid       runtime_flash.o
    0x08013178   0x08013178   0x00000278   Code   RO         1555    i.run_lockin_core   digital_lock_in.o
    0x080133f0   0x080133f0   0x00000140   Code   RO          603    i.set_excitation_current  eis_measure.o
    0x08013530   0x08013530   0x00000040   Code   RO         1681    i.simple_crc32      config_flash.o
    0x08013570   0x08013570   0x00000764   Code   RO          604    i.single_measure    eis_measure.o
    0x08013cd4   0x08013cd4   0x0000006a   Code   RO         9740    i.sqrt              m_wv.l(sqrt.o)
    0x08013d3e   0x08013d3e   0x00000002   PAD
    0x08013d40   0x08013d40   0x00000050   Code   RO          605    i.sweep_measure     eis_measure.o
    0x08013d90   0x08013d90   0x00000064   Code   RO         2743    i.trim              parse_command.o
    0x08013df4   0x08013df4   0x00000038   Code   RO          913    i.uart_init         usart.o
    0x08013e2c   0x08013e2c   0x00000014   Code   RO         2744    i.volatile_memset   parse_command.o
    0x08013e40   0x08013e40   0x00000020   Code   RO         2746    i.volatile_strncpy  parse_command.o
    0x08013e60   0x08013e60   0x0000007c   Code   RO         2747    i.volatile_trim     parse_command.o
    0x08013edc   0x08013edc   0x00000040   Data   RO          550    .constdata          system_stm32h7xx.o
    0x08013f1c   0x08013f1c   0x00000034   Data   RO          866    .constdata          key.o
    0x08013f50   0x08013f50   0x00000054   Data   RO         1245    .constdata          fdcan.o
    0x08013fa4   0x08013fa4   0x000000b0   Data   RO         2344    .constdata          ad620_gainctrl.o
    0x08014054   0x08014054   0x00000088   Data   RO         2413    .constdata          potentiometer_calibration.o
    0x080140dc   0x080140dc   0x000000b0   Data   RO         3278    .constdata          ads131a04.o
    0x0801418c   0x0801418c   0x00000030   Data   RO         4690    .constdata          stm32h7xx_hal_uart.o
    0x080141bc   0x080141bc   0x00000038   Data   RO         5331    .constdata          stm32h7xx_hal_dma.o
    0x080141f4   0x080141f4   0x00000053   Data   RO         8156    .constdata          stm32h7xx_hal_fdcan.o
    0x08014247   0x08014247   0x00000001   PAD
    0x08014248   0x08014248   0x00000088   Data   RO         9703    .constdata          m_wv.l(pow.o)
    0x080142d0   0x080142d0   0x00000081   Data   RO         9788    .constdata          mc_w.l(ctype_o.o)
    0x08014351   0x08014351   0x00000003   PAD
    0x08014354   0x08014354   0x00000004   Data   RO         9789    .constdata          mc_w.l(ctype_o.o)
    0x08014358   0x08014358   0x00000038   Data   RO        10194    .constdata          m_wv.l(log.o)
    0x08014390   0x08014390   0x00000008   Data   RO        10207    .constdata          m_wv.l(qnan.o)
    0x08014398   0x08014398   0x00000020   Data   RO        10214    .constdata          m_wv.l(rredf.o)
    0x080143b8   0x080143b8   0x00000044   Data   RO          916    .conststring        usart.o
    0x080143fc   0x080143fc   0x0000000a   Data   RO         1558    .conststring        digital_lock_in.o
    0x08014406   0x08014406   0x00000002   PAD
    0x08014408   0x08014408   0x00000046   Data   RO         2053    .conststring        norflash.o
    0x0801444e   0x0801444e   0x00000002   PAD
    0x08014450   0x08014450   0x0000009c   Data   RO         2414    .conststring        potentiometer_calibration.o
    0x080144ec   0x080144ec   0x00000184   Data   RO         2662    .conststring        current_excitation_calibrator.o
    0x08014670   0x08014670   0x0000004a   Data   RO         2750    .conststring        parse_command.o
    0x080146ba   0x080146ba   0x00000002   PAD
    0x080146bc   0x080146bc   0x00000020   Data   RO        10297    Region$$Table       anon$$obj.o


    Execution Region RW_IRAM1 (Exec base: 0x20000000, Load base: 0x080146dc, Size: 0x00000000, Max: 0x00020000, ABSOLUTE)

    **** No section assigned to this execution region ****


    Execution Region RW_IRAM2 (Exec base: 0x24000000, Load base: 0x080146dc, Size: 0x0002e7f8, Max: 0x00080000, ABSOLUTE, COMPRESSED[0x0000009c])

    Exec Addr    Load Addr    Size         Type   Attr      Idx    E Section Name        Object

    0x24000000   COMPRESSED   0x00000008   Data   RW          551    .data               system_stm32h7xx.o
    0x24000008   COMPRESSED   0x00000049   Data   RW          608    .data               eis_measure.o
    0x24000051   COMPRESSED   0x00000003   PAD
    0x24000054   COMPRESSED   0x00000004   Data   RW          827    .data               delay.o
    0x24000058   COMPRESSED   0x00000009   Data   RW          867    .data               key.o
    0x24000061   COMPRESSED   0x00000003   PAD
    0x24000064   COMPRESSED   0x00000008   Data   RW          917    .data               usart.o
    0x2400006c   COMPRESSED   0x0000000a   Data   RW         1246    .data               fdcan.o
    0x24000076   COMPRESSED   0x00000002   PAD
    0x24000078   COMPRESSED   0x00000060   Data   RW         1333    .data               ad7606.o
    0x240000d8   COMPRESSED   0x00000004   Data   RW         1559    .data               digital_lock_in.o
    0x240000dc   COMPRESSED   0x00000002   Data   RW         1810    .data               w25qxx.o
    0x240000de   COMPRESSED   0x00000002   PAD
    0x240000e0   COMPRESSED   0x00000006   Data   RW         2054    .data               norflash.o
    0x240000e6   COMPRESSED   0x00000001   Data   RW         2345    .data               ad620_gainctrl.o
    0x240000e7   COMPRESSED   0x00000001   PAD
    0x240000e8   COMPRESSED   0x00000006   Data   RW         2663    .data               current_excitation_calibrator.o
    0x240000ee   COMPRESSED   0x00000002   PAD
    0x240000f0   COMPRESSED   0x00000048   Data   RW         2715    .data               global_command.o
    0x24000138   COMPRESSED   0x00000020   Data   RW         2751    .data               parse_command.o
    0x24000158   COMPRESSED   0x00000005   Data   RW         3044    .data               runtime_flash.o
    0x2400015d   COMPRESSED   0x00000001   Data   RW         3162    .data               calib_flash.o
    0x2400015e   COMPRESSED   0x00000002   PAD
    0x24000160   COMPRESSED   0x00000009   Data   RW         3509    .data               stm32h7xx_hal.o
    0x24000169   COMPRESSED   0x00000003   PAD
    0x2400016c   COMPRESSED   0x00000004   Data   RW        10244    .data               mc_w.l(mvars.o)
    0x24000170   COMPRESSED   0x00000004   Data   RW        10245    .data               mc_w.l(mvars.o)
    0x24000174   COMPRESSED   0x00000004   Data   RW        10249    .data               mc_w.l(errno.o)
    0x24000178        -       0x00014e58   Zero   RW          606    .bss                eis_measure.o
    0x24014fd0        -       0x00000148   Zero   RW          914    .bss                usart.o
    0x24015118        -       0x00000080   Zero   RW         1046    .bss                timer.o
    0x24015198        -       0x0000008c   Zero   RW         1094    .bss                dac.o
    0x24015224        -       0x00000010   Zero   RW         1199    .bss                watchdog.o
    0x24015234        -       0x00000168   Zero   RW         1244    .bss                fdcan.o
    0x2401539c        -       0x00000198   Zero   RW         1480    .bss                spi.o
    0x24015534        -       0x00001fb4   Zero   RW         1556    .bss                digital_lock_in.o
    0x240174e8        -       0x0000005e   Zero   RW         1682    .bss                config_flash.o
    0x24017546   COMPRESSED   0x00000002   PAD
    0x24017548        -       0x0000004c   Zero   RW         2297    .bss                qspi.o
    0x24017594        -       0x0000005c   Zero   RW         2660    .bss                current_excitation_calibrator.o
    0x240175f0        -       0x00000028   Zero   RW         2713    .bss                global_command.o
    0x24017618        -       0x00000020   Zero   RW         2748    .bss                parse_command.o
    0x24017638        -       0x00000094   Zero   RW         2922    .bss                identity_flash.o
    0x240176cc        -       0x0000004c   Zero   RW         3042    .bss                runtime_flash.o
    0x24017718        -       0x0000007c   Zero   RW         3160    .bss                calib_flash.o
    0x24017794        -       0x00000064   Zero   RW         3402    .bss                adc.o
    0x240177f8        -       0x0000f000   Zero   RW         9634    HEAP                startup_stm32h750xx.o
    0x240267f8        -       0x00008000   Zero   RW         9633    STACK               startup_stm32h750xx.o


==============================================================================

Image component sizes


      Code (inc. data)   RO Data    RW Data    ZI Data      Debug   Object Name

       804         80          0          0          0       6511   18b20.o
       216         22        176          1          0       2426   ad620_gainctrl.o
       876         66          0         96          0       5695   ad7606.o
       582         56          0          0        100       4899   adc.o
      1144         90        176          0          0       7227   ads131a04.o
      1568        730          0          1        124       6751   calib_flash.o
      3328       1490          0          0         94      12776   config_flash.o
      1402        592        388          6         92       5247   current_excitation_calibrator.o
       616         82          0          0        140       4648   dac.o
       316         40          0          0          0       2681   dac8830.o
       116          8          0          4          0       1986   delay.o
      2152        384         10          4       8116      13397   digital_lock_in.o
      3846       1214          0         73      85592      15542   eis_measure.o
       752         94         84         10        360       6995   fdcan.o
         0          0          0         72         40       2240   global_command.o
      1156        584          0          0        148       7035   identity_flash.o
       140         12         52          9          0       2318   key.o
       188         36          0          0          0       3660   led.o
      1392        380          0          0          0    1353735   main.o
      1630        120          0          0          0       7485   mos_controller.o
       992        180         70          6          0      13709   norflash.o
        92          0          0          0          0       2852   norflash_ex.o
      5268       1958         74         32         32      11567   parse_command.o
      3716       1360        292          0          0       8890   potentiometer_calibration.o
       352         38          0          0         76       2311   qspi.o
      1224        534          0          5         76      10349   runtime_flash.o
       418         22          0          0          0       2594   sinewave.o
       556         50          0          0        408       3586   spi.o
        36          8        664          0      94208        852   startup_stm32h750xx.o
       282         44          0          9          0       6270   stm32h7xx_hal.o
      3704        116          0          0          0       8149   stm32h7xx_hal_adc.o
       188          0          0          0          0       1622   stm32h7xx_hal_adc_ex.o
       610         44          0          0          0      42193   stm32h7xx_hal_cortex.o
       998         32          0          0          0       9439   stm32h7xx_hal_dac.o
        64          0          0          0          0       3977   stm32h7xx_hal_dac_ex.o
      2046        100         56          0          0       8833   stm32h7xx_hal_dma.o
      4082         60         83          0          0      22800   stm32h7xx_hal_fdcan.o
       622         54          0          0          0       3668   stm32h7xx_hal_gpio.o
        14          0          0          0          0        971   stm32h7xx_hal_iwdg.o
      1804          8          0          0          0       9134   stm32h7xx_hal_qspi.o
      3048         86          0          0          0       5832   stm32h7xx_hal_rcc.o
      4692        118          0          0          0       7235   stm32h7xx_hal_rcc_ex.o
      2636         14          0          0          0       6436   stm32h7xx_hal_spi.o
       428         32          0          0          0       4285   stm32h7xx_hal_tim.o
       108         10          0          0          0       1404   stm32h7xx_hal_tim_ex.o
      4094        140         48          0          0      12520   stm32h7xx_hal_uart.o
         2          0          0          0          0        924   stm32h7xx_hal_uart_ex.o
       192         32          0          0          0       6497   stm32h7xx_it.o
      1032        438          0          0          0       1606   sys_protection.o
       644         24          0          0          0      38560   system.o
       148         18         64          8          0       1326   system_stm32h7xx.o
       232         28          0          0        128       2495   timer.o
      1144        542         68          8        328       5432   usart.o
       304         24          0          2          0       2550   w25qxx.o
        16          6          0          0         16        707   watchdog.o

    ----------------------------------------------------------------------
     68074      12200       2344        364     190080    1744829   Object Totals
         0          0         32          0          0          0   (incl. Generated)
        62          0          7         18          2          0   (incl. Padding)

    ----------------------------------------------------------------------

      Code (inc. data)   RO Data    RW Data    ZI Data      Debug   Library Member Name

       692         98          0          0          0        208   atan2f.o
       336         60          0          0          0        136   cosf.o
       116         60          0          0          0        696   dunder.o
        24          0          0          0          0        124   fabs.o
        72          0          0          0          0        148   fmaxf.o
        72          0          0          0          0        148   fminf.o
        48          0          0          0          0        124   fpclassify.o
        38          0          0          0          0        116   fpclassifyf.o
        44         12          0          0          0        464   funder.o
       588         92         56          0          0        436   log.o
       256         42          0          0          0        188   log10.o
       112          0          0          0          0        116   poly.o
      2296        304        136          0          0        320   pow.o
         0          0          8          0          0          0   qnan.o
       160          6          0          0          0        140   roundf.o
       340         24         32          0          0        160   rredf.o
       404         60          0          0          0        212   sinf.o
       106          0          0          0          0        140   sqrt.o
        58          0          0          0          0        136   sqrtf.o
        40         10          0          0          0        128   strtod.o
        56          8          0          0          0         84   __0sscanf.o
        86          0          0          0          0          0   __dczerorl2.o
        28          0          0          0          0         68   _chval.o
       816          6          0          0          0        112   _scanf.o
        64          0          0          0          0         84   _sgetc.o
       158          0          0          0          0         92   _strtoul.o
         8          4        133          0          0         68   ctype_o.o
         0          0          0          0          0          0   entry.o
         0          0          0          0          0          0   entry10a.o
         0          0          0          0          0          0   entry11a.o
         4          0          0          0          0          0   entry12b.o
         8          4          0          0          0          0   entry2.o
         4          0          0          0          0          0   entry5.o
         0          0          0          0          0          0   entry7b.o
         0          0          0          0          0          0   entry8b.o
         8          4          0          0          0          0   entry9a.o
        20         10          0          4          0        136   errno.o
        30          0          0          0          0          0   handlers.o
        36          8          0          0          0         68   init.o
        18          0          0          0          0         76   isspace_o.o
         0          0          0          0          0          0   iusefp.o
        98          0          0          0          0         84   ldiv.o
        30          0          0          0          0         68   llshl.o
        36          0          0          0          0         68   llsshr.o
        32          0          0          0          0         68   llushr.o
       188         20          0          0          0        160   malloc.o
        26          0          0          0          0         80   memcmp.o
        64          0          0          0          0         76   memmovea.o
        36          0          0          0          0        108   memseta.o
         0          0          0          8          0          0   mvars.o
      2344        100          0          0          0        700   printfa.o
        40          8          0          0          0         84   scanf_char.o
       878         12          0          0          0        216   scanf_fp.o
        20          0          0          0          0         68   strchr.o
        28          0          0          0          0         76   strcmp.o
        14          0          0          0          0         68   strlen.o
        30          0          0          0          0         80   strncmp.o
        24          0          0          0          0         76   strncpy.o
       156         12          0          0          0        120   strtod.o
       112          0          0          0          0         88   strtol.o
        44          0          0          0          0         80   uidiv.o
        98          0          0          0          0         92   uldiv.o
        48          0          0          0          0         68   cdrcmple.o
        56          0          0          0          0         88   d2f.o
       334          0          0          0          0        148   dadd.o
       222          0          0          0          0        100   ddiv.o
       186          0          0          0          0        176   depilogue.o
        48          0          0          0          0         68   dfixul.o
        24          0          0          0          0         76   dfltul.o
       228          0          0          0          0         96   dmul.o
        46          0          0          0          0         80   dscalb.o
        54          0          0          0          0         68   fcmp4.o
       110          0          0          0          0        168   fepilogue.o
        60          0          0          0          0         76   frnd.o

    ----------------------------------------------------------------------
     12890        968        368         12          0       8600   Library Totals
        30          4          3          0          0          0   (incl. Padding)

    ----------------------------------------------------------------------

      Code (inc. data)   RO Data    RW Data    ZI Data      Debug   Library Name

      5802        768        232          0          0       4140   m_wv.l
      5642        196        133         12          0       3248   mc_w.l
      1416          0          0          0          0       1212   mf_w.l

    ----------------------------------------------------------------------
     12890        968        368         12          0       8600   Library Totals

    ----------------------------------------------------------------------

==============================================================================


      Code (inc. data)   RO Data    RW Data    ZI Data      Debug   

     80964      13168       2712        376     190080    1711869   Grand Totals
     80964      13168       2712        156     190080    1711869   ELF Image Totals (compressed)
     80964      13168       2712        156          0          0   ROM Totals

==============================================================================

    Total RO  Size (Code + RO Data)                83676 (  81.71kB)
    Total RW  Size (RW Data + ZI Data)            190456 ( 185.99kB)
    Total ROM Size (Code + RO Data + RW Data)      83832 (  81.87kB)

==============================================================================

