Component: ARM Compiler 5.06 update 7 (build 960) Tool: armlink [4d3601]

==============================================================================

Section Cross References

    main.o(i.main) refers to system.o(i.CPU_CACHE_Enable) for CPU_CACHE_Enable
    main.o(i.main) refers to stm32h7xx_hal.o(i.HAL_Init) for HAL_Init
    main.o(i.main) refers to system.o(i.MPU_Memory_Protection) for MPU_Memory_Protection
    main.o(i.main) refers to system.o(i.SystemClock_Config) for SystemClock_Config
    main.o(i.main) refers to delay.o(i.SysTick_clkconfig) for SysTick_clkconfig
    main.o(i.main) refers to timer.o(i.TIM7_Init) for TIM7_Init
    main.o(i.main) refers to usart.o(i.uart_init) for uart_init
    main.o(i.main) refers to key.o(i.KEY_Init) for KEY_Init
    main.o(i.main) refers to led.o(i.LED_Init) for LED_Init
    main.o(i.main) refers to mos_controller.o(i.SwitchMatrix_Init) for SwitchMatrix_Init
    main.o(i.main) refers to eis_measure.o(i.Power5200_Init) for Power5200_Init
    main.o(i.main) refers to 18b20.o(i.DS18B20_init) for DS18B20_init
    main.o(i.main) refers to dac8830.o(i.DAC8830_Init) for DAC8830_Init
    main.o(i.main) refers to norflash.o(i.norflash_init) for norflash_init
    main.o(i.main) refers to w25qxx.o(i.W25QXX_Init) for W25QXX_Init
    main.o(i.main) refers to ads131a04.o(i.ADS131A0X_Init) for ADS131A0X_Init
    main.o(i.main) refers to 18b20.o(i.ds18b20_get_temperature_float) for ds18b20_get_temperature_float
    main.o(i.main) refers to printfa.o(i.__0printf) for __2printf
    main.o(i.main) refers to dac.o(i.MY_VREFBUF_Init) for MY_VREFBUF_Init
    main.o(i.main) refers to norflash_ex.o(i.norflash_ex_read_id) for norflash_ex_read_id
    main.o(i.main) refers to config_flash.o(i.ConfigFlash_LoadAtStartup) for ConfigFlash_LoadAtStartup
    main.o(i.main) refers to identity_flash.o(i.IdFlash_LoadAtStartup) for IdFlash_LoadAtStartup
    main.o(i.main) refers to runtime_flash.o(i.RuntimeFlash_LoadAtStartup) for RuntimeFlash_LoadAtStartup
    main.o(i.main) refers to runtime_flash.o(i.RuntimeFlash_OnBoot) for RuntimeFlash_OnBoot
    main.o(i.main) refers to runtime_flash.o(i.RuntimeFlash_SaveIfDirty) for RuntimeFlash_SaveIfDirty
    main.o(i.main) refers to calib_flash.o(i.CalibFlash_LoadAtStartup) for CalibFlash_LoadAtStartup
    main.o(i.main) refers to calib_flash.o(i.CalibFlash_Dump) for CalibFlash_Dump
    main.o(i.main) refers to delay.o(i.delay_ms) for delay_ms
    main.o(i.main) refers to w25qxx.o(i.W25QXX_ReadID) for W25QXX_ReadID
    main.o(i.main) refers to ad7606.o(i.AD7606_Init) for AD7606_Init
    main.o(i.main) refers to fdcan.o(i.FDCAN1_Mode_Init) for FDCAN1_Mode_Init
    main.o(i.main) refers to eis_measure.o(i.FAN_Init) for FAN_Init
    main.o(i.main) refers to eis_measure.o(i.FAN_Enable) for FAN_Enable
    main.o(i.main) refers to eis_measure.o(i.RELAY_Init) for RELAY_Init
    main.o(i.main) refers to runtime_flash.o(i.Runtime_BackgroundTask) for Runtime_BackgroundTask
    main.o(i.main) refers to eis_measure.o(i.Power5200_Disable) for Power5200_Disable
    main.o(i.main) refers to mos_controller.o(i.SwitchWindow_Program) for SwitchWindow_Program
    main.o(i.main) refers to led.o(i.LED_Red_On) for LED_Red_On
    main.o(i.main) refers to led.o(i.LED_Green_Off) for LED_Green_Off
    main.o(i.main) refers to eis_measure.o(i.set_excitation_current) for set_excitation_current
    main.o(i.main) refers to sys_protection.o(i.CheckCellVoltage) for CheckCellVoltage
    main.o(i.main) refers to eis_measure.o(i.EIS_FrequencySweep_Measure) for EIS_FrequencySweep_Measure
    main.o(i.main) refers to runtime_flash.o(i.RuntimeFlash_OnEisFinished) for RuntimeFlash_OnEisFinished
    main.o(i.main) refers to eis_measure.o(i.EIS_SingleFrequency_Measure) for EIS_SingleFrequency_Measure
    main.o(i.main) refers to potentiometer_calibration.o(i.PotentiometerCalibration_Init) for PotentiometerCalibration_Init
    main.o(i.main) refers to potentiometer_calibration.o(i.Run_Complete_Calibration_Test) for Run_Complete_Calibration_Test
    main.o(i.main) refers to led.o(i.LED_Green_On) for LED_Green_On
    main.o(i.main) refers to ads131a04.o(i.ADS131A0X_Read_Channel) for ADS131A0X_Read_Channel
    main.o(i.main) refers to global_command.o(.data) for g_current_state
    stm32h7xx_it.o(i.SysTick_Handler) refers to stm32h7xx_hal.o(i.HAL_IncTick) for HAL_IncTick
    stm32h7xx_it.o(i.TIM6_DAC_IRQHandler) refers to stm32h7xx_hal_tim.o(i.HAL_TIM_Base_Stop_IT) for HAL_TIM_Base_Stop_IT
    stm32h7xx_it.o(i.TIM6_DAC_IRQHandler) refers to stm32h7xx_hal_dac.o(i.HAL_DAC_Stop) for HAL_DAC_Stop
    stm32h7xx_it.o(i.TIM6_DAC_IRQHandler) refers to stm32h7xx_hal_dac.o(i.HAL_DAC_SetValue) for HAL_DAC_SetValue
    stm32h7xx_it.o(i.TIM6_DAC_IRQHandler) refers to timer.o(.bss) for TIM6_Handler
    stm32h7xx_it.o(i.TIM6_DAC_IRQHandler) refers to eis_measure.o(.data) for cycle_count
    stm32h7xx_it.o(i.TIM6_DAC_IRQHandler) refers to dac.o(.bss) for DAC_Handler
[...]
    ParseReceivedData                        0x08009fed   Thumb Code  1600  parse_command.o(i.ParseReceivedData)
    PendSV_Handler                           0x0800a67d   Thumb Code     2  stm32h7xx_it.o(i.PendSV_Handler)
    PotentiometerCalibration_Init            0x0800a681   Thumb Code    34  potentiometer_calibration.o(i.PotentiometerCalibration_Init)
    PotentiometerCalibration_ValidateCalibration 0x0800a6f5   Thumb Code   182  potentiometer_calibration.o(i.PotentiometerCalibration_ValidateCalibration)
    Power5200_Disable                        0x0800a821   Thumb Code    14  eis_measure.o(i.Power5200_Disable)
    Power5200_Enable                         0x0800a835   Thumb Code    14  eis_measure.o(i.Power5200_Enable)
    Power5200_Init                           0x0800a849   Thumb Code    76  eis_measure.o(i.Power5200_Init)
    QSPI_Init                                0x0800ae05   Thumb Code    82  qspi.o(i.QSPI_Init)
    RELAY_Init                               0x0800b111   Thumb Code    76  eis_measure.o(i.RELAY_Init)
    Restart_DAC_Wave                         0x0800b1a5   Thumb Code    66  dac.o(i.Restart_DAC_Wave)
    Run_Complete_Calibration_Test            0x0800b1f9   Thumb Code    76  potentiometer_calibration.o(i.Run_Complete_Calibration_Test)
    RuntimeFlash_AddRunHours                 0x0800b275   Thumb Code    22  runtime_flash.o(i.RuntimeFlash_AddRunHours)
    RuntimeFlash_Dump                        0x0800b291   Thumb Code    98  runtime_flash.o(i.RuntimeFlash_Dump)
    RuntimeFlash_LoadAtStartup               0x0800b415   Thumb Code    82  runtime_flash.o(i.RuntimeFlash_LoadAtStartup)
    RuntimeFlash_OnBoot                      0x0800b4c5   Thumb Code    16  runtime_flash.o(i.RuntimeFlash_OnBoot)
    RuntimeFlash_OnEisFinished               0x0800b4d9   Thumb Code    16  runtime_flash.o(i.RuntimeFlash_OnEisFinished)
    RuntimeFlash_ResetToDefaultAndSave       0x0800b4ed   Thumb Code    28  runtime_flash.o(i.RuntimeFlash_ResetToDefaultAndSave)
    RuntimeFlash_SaveIfDirty                 0x0800b535   Thumb Code    54  runtime_flash.o(i.RuntimeFlash_SaveIfDirty)
    RuntimeFlash_Write                       0x0800b571   Thumb Code   102  runtime_flash.o(i.RuntimeFlash_Write)
    Runtime_BackgroundTask                   0x0800b605   Thumb Code    20  runtime_flash.o(i.Runtime_BackgroundTask)
    Runtime_On1sTick                         0x0800b61d   Thumb Code    40  runtime_flash.o(i.Runtime_On1sTick)
    SPI1_ReadWriteByte                       0x0800b765   Thumb Code    28  spi.o(i.SPI1_ReadWriteByte)
    SPI_Init                                 0x0800b89d   Thumb Code    92  spi.o(i.SPI_Init)
    SVC_Handler                              0x0800b941   Thumb Code     2  stm32h7xx_it.o(i.SVC_Handler)
    Send_EIS_Result                          0x0800ba11   Thumb Code   238  eis_measure.o(i.Send_EIS_Result)
    Send_Line                                0x0800bb6d   Thumb Code    46  fdcan.o(i.Send_Line)
    SwitchMatrix_Init                        0x0800bcb1   Thumb Code   552  mos_controller.o(i.SwitchMatrix_Init)
    SwitchWindow_Program                     0x0800beed   Thumb Code   392  mos_controller.o(i.SwitchWindow_Program)
    SysTick_Handler                          0x0800c0b9   Thumb Code     8  stm32h7xx_it.o(i.SysTick_Handler)
    SysTick_clkconfig                        0x0800c0c1   Thumb Code    16  delay.o(i.SysTick_clkconfig)
    SystemClock_Config                       0x0800c0d5   Thumb Code   192  system.o(i.SystemClock_Config)
    SystemInit                               0x0800c199   Thumb Code   130  system_stm32h7xx.o(i.SystemInit)
    TEM_delay_us                             0x0800c22d   Thumb Code    76  18b20.o(i.TEM_delay_us)
    TIM6_DAC_IRQHandler                      0x0800c281   Thumb Code    86  stm32h7xx_it.o(i.TIM6_DAC_IRQHandler)
    TIM6_Init                                0x0800c2f1   Thumb Code    76  timer.o(i.TIM6_Init)
    TIM7_IRQHandler                          0x0800c345   Thumb Code    42  stm32h7xx_it.o(i.TIM7_IRQHandler)
    TIM7_Init                                0x0800c375   Thumb Code    52  timer.o(i.TIM7_Init)
    TIM_Base_SetConfig                       0x0800c3b1   Thumb Code   172  stm32h7xx_hal_tim.o(i.TIM_Base_SetConfig)
    UART_AdvFeatureConfig                    0x0800c4b3   Thumb Code   234  stm32h7xx_hal_uart.o(i.UART_AdvFeatureConfig)
    UART_CheckIdleState                      0x0800c59d   Thumb Code   116  stm32h7xx_hal_uart.o(i.UART_CheckIdleState)
    UART_SetConfig                           0x0800c6f5   Thumb Code  2452  stm32h7xx_hal_uart.o(i.UART_SetConfig)
    UART_WaitOnFlagUntilTimeout              0x0800d11b   Thumb Code   108  stm32h7xx_hal_uart.o(i.UART_WaitOnFlagUntilTimeout)
    USART1_IRQHandler                        0x0800d189   Thumb Code    66  usart.o(i.USART1_IRQHandler)
    UsageFault_Handler                       0x0800d1d9   Thumb Code     4  stm32h7xx_it.o(i.UsageFault_Handler)
    Validate_AllChannels_Reading             0x0800d1dd   Thumb Code   276  potentiometer_calibration.o(i.Validate_AllChannels_Reading)
    Validate_CH2_AD620_Gain                  0x0800d375   Thumb Code  1652  potentiometer_calibration.o(i.Validate_CH2_AD620_Gain)
    Validate_CH3_DAC_Output                  0x0800db3d   Thumb Code   226  potentiometer_calibration.o(i.Validate_CH3_DAC_Output)
    W25QXX_Init                              0x0800dca1   Thumb Code   132  w25qxx.o(i.W25QXX_Init)
    W25QXX_ReadID                            0x0800dd31   Thumb Code    70  w25qxx.o(i.W25QXX_ReadID)
    W25QXX_ReadSR                            0x0800dd7d   Thumb Code    78  w25qxx.o(i.W25QXX_ReadSR)
    Watchdog_Refresh                         0x0800ddd1   Thumb Code    10  watchdog.o(i.Watchdog_Refresh)
    __0printf                                0x0800de61   Thumb Code    22  printfa.o(i.__0printf)
    __1printf                                0x0800de61   Thumb Code     0  printfa.o(i.__0printf)
    __2printf                                0x0800de61   Thumb Code     0  printfa.o(i.__0printf)
    __c89printf                              0x0800de61   Thumb Code     0  printfa.o(i.__0printf)
    printf                                   0x0800de61   Thumb Code     0  printfa.o(i.__0printf)
    __0snprintf                              0x0800de81   Thumb Code    48  printfa.o(i.__0snprintf)
    __1snprintf                              0x0800de81   Thumb Code     0  printfa.o(i.__0snprintf)
    __2snprintf                              0x0800de81   Thumb Code     0  printfa.o(i.__0snprintf)
    __c89snprintf                            0x0800de81   Thumb Code     0  printfa.o(i.__0snprintf)
    snprintf                                 0x0800de81   Thumb Code     0  printfa.o(i.__0snprintf)
    __0vsnprintf                             0x0800deb5   Thumb Code    46  printfa.o(i.__0vsnprintf)
    __1vsnprintf                             0x0800deb5   Thumb Code     0  printfa.o(i.__0vsnprintf)
    __2vsnprintf                             0x0800deb5   Thumb Code     0  printfa.o(i.__0vsnprintf)
    __c89vsnprintf                           0x0800deb5   Thumb Code     0  printfa.o(i.__0vsnprintf)
    vsnprintf                                0x0800deb5   Thumb Code     0  printfa.o(i.__0vsnprintf)
    __ARM_fpclassify                         0x0800dee9   Thumb Code    48  fpclassify.o(i.__ARM_fpclassify)
    __ARM_fpclassifyf                        0x0800df19   Thumb Code    38  fpclassifyf.o(i.__ARM_fpclassifyf)
    __aeabi_errno_addr                       0x0800df79   Thumb Code     4  errno.o(i.__aeabi_errno_addr)
    __rt_errno_addr                          0x0800df79   Thumb Code     0  errno.o(i.__aeabi_errno_addr)
    __hardfp_atan2f                          0x0800df81   Thumb Code   594  atan2f.o(i.__hardfp_atan2f)
    __hardfp_cosf                            0x0800e235   Thumb Code   276  cosf.o(i.__hardfp_cosf)
    __hardfp_fmaxf                           0x0800e385   Thumb Code    72  fmaxf.o(i.__hardfp_fmaxf)
    __hardfp_fminf                           0x0800e3cd   Thumb Code    72  fminf.o(i.__hardfp_fminf)
    __hardfp_log                             0x0800e419   Thumb Code   480  log.o(i.__hardfp_log)
    __hardfp_log10                           0x0800e659   Thumb Code   214  log10.o(i.__hardfp_log10)
    __hardfp_pow                             0x0800e759   Thumb Code  2140  pow.o(i.__hardfp_pow)
    __hardfp_roundf                          0x0800f051   Thumb Code   154  roundf.o(i.__hardfp_roundf)
    __hardfp_sinf                            0x0800f0f1   Thumb Code   344  sinf.o(i.__hardfp_sinf)
    __hardfp_sqrtf                           0x0800f285   Thumb Code    58  sqrtf.o(i.__hardfp_sqrtf)
    __hardfp_strtod                          0x0800f2c1   Thumb Code    30  strtod.o(i.__hardfp_strtod)
    __kernel_poly                            0x0800f2e9   Thumb Code   112  poly.o(i.__kernel_poly)
    __mathlib_dbl_divzero                    0x0800f359   Thumb Code    14  dunder.o(i.__mathlib_dbl_divzero)
    __mathlib_dbl_infnan                     0x0800f379   Thumb Code     6  dunder.o(i.__mathlib_dbl_infnan)
    __mathlib_dbl_infnan2                    0x0800f37f   Thumb Code     6  dunder.o(i.__mathlib_dbl_infnan2)
    __mathlib_dbl_invalid                    0x0800f389   Thumb Code    10  dunder.o(i.__mathlib_dbl_invalid)
    __mathlib_dbl_overflow                   0x0800f3a1   Thumb Code    10  dunder.o(i.__mathlib_dbl_overflow)
    __mathlib_dbl_underflow                  0x0800f3b9   Thumb Code    10  dunder.o(i.__mathlib_dbl_underflow)
    __mathlib_flt_infnan                     0x0800f3d1   Thumb Code     6  funder.o(i.__mathlib_flt_infnan)
    __mathlib_flt_infnan2                    0x0800f3d7   Thumb Code     6  funder.o(i.__mathlib_flt_infnan2)
    __mathlib_flt_invalid                    0x0800f3dd   Thumb Code    10  funder.o(i.__mathlib_flt_invalid)
    __mathlib_flt_underflow                  0x0800f3ed   Thumb Code    10  funder.o(i.__mathlib_flt_underflow)
    __mathlib_rredf2                         0x0800f3fd   Thumb Code   316  rredf.o(i.__mathlib_rredf2)
    __scatterload_copy                       0x0800f551   Thumb Code    14  handlers.o(i.__scatterload_copy)
    __scatterload_null                       0x0800f55f   Thumb Code     2  handlers.o(i.__scatterload_null)
    __scatterload_zeroinit                   0x0800f561   Thumb Code    14  handlers.o(i.__scatterload_zeroinit)
    __set_errno                              0x0800f571   Thumb Code     6  errno.o(i.__set_errno)
    _is_digit                                0x0800f701   Thumb Code    14  scanf_fp.o(i._is_digit)
    delay_ms                                 0x0801021d   Thumb Code    24  delay.o(i.delay_ms)
    delay_us                                 0x08010235   Thumb Code    68  delay.o(i.delay_us)
    digital_lock_in_deinit                   0x08010371   Thumb Code    38  digital_lock_in.o(i.digital_lock_in_deinit)
    digital_lock_in_get_config               0x08010399   Thumb Code    38  digital_lock_in.o(i.digital_lock_in_get_config)
    digital_lock_in_init_inst                0x080103c5   Thumb Code   176  digital_lock_in.o(i.digital_lock_in_init_inst)
    ds18b20_get_temperature                  0x080104d5   Thumb Code   142  18b20.o(i.ds18b20_get_temperature)
    ds18b20_get_temperature_float            0x08010563   Thumb Code    32  18b20.o(i.ds18b20_get_temperature_float)
    ds18b20_init                             0x08010585   Thumb Code    94  18b20.o(i.ds18b20_init)
    fabs                                     0x08010727   Thumb Code    24  fabs.o(i.fabs)
    fputc                                    0x08010815   Thumb Code    22  usart.o(i.fputc)
    free                                     0x08010831   Thumb Code    76  malloc.o(i.free)
    generate_frequency_points                0x08010881   Thumb Code   106  sinewave.o(i.generate_frequency_points)
    getCommandEnum                           0x080108ed   Thumb Code   442  parse_command.o(i.getCommandEnum)
    log                                      0x08010d27   Thumb Code    16  log.o(i.log)
    main                                     0x08010d39   Thumb Code   902  main.o(i.main)
    malloc                                   0x080111f5   Thumb Code    92  malloc.o(i.malloc)
    multifrequency_process                   0x08011261   Thumb Code   368  digital_lock_in.o(i.multifrequency_process)
    norflash_erase_sector                    0x080113d9   Thumb Code   102  norflash.o(i.norflash_erase_sector)
    norflash_ex_erase_sector                 0x080114a1   Thumb Code    12  norflash_ex.o(i.norflash_ex_erase_sector)
    norflash_ex_read                         0x080114ad   Thumb Code    20  norflash_ex.o(i.norflash_ex_read)
    norflash_ex_read_id                      0x080114c1   Thumb Code     8  norflash_ex.o(i.norflash_ex_read_id)
    norflash_ex_write                        0x080114c9   Thumb Code    52  norflash_ex.o(i.norflash_ex_write)
    norflash_get_addr_size                   0x080114fd   Thumb Code     6  norflash.o(i.norflash_get_addr_size)
    norflash_init                            0x08011509   Thumb Code    68  norflash.o(i.norflash_init)
    norflash_page_program                    0x08011565   Thumb Code   120  norflash.o(i.norflash_page_program)
    norflash_read                            0x080115f1   Thumb Code    88  norflash.o(i.norflash_read)
    norflash_read_id                         0x0801164d   Thumb Code    88  norflash.o(i.norflash_read_id)
    norflash_read_sr                         0x080116a9   Thumb Code    80  norflash.o(i.norflash_read_sr)
    norflash_write_enable                    0x0801177d   Thumb Code    10  norflash.o(i.norflash_write_enable)
    norflash_write_sr                        0x08011789   Thumb Code    72  norflash.o(i.norflash_write_sr)
    preprocess_signal                        0x080118c9   Thumb Code    88  digital_lock_in.o(i.preprocess_signal)
    process_current                          0x08011925   Thumb Code    50  digital_lock_in.o(i.process_current)
    process_voltage                          0x0801195d   Thumb Code    50  digital_lock_in.o(i.process_voltage)
    read_ambient_temperature                 0x08011a85   Thumb Code     8  sys_protection.o(i.read_ambient_temperature)
    run_lockin_core                          0x08011b3d   Thumb Code   336  digital_lock_in.o(i.run_lockin_core)
    set_excitation_current                   0x08011db5   Thumb Code   144  eis_measure.o(i.set_excitation_current)
    single_measure                           0x08011f35   Thumb Code  1828  eis_measure.o(i.single_measure)
    sqrt                                     0x08012699   Thumb Code   106  sqrt.o(i.sqrt)
    sweep_measure                            0x08012705   Thumb Code    64  eis_measure.o(i.sweep_measure)
    trim                                     0x08012755   Thumb Code   100  parse_command.o(i.trim)
    uart_init                                0x080127b9   Thumb Code    44  usart.o(i.uart_init)
    volatile_memset                          0x080127f1   Thumb Code    20  parse_command.o(i.volatile_memset)
    volatile_strncpy                         0x08012805   Thumb Code    32  parse_command.o(i.volatile_strncpy)
    volatile_trim                            0x08012825   Thumb Code   124  parse_command.o(i.volatile_trim)
    D1CorePrescTable                         0x080128d0   Data          16  system_stm32h7xx.o(.constdata)
    BUTTON_PIN                               0x08012910   Data           4  key.o(.constdata)
    FDCAN_DLC_BYTES_MAP                      0x08012944   Data          36  fdcan.o(.constdata)
    __ctype_table                            0x08012c98   Data         129  ctype_o.o(.constdata)
    __mathlib_zero                           0x08012d58   Data           8  qnan.o(.constdata)
    Region$$Table$$Base                      0x08013084   Number         0  anon$$obj.o(Region$$Table)
    Region$$Table$$Limit                     0x080130a4   Number         0  anon$$obj.o(Region$$Table)
    SystemCoreClock                          0x24000000   Data           4  system_stm32h7xx.o(.data)
    SystemD2Clock                            0x24000004   Data           4  system_stm32h7xx.o(.data)
    SIN_DATA                                 0x24000008   Data           2  eis_measure.o(.data)
    cycle_count                              0x2400000a   Data           2  eis_measure.o(.data)
    Num_period                               0x2400000c   Data           1  eis_measure.o(.data)
    Num_Sampling_Points                      0x2400000e   Data           2  eis_measure.o(.data)
    Relative_Amplitude                       0x24000010   Data           4  eis_measure.o(.data)
    ADC_status                               0x24000014   Data           1  eis_measure.o(.data)
    ADC_Start_Standard                       0x24000015   Data           1  eis_measure.o(.data)
    Sampling_Count                           0x24000018   Data           8  eis_measure.o(.data)
    Freq_Start                               0x24000020   Data           8  eis_measure.o(.data)
    Freq_End                                 0x24000028   Data           8  eis_measure.o(.data)
    Period_Count                             0x24000030   Data           1  eis_measure.o(.data)
    resume_index                             0x24000034   Data           4  eis_measure.o(.data)
    batch_count                              0x24000038   Data           4  eis_measure.o(.data)
    Meas_Comp_Flag                           0x2400003c   Data           1  eis_measure.o(.data)
    BUTTON_PORT                              0x24000058   Data           8  key.o(.data)
    USART_RX_STA                             0x24000064   Data           2  usart.o(.data)
    aRxBuffer                                0x24000066   Data           1  usart.o(.data)
    __stdout                                 0x24000068   Data           4  usart.o(.data)
    can_rxdata                               0x2400006c   Data           8  fdcan.o(.data)
    rx_index                                 0x24000074   Data           2  fdcan.o(.data)
    port_list                                0x24000078   Data          64  ad7606.o(.data)
    pin_list                                 0x240000b8   Data          32  ad7606.o(.data)
    W25QXX_TYPE                              0x240000dc   Data           2  w25qxx.o(.data)
    g_norflash_type                          0x240000e4   Data           2  norflash.o(.data)
    CalibratorUartHandle                     0x240000e8   Data           4  current_excitation_calibrator.o(.data)
    QG_ACVoltPP                              0x240000f0   Data           4  global_command.o(.data)
    QG_DCVolt                                0x240000f4   Data           4  global_command.o(.data)
    QG_EIS_FREQ_START                        0x240000f8   Data           4  global_command.o(.data)
    QG_EIS_FREQ_END                          0x240000fc   Data           4  global_command.o(.data)
    QG_EIS_FREQ_POINTS                       0x24000100   Data           4  global_command.o(.data)
    QG_TEMP_HIGH_ALARM                       0x24000104   Data           4  global_command.o(.data)
    QG_VOLT_CELL_HIGH                        0x24000108   Data           4  global_command.o(.data)
    QG_VOLT_CELL_LOW                         0x2400010c   Data           4  global_command.o(.data)
    QG_CURR_CHG_ALARM                        0x24000110   Data           4  global_command.o(.data)
    QG_CURR_DIS_ALARM                        0x24000114   Data           4  global_command.o(.data)
    QG_CELL_COUNT                            0x24000118   Data           4  global_command.o(.data)
    Cell_ID                                  0x2400011c   Data           4  global_command.o(.data)
    g_system_error_code                      0x24000120   Data           4  global_command.o(.data)
    g_current_state                          0x24000124   Data           1  global_command.o(.data)
    CommandParam1                            0x24000128   Data           8  global_command.o(.data)
    CommandParam2                            0x24000130   Data           8  global_command.o(.data)
    TerminalAddr                             0x24000138   Data           1  parse_command.o(.data)
    ParseStatus                              0x24000139   Data           1  parse_command.o(.data)
    SystemStateStr                           0x2400013c   Data          28  parse_command.o(.data)
    __microlib_freelist                      0x2400016c   Data           4  mvars.o(.data)
    __microlib_freelist_initialised          0x24000170   Data           4  mvars.o(.data)
    Sine_data                                0x24000178   Data         600  eis_measure.o(.bss)
    eis_batch_buffer                         0x240003d0   Data        3072  eis_measure.o(.bss)
    USART_RX_BUF                             0x24014fd0   Data         200  usart.o(.bss)
    UART_Handler                             0x24015098   Data         128  usart.o(.bss)
    TIM6_Handler                             0x24015118   Data          64  timer.o(.bss)
    TIM7_Handler                             0x24015158   Data          64  timer.o(.bss)
    DAC_Handler                              0x24015198   Data          20  dac.o(.bss)
    FDCAN1_Handler                           0x24015234   Data         156  fdcan.o(.bss)
    FDCAN1_RxHeader                          0x240152d0   Data          40  fdcan.o(.bss)
    FDCAN1_TxHeader                          0x240152f8   Data          36  fdcan.o(.bss)
    rx_buffer                                0x2401531c   Data         128  fdcan.o(.bss)
    hspi1                                    0x2401539c   Data         136  spi.o(.bss)
    hspi6                                    0x24015424   Data         136  spi.o(.bss)
    SPI_Handler                              0x240154ac   Data         136  spi.o(.bss)
    current_cfg_in_flash                     0x240174e8   Data          94  config_flash.o(.bss)
    hqspi                                    0x24017548   Data          76  qspi.o(.bss)
    CurrentCalib                             0x24017594   Data          12  current_excitation_calibrator.o(.bss)
    SET_CALIB_DATA                           0x240175f0   Data          40  global_command.o(.bss)
    CommandCode                              0x24017618   Data          32  parse_command.o(.bss)
    g_id_in_flash                            0x24017638   Data         148  identity_flash.o(.bss)
    g_runtime_in_flash                       0x240176cc   Data          76  runtime_flash.o(.bss)
    g_calib_in_flash                         0x24017718   Data         124  calib_flash.o(.bss)
    __heap_base                              0x24017798   Data           0  startup_stm32h750xx.o(HEAP)
    __heap_limit                             0x24026798   Data           0  startup_stm32h750xx.o(HEAP)
    __initial_sp                             0x2402e798   Data           0  startup_stm32h750xx.o(STACK)



==============================================================================

Memory Map of the image

  Image Entry point : 0x08000299

  Load Region LR_IROM1 (Base: 0x08000000, Size: 0x0001321c, Max: 0x00020000, ABSOLUTE, COMPRESSED[0x00013140])

    Execution Region ER_IROM1 (Exec base: 0x08000000, Load base: 0x08000000, Size: 0x000130a4, Max: 0x00020000, ABSOLUTE)

    Exec Addr    Load Addr    Size         Type   Attr      Idx    E Section Name        Object

    0x08000000   0x08000000   0x00000298   Data   RO         9186    RESET               startup_stm32h750xx.o
    0x08000298   0x08000298   0x00000000   Code   RO         9331  * .ARM.Collect$$$$00000000  mc_w.l(entry.o)
    0x08000298   0x08000298   0x00000004   Code   RO         9773    .ARM.Collect$$$$00000001  mc_w.l(entry2.o)
    0x0800029c   0x0800029c   0x00000004   Code   RO         9776    .ARM.Collect$$$$00000004  mc_w.l(entry5.o)
    0x080002a0   0x080002a0   0x00000000   Code   RO         9778    .ARM.Collect$$$$00000008  mc_w.l(entry7b.o)
    0x080002a0   0x080002a0   0x00000000   Code   RO         9780    .ARM.Collect$$$$0000000A  mc_w.l(entry8b.o)
    0x080002a0   0x080002a0   0x00000008   Code   RO         9781    .ARM.Collect$$$$0000000B  mc_w.l(entry9a.o)
    0x080002a8   0x080002a8   0x00000004   Code   RO         9788    .ARM.Collect$$$$0000000E  mc_w.l(entry12b.o)
    0x080002ac   0x080002ac   0x00000000   Code   RO         9783    .ARM.Collect$$$$0000000F  mc_w.l(entry10a.o)
    0x080002ac   0x080002ac   0x00000000   Code   RO         9785    .ARM.Collect$$$$00000011  mc_w.l(entry11a.o)
    0x080002ac   0x080002ac   0x00000004   Code   RO         9774    .ARM.Collect$$$$00002712  mc_w.l(entry2.o)
    0x080002b0   0x080002b0   0x00000024   Code   RO         9187    .text               startup_stm32h750xx.o
    0x080002d4   0x080002d4   0x00000062   Code   RO         9334    .text               mc_w.l(uldiv.o)
    0x08000336   0x08000336   0x00000062   Code   RO         9336    .text               mc_w.l(ldiv.o)
    0x08000398   0x08000398   0x00000008   Code   RO         9338    .text               mc_w.l(ctype_o.o)
    0x080003a0   0x080003a0   0x00000012   Code   RO         9360    .text               mc_w.l(isspace_o.o)
    0x080003b2   0x080003b2   0x00000040   Code   RO         9368    .text               mc_w.l(memmovea.o)
    0x080003f2   0x080003f2   0x00000024   Code   RO         9370    .text               mc_w.l(memseta.o)
    0x08000416   0x08000416   0x00000018   Code   RO         9372    .text               mc_w.l(strncpy.o)
    0x0800042e   0x0800042e   0x00000014   Code   RO         9374    .text               mc_w.l(strchr.o)
    0x08000442   0x08000442   0x0000000e   Code   RO         9376    .text               mc_w.l(strlen.o)
    0x08000450   0x08000450   0x0000001c   Code   RO         9378    .text               mc_w.l(strcmp.o)
    0x0800046c   0x0800046c   0x0000001a   Code   RO         9380    .text               mc_w.l(memcmp.o)
    0x08000486   0x08000486   0x0000001e   Code   RO         9382    .text               mc_w.l(strncmp.o)
    0x080004a4   0x080004a4   0x00000038   Code   RO         9677    .text               mc_w.l(__0sscanf.o)
    0x080004dc   0x080004dc   0x00000360   Code   RO         9679    .text               mc_w.l(scanf_fp.o)
    0x0800083c   0x0800083c   0x00000070   Code   RO         9683    .text               mc_w.l(strtol.o)
    0x080008ac   0x080008ac   0x00000018   Code   RO         9685    .text               mf_w.l(dfltul.o)
    0x080008c4   0x080008c4   0x0000002c   Code   RO         9789    .text               mc_w.l(uidiv.o)
    0x080008f0   0x080008f0   0x0000001e   Code   RO         9791    .text               mc_w.l(llshl.o)
    0x0800090e   0x0800090e   0x00000020   Code   RO         9793    .text               mc_w.l(llushr.o)
    0x0800092e   0x0800092e   0x00000002   PAD
    0x08000930   0x08000930   0x00000028   Code   RO         9804    .text               mc_w.l(scanf_char.o)
    0x08000958   0x08000958   0x00000040   Code   RO         9806    .text               mc_w.l(_sgetc.o)
    0x08000998   0x08000998   0x0000009e   Code   RO         9808    .text               mc_w.l(_strtoul.o)
    0x08000a36   0x08000a36   0x00000002   PAD
    0x08000a38   0x08000a38   0x0000009c   Code   RO         9810    .text               mc_w.l(strtod.o)
    0x08000ad4   0x08000ad4   0x00000000   Code   RO         9812    .text               mc_w.l(iusefp.o)
    0x08000ad4   0x08000ad4   0x0000003c   Code   RO         9813    .text               mf_w.l(frnd.o)
    0x08000b10   0x08000b10   0x000000ba   Code   RO         9815    .text               mf_w.l(depilogue.o)
    0x08000bca   0x08000bca   0x0000014e   Code   RO         9817    .text               mf_w.l(dadd.o)
    0x08000d18   0x08000d18   0x000000e4   Code   RO         9819    .text               mf_w.l(dmul.o)
    0x08000dfc   0x08000dfc   0x000000de   Code   RO         9821    .text               mf_w.l(ddiv.o)
    0x08000eda   0x08000eda   0x0000002e   Code   RO         9823    .text               mf_w.l(dscalb.o)
    0x08000f08   0x08000f08   0x00000030   Code   RO         9825    .text               mf_w.l(dfixul.o)
    0x08000f38   0x08000f38   0x00000030   Code   RO         9827    .text               mf_w.l(cdrcmple.o)
    0x08000f68   0x08000f68   0x00000038   Code   RO         9829    .text               mf_w.l(d2f.o)
    0x08000fa0   0x08000fa0   0x00000036   Code   RO         9831    .text               mf_w.l(fcmp4.o)
    0x08000fd6   0x08000fd6   0x00000002   PAD
    0x08000fd8   0x08000fd8   0x00000024   Code   RO         9833    .text               mc_w.l(init.o)
    0x08000ffc   0x08000ffc   0x00000024   Code   RO         9835    .text               mc_w.l(llsshr.o)
    0x08001020   0x08001020   0x0000001c   Code   RO         9839    .text               mc_w.l(_chval.o)
    0x0800103c   0x0800103c   0x00000330   Code   RO         9841    .text               mc_w.l(_scanf.o)
    0x0800136c   0x0800136c   0x0000006e   Code   RO         9843    .text               mf_w.l(fepilogue.o)
    0x080013da   0x080013da   0x00000056   Code   RO         9856    .text               mc_w.l(__dczerorl2.o)
    0x08001430   0x08001430   0x00000054   Code   RO         2334    i.AD620_GainCtrl_Init  ad620_gainctrl.o
    0x08001484   0x08001484   0x00000028   Code   RO         2338    i.AD620_SetGain     ad620_gainctrl.o
    0x080014ac   0x080014ac   0x0000002c   Code   RO         1319    i.AD7606B_Digital2Voltage  ad7606.o
    0x080014d8   0x080014d8   0x00000048   Code   RO         1320    i.AD7606B_Get_Pin_Data  ad7606.o
    0x08001520   0x08001520   0x0000000c   Code   RO         1321    i.AD7606_Delay      ad7606.o
    0x0800152c   0x0800152c   0x00000070   Code   RO         1322    i.AD7606_Init       ad7606.o
    0x0800159c   0x0800159c   0x00000038   Code   RO         1323    i.AD7606_RESET      ad7606.o
    0x080015d4   0x080015d4   0x000000cc   Code   RO         1326    i.AD7606_Read_Data  ad7606.o
    0x080016a0   0x080016a0   0x00000030   Code   RO         1327    i.AD7606_StartConvst  ad7606.o
    0x080016d0   0x080016d0   0x0000005c   Code   RO         2340    i.ADG708_SetChannel  ad620_gainctrl.o
    0x0800172c   0x0800172c   0x00000054   Code   RO         3259    i.ADS131A0X_ChangeSampleRate_NoReset  ads131a04.o
    0x08001780   0x08001780   0x00000080   Code   RO         3260    i.ADS131A0X_Init    ads131a04.o
    0x08001800   0x08001800   0x000000c0   Code   RO         3263    i.ADS131A0X_ReadData  ads131a04.o
    0x080018c0   0x080018c0   0x000000c4   Code   RO         3265    i.ADS131A0X_Read_Ch1_Ch2  ads131a04.o
    0x08001984   0x08001984   0x000000bc   Code   RO         3266    i.ADS131A0X_Read_Channel  ads131a04.o
    0x08001a40   0x08001a40   0x00000054   Code   RO         3271    i.ADS13_WriteCmd    ads131a04.o
    0x08001a94   0x08001a94   0x00000048   Code   RO         3272    i.ADS13_WriteReg    ads131a04.o
    0x08001adc   0x08001adc   0x00000164   Code   RO          582    i.Auto_Set_ADC_SampleRate  eis_measure.o
    0x08001c40   0x08001c40   0x0000007c   Code   RO          859    i.BSP_KEY_Init      key.o
    0x08001cbc   0x08001cbc   0x00000004   Code   RO          441    i.BusFault_Handler  stm32h7xx_it.o
    0x08001cc0   0x08001cc0   0x0000001c   Code   RO          982    i.CPU_CACHE_Enable  system.o
    0x08001cdc   0x08001cdc   0x0000004a   Code   RO          583    i.CalculateChecksum  eis_measure.o
    0x08001d26   0x08001d26   0x00000002   PAD
    0x08001d28   0x08001d28   0x000001f4   Code   RO         2651    i.CalculateLinearFit  current_excitation_calibrator.o
    0x08001f1c   0x08001f1c   0x000003e8   Code   RO         3141    i.CalibFlash_Dump   calib_flash.o
    0x08002304   0x08002304   0x000000c0   Code   RO         3144    i.CalibFlash_LoadAtStartup  calib_flash.o
    0x080023c4   0x080023c4   0x00000098   Code   RO         3152    i.CalibFlash_Write  calib_flash.o
    0x0800245c   0x0800245c   0x00000006   Code   RO         2827    i.CheckCellVoltage  sys_protection.o
    0x08002462   0x08002462   0x00000002   PAD
    0x08002464   0x08002464   0x00000074   Code   RO         2736    i.Cmd_SendResp      parse_command.o
    0x080024d8   0x080024d8   0x0000002c   Code   RO         3273    i.CodeToVoltage     ads131a04.o
    0x08002504   0x08002504   0x0000033c   Code   RO         1661    i.ConfigFlash_Dump  config_flash.o
    0x08002840   0x08002840   0x000000a4   Code   RO         1662    i.ConfigFlash_LoadAtStartup  config_flash.o
    0x080028e4   0x080028e4   0x0000001e   Code   RO         1663    i.ConfigFlash_Read  config_flash.o
    0x08002902   0x08002902   0x00000002   PAD
    0x08002904   0x08002904   0x000000f8   Code   RO         1665    i.ConfigFlash_SaveIfChanged  config_flash.o
    0x080029fc   0x080029fc   0x000001f4   Code   RO         1666    i.ConfigFlash_SlowWrite_Fallback  config_flash.o
    0x08002bf0   0x08002bf0   0x000000fc   Code   RO         1667    i.ConfigFlash_Write  config_flash.o
    0x08002cec   0x08002cec   0x000000d0   Code   RO         2653    i.CurrentCalibrator_ProcessCommand  current_excitation_calibrator.o
    0x08002dbc   0x08002dbc   0x0000003c   Code   RO         1083    i.DAC1_Init_Constant  dac.o
    0x08002df8   0x08002df8   0x0000005c   Code   RO         1084    i.DAC1_Set_Voltage  dac.o
    0x08002e54   0x08002e54   0x00000070   Code   RO         1402    i.DAC8830_GPIO_Init  dac8830.o
    0x08002ec4   0x08002ec4   0x0000001c   Code   RO         1403    i.DAC8830_Init      dac8830.o
    0x08002ee0   0x08002ee0   0x00000048   Code   RO         1404    i.DAC8830_SPI_Write  dac8830.o
    0x08002f28   0x08002f28   0x00000068   Code   RO         1407    i.DAC8830_set_Voltage  dac8830.o
    0x08002f90   0x08002f90   0x000000e8   Code   RO         2401    i.DAC_Calibrated_SetVoltage  potentiometer_calibration.o
    0x08003078   0x08003078   0x00000012   Code   RO         7031    i.DAC_DMAConvCpltCh1  stm32h7xx_hal_dac.o
    0x0800308a   0x0800308a   0x00000012   Code   RO         7174    i.DAC_DMAConvCpltCh2  stm32h7xx_hal_dac_ex.o
    0x0800309c   0x0800309c   0x0000001a   Code   RO         7032    i.DAC_DMAErrorCh1   stm32h7xx_hal_dac.o
    0x080030b6   0x080030b6   0x0000001a   Code   RO         7175    i.DAC_DMAErrorCh2   stm32h7xx_hal_dac_ex.o
    0x080030d0   0x080030d0   0x0000000e   Code   RO         7033    i.DAC_DMAHalfConvCpltCh1  stm32h7xx_hal_dac.o
    0x080030de   0x080030de   0x0000000e   Code   RO         7176    i.DAC_DMAHalfConvCpltCh2  stm32h7xx_hal_dac_ex.o
    0x080030ec   0x080030ec   0x000000b4   Code   RO         1086    i.DAC_Init          dac.o
    0x080031a0   0x080031a0   0x00000034   Code   RO         5247    i.DMA_CalcBaseAndBitshift  stm32h7xx_hal_dma.o
    0x080031d4   0x080031d4   0x00000074   Code   RO         5248    i.DMA_CalcDMAMUXChannelBaseAndMask  stm32h7xx_hal_dma.o
    0x08003248   0x08003248   0x00000054   Code   RO         5249    i.DMA_CalcDMAMUXRequestGenBaseAndMask  stm32h7xx_hal_dma.o
    0x0800329c   0x0800329c   0x000000ae   Code   RO         5250    i.DMA_CheckFifoParam  stm32h7xx_hal_dma.o
    0x0800334a   0x0800334a   0x00000002   PAD
    0x0800334c   0x0800334c   0x000000b4   Code   RO         5251    i.DMA_SetConfig     stm32h7xx_hal_dma.o
    0x08003400   0x08003400   0x00000040   Code   RO         2154    i.DS18B20_init      18b20.o
    0x08003440   0x08003440   0x00000002   Code   RO          442    i.DebugMon_Handler  stm32h7xx_it.o
    0x08003442   0x08003442   0x00000002   PAD
    0x08003444   0x08003444   0x000000a8   Code   RO         1907    i.Decoder_Select_2to4  mos_controller.o
    0x080034ec   0x080034ec   0x000000f4   Code   RO          584    i.EIS_FrequencySweep_Measure  eis_measure.o
    0x080035e0   0x080035e0   0x00000068   Code   RO          585    i.EIS_SingleFrequency_Measure  eis_measure.o
    0x08003648   0x08003648   0x00000940   Code   RO         2737    i.ExecuteCommand    parse_command.o
    0x08003f88   0x08003f88   0x00000014   Code   RO          587    i.FAN_Enable        eis_measure.o
    0x08003f9c   0x08003f9c   0x00000054   Code   RO          588    i.FAN_Init          eis_measure.o
    0x08003ff0   0x08003ff0   0x00000010   Code   RO         1232    i.FDCAN1_IT0_IRQHandler  fdcan.o
    0x08004000   0x08004000   0x000000a8   Code   RO         1233    i.FDCAN1_Mode_Init  fdcan.o
    0x080040a8   0x080040a8   0x0000003c   Code   RO         1235    i.FDCAN1_Send_Msg   fdcan.o
    0x080040e4   0x080040e4   0x00000088   Code   RO         1236    i.FDCAN1_Send_String  fdcan.o
    0x0800416c   0x0800416c   0x00000258   Code   RO         7995    i.FDCAN_CalcultateRamBlockAddresses  stm32h7xx_hal_fdcan.o
    0x080043c4   0x080043c4   0x000000b0   Code   RO         7996    i.FDCAN_CopyMessageToRAM  stm32h7xx_hal_fdcan.o
    0x08004474   0x08004474   0x00000168   Code   RO         1668    i.Flash_EraseAllParamZones  config_flash.o
    0x080045dc   0x080045dc   0x00000148   Code   RO         1328    i.GPIO_AD7606_Configuration  ad7606.o
    0x08004724   0x08004724   0x0000009c   Code   RO         3274    i.GPIO_InitControl  ads131a04.o
    0x080047c0   0x080047c0   0x0000002a   Code   RO         1909    i.GPIO_Output_Init  mos_controller.o
    0x080047ea   0x080047ea   0x00000002   PAD
    0x080047ec   0x080047ec   0x00000138   Code   RO         1160    i.GenerateSineWave  sinewave.o
    0x08004924   0x08004924   0x00000002   Code   RO         7177    i.HAL_DACEx_ConvCpltCallbackCh2  stm32h7xx_hal_dac_ex.o
    0x08004926   0x08004926   0x00000002   Code   RO         7178    i.HAL_DACEx_ConvHalfCpltCallbackCh2  stm32h7xx_hal_dac_ex.o
    0x08004928   0x08004928   0x00000002   Code   RO         7182    i.HAL_DACEx_ErrorCallbackCh2  stm32h7xx_hal_dac_ex.o
    0x0800492a   0x0800492a   0x00000002   PAD
    0x0800492c   0x0800492c   0x0000014c   Code   RO         7034    i.HAL_DAC_ConfigChannel  stm32h7xx_hal_dac.o
    0x08004a78   0x08004a78   0x00000002   Code   RO         7035    i.HAL_DAC_ConvCpltCallbackCh1  stm32h7xx_hal_dac.o
    0x08004a7a   0x08004a7a   0x00000002   Code   RO         7036    i.HAL_DAC_ConvHalfCpltCallbackCh1  stm32h7xx_hal_dac.o
    0x08004a7c   0x08004a7c   0x00000002   Code   RO         7039    i.HAL_DAC_ErrorCallbackCh1  stm32h7xx_hal_dac.o
    0x08004a7e   0x08004a7e   0x00000028   Code   RO         7044    i.HAL_DAC_Init      stm32h7xx_hal_dac.o
    0x08004aa6   0x08004aa6   0x00000002   PAD
    0x08004aa8   0x08004aa8   0x00000064   Code   RO         1087    i.HAL_DAC_MspInit   dac.o
    0x08004b0c   0x08004b0c   0x0000002c   Code   RO         7047    i.HAL_DAC_SetValue  stm32h7xx_hal_dac.o
    0x08004b38   0x08004b38   0x0000006c   Code   RO         7048    i.HAL_DAC_Start     stm32h7xx_hal_dac.o
    0x08004ba4   0x08004ba4   0x00000120   Code   RO         7049    i.HAL_DAC_Start_DMA  stm32h7xx_hal_dac.o
    0x08004cc4   0x08004cc4   0x00000018   Code   RO         7050    i.HAL_DAC_Stop      stm32h7xx_hal_dac.o
    0x08004cdc   0x08004cdc   0x00000062   Code   RO         7051    i.HAL_DAC_Stop_DMA  stm32h7xx_hal_dac.o
    0x08004d3e   0x08004d3e   0x00000002   PAD
    0x08004d40   0x08004d40   0x00000148   Code   RO         5252    i.HAL_DMA_Abort     stm32h7xx_hal_dma.o
    0x08004e88   0x08004e88   0x000000f8   Code   RO         5253    i.HAL_DMA_Abort_IT  stm32h7xx_hal_dma.o
    0x08004f80   0x08004f80   0x00000210   Code   RO         5258    i.HAL_DMA_Init      stm32h7xx_hal_dma.o
    0x08005190   0x08005190   0x00000150   Code   RO         5262    i.HAL_DMA_Start_IT  stm32h7xx_hal_dma.o
    0x080052e0   0x080052e0   0x00000028   Code   RO         3399    i.HAL_Delay         stm32h7xx_hal.o
    0x08005308   0x08005308   0x000000ac   Code   RO         7998    i.HAL_FDCAN_ActivateNotification  stm32h7xx_hal_fdcan.o
    0x080053b4   0x080053b4   0x00000088   Code   RO         8000    i.HAL_FDCAN_AddMessageToTxFifoQ  stm32h7xx_hal_fdcan.o
    0x0800543c   0x0800543c   0x00000002   Code   RO         8001    i.HAL_FDCAN_ClockCalibrationCallback  stm32h7xx_hal_fdcan.o
    0x0800543e   0x0800543e   0x000000aa   Code   RO         8005    i.HAL_FDCAN_ConfigFilter  stm32h7xx_hal_fdcan.o
    0x080054e8   0x080054e8   0x00000024   Code   RO         8013    i.HAL_FDCAN_DeInit  stm32h7xx_hal_fdcan.o
    0x0800550c   0x0800550c   0x00000002   Code   RO         8023    i.HAL_FDCAN_ErrorCallback  stm32h7xx_hal_fdcan.o
    0x0800550e   0x0800550e   0x00000002   PAD
    0x08005510   0x08005510   0x000001c0   Code   RO         8033    i.HAL_FDCAN_GetRxMessage  stm32h7xx_hal_fdcan.o
    0x080056d0   0x080056d0   0x0000000e   Code   RO         8038    i.HAL_FDCAN_GetTxFifoFreeLevel  stm32h7xx_hal_fdcan.o
    0x080056de   0x080056de   0x00000002   Code   RO         8039    i.HAL_FDCAN_HighPriorityMessageCallback  stm32h7xx_hal_fdcan.o
    0x080056e0   0x080056e0   0x000005b0   Code   RO         8040    i.HAL_FDCAN_IRQHandler  stm32h7xx_hal_fdcan.o
    0x08005c90   0x08005c90   0x000002b0   Code   RO         8041    i.HAL_FDCAN_Init    stm32h7xx_hal_fdcan.o
    0x08005f40   0x08005f40   0x00000028   Code   RO         1237    i.HAL_FDCAN_MspDeInit  fdcan.o
    0x08005f68   0x08005f68   0x0000008c   Code   RO         1238    i.HAL_FDCAN_MspInit  fdcan.o
    0x08005ff4   0x08005ff4   0x00000002   Code   RO         8050    i.HAL_FDCAN_RxBufferNewMessageCallback  stm32h7xx_hal_fdcan.o
    0x08005ff6   0x08005ff6   0x00000002   PAD
    0x08005ff8   0x08005ff8   0x0000008c   Code   RO         1239    i.HAL_FDCAN_RxFifo0Callback  fdcan.o
    0x08006084   0x08006084   0x00000002   Code   RO         8052    i.HAL_FDCAN_RxFifo1Callback  stm32h7xx_hal_fdcan.o
    0x08006086   0x08006086   0x00000034   Code   RO         8053    i.HAL_FDCAN_Start   stm32h7xx_hal_fdcan.o
    0x080060ba   0x080060ba   0x00000068   Code   RO         8054    i.HAL_FDCAN_Stop    stm32h7xx_hal_fdcan.o
    0x08006122   0x08006122   0x00000002   Code   RO         8075    i.HAL_FDCAN_TT_GlobalTimeCallback  stm32h7xx_hal_fdcan.o
    0x08006124   0x08006124   0x00000002   Code   RO         8076    i.HAL_FDCAN_TT_ScheduleSyncCallback  stm32h7xx_hal_fdcan.o
    0x08006126   0x08006126   0x00000002   Code   RO         8081    i.HAL_FDCAN_TT_StopWatchCallback  stm32h7xx_hal_fdcan.o
    0x08006128   0x08006128   0x00000002   Code   RO         8082    i.HAL_FDCAN_TT_TimeMarkCallback  stm32h7xx_hal_fdcan.o
    0x0800612a   0x0800612a   0x00000002   Code   RO         8083    i.HAL_FDCAN_TimeoutOccurredCallback  stm32h7xx_hal_fdcan.o
    0x0800612c   0x0800612c   0x00000002   Code   RO         8084    i.HAL_FDCAN_TimestampWraparoundCallback  stm32h7xx_hal_fdcan.o
    0x0800612e   0x0800612e   0x00000002   Code   RO         8085    i.HAL_FDCAN_TxBufferAbortCallback  stm32h7xx_hal_fdcan.o
    0x08006130   0x08006130   0x00000002   Code   RO         8086    i.HAL_FDCAN_TxBufferCompleteCallback  stm32h7xx_hal_fdcan.o
    0x08006132   0x08006132   0x00000002   Code   RO         8087    i.HAL_FDCAN_TxEventFifoCallback  stm32h7xx_hal_fdcan.o
    0x08006134   0x08006134   0x00000002   Code   RO         8088    i.HAL_FDCAN_TxFifoEmptyCallback  stm32h7xx_hal_fdcan.o
    0x08006136   0x08006136   0x00000002   PAD
    0x08006138   0x08006138   0x0000024c   Code   RO         3858    i.HAL_GPIO_Init     stm32h7xx_hal_gpio.o
    0x08006384   0x08006384   0x00000010   Code   RO         3860    i.HAL_GPIO_ReadPin  stm32h7xx_hal_gpio.o
    0x08006394   0x08006394   0x00000008   Code   RO         3861    i.HAL_GPIO_TogglePin  stm32h7xx_hal_gpio.o
    0x0800639c   0x0800639c   0x0000000a   Code   RO         3862    i.HAL_GPIO_WritePin  stm32h7xx_hal_gpio.o
    0x080063a6   0x080063a6   0x00000002   PAD
    0x080063a8   0x080063a8   0x0000000c   Code   RO         3415    i.HAL_GetTick       stm32h7xx_hal.o
    0x080063b4   0x080063b4   0x0000000e   Code   RO         7964    i.HAL_IWDG_Refresh  stm32h7xx_hal_iwdg.o
    0x080063c2   0x080063c2   0x00000002   PAD
    0x080063c4   0x080063c4   0x00000018   Code   RO         3418    i.HAL_IncTick       stm32h7xx_hal.o
    0x080063dc   0x080063dc   0x0000001c   Code   RO         3419    i.HAL_Init          stm32h7xx_hal.o
    0x080063f8   0x080063f8   0x0000004c   Code   RO         3420    i.HAL_InitTick      stm32h7xx_hal.o
    0x08006444   0x08006444   0x0000005c   Code   RO         3708    i.HAL_MPU_ConfigRegion  stm32h7xx_hal_cortex.o
    0x080064a0   0x080064a0   0x0000002c   Code   RO         3709    i.HAL_MPU_Disable   stm32h7xx_hal_cortex.o
    0x080064cc   0x080064cc   0x00000040   Code   RO         3710    i.HAL_MPU_Enable    stm32h7xx_hal_cortex.o
    0x0800650c   0x0800650c   0x00000002   Code   RO         3422    i.HAL_MspInit       stm32h7xx_hal.o
    0x0800650e   0x0800650e   0x00000002   PAD
    0x08006510   0x08006510   0x00000044   Code   RO         3712    i.HAL_NVIC_DisableIRQ  stm32h7xx_hal_cortex.o
    0x08006554   0x08006554   0x00000020   Code   RO         3713    i.HAL_NVIC_EnableIRQ  stm32h7xx_hal_cortex.o
    0x08006574   0x08006574   0x0000007a   Code   RO         3719    i.HAL_NVIC_SetPriority  stm32h7xx_hal_cortex.o
    0x080065ee   0x080065ee   0x00000002   PAD
    0x080065f0   0x080065f0   0x00000028   Code   RO         3720    i.HAL_NVIC_SetPriorityGrouping  stm32h7xx_hal_cortex.o
    0x08006618   0x08006618   0x000000d4   Code   RO         8942    i.HAL_QSPI_AutoPolling  stm32h7xx_hal_qspi.o
    0x080066ec   0x080066ec   0x000000a6   Code   RO         8945    i.HAL_QSPI_Command  stm32h7xx_hal_qspi.o
    0x08006792   0x08006792   0x00000046   Code   RO         8947    i.HAL_QSPI_DeInit   stm32h7xx_hal_qspi.o
    0x080067d8   0x080067d8   0x000000fc   Code   RO         8954    i.HAL_QSPI_Init     stm32h7xx_hal_qspi.o
    0x080068d4   0x080068d4   0x00000002   Code   RO         8956    i.HAL_QSPI_MspDeInit  stm32h7xx_hal_qspi.o
    0x080068d6   0x080068d6   0x00000002   PAD
    0x080068d8   0x080068d8   0x00000030   Code   RO         2291    i.HAL_QSPI_MspInit  qspi.o
    0x08006908   0x08006908   0x000000e2   Code   RO         8958    i.HAL_QSPI_Receive  stm32h7xx_hal_qspi.o
    0x080069ea   0x080069ea   0x00000004   Code   RO         8964    i.HAL_QSPI_SetTimeout  stm32h7xx_hal_qspi.o
    0x080069ee   0x080069ee   0x000000d2   Code   RO         8967    i.HAL_QSPI_Transmit  stm32h7xx_hal_qspi.o
    0x08006ac0   0x08006ac0   0x00000038   Code   RO         4033    i.HAL_RCCEx_GetD1SysClockFreq  stm32h7xx_hal_rcc_ex.o
    0x08006af8   0x08006af8   0x0000002c   Code   RO         4034    i.HAL_RCCEx_GetD3PCLK1Freq  stm32h7xx_hal_rcc_ex.o
    0x08006b24   0x08006b24   0x0000022c   Code   RO         4036    i.HAL_RCCEx_GetPLL2ClockFreq  stm32h7xx_hal_rcc_ex.o
    0x08006d50   0x08006d50   0x0000022c   Code   RO         4037    i.HAL_RCCEx_GetPLL3ClockFreq  stm32h7xx_hal_rcc_ex.o
    0x08006f7c   0x08006f7c   0x00000b38   Code   RO         4041    i.HAL_RCCEx_PeriphCLKConfig  stm32h7xx_hal_rcc_ex.o
    0x08007ab4   0x08007ab4   0x00000250   Code   RO         3924    i.HAL_RCC_ClockConfig  stm32h7xx_hal_rcc.o
    0x08007d04   0x08007d04   0x00000038   Code   RO         3928    i.HAL_RCC_GetHCLKFreq  stm32h7xx_hal_rcc.o
    0x08007d3c   0x08007d3c   0x0000002c   Code   RO         3930    i.HAL_RCC_GetPCLK1Freq  stm32h7xx_hal_rcc.o
    0x08007d68   0x08007d68   0x0000002c   Code   RO         3931    i.HAL_RCC_GetPCLK2Freq  stm32h7xx_hal_rcc.o
    0x08007d94   0x08007d94   0x00000244   Code   RO         3932    i.HAL_RCC_GetSysClockFreq  stm32h7xx_hal_rcc.o
    0x08007fd8   0x08007fd8   0x000006c4   Code   RO         3935    i.HAL_RCC_OscConfig  stm32h7xx_hal_rcc.o
    0x0800869c   0x0800869c   0x00000264   Code   RO         8588    i.HAL_SPI_Init      stm32h7xx_hal_spi.o
    0x08008900   0x08008900   0x00000108   Code   RO         1471    i.HAL_SPI_MspInit   spi.o
    0x08008a08   0x08008a08   0x000002b6   Code   RO         8596    i.HAL_SPI_Transmit  stm32h7xx_hal_spi.o
    0x08008cbe   0x08008cbe   0x000003dc   Code   RO         8597    i.HAL_SPI_TransmitReceive  stm32h7xx_hal_spi.o
    0x0800909a   0x0800909a   0x00000002   PAD
    0x0800909c   0x0800909c   0x0000003c   Code   RO         3434    i.HAL_SYSCFG_EnableVREFBUF  stm32h7xx_hal.o
    0x080090d8   0x080090d8   0x00000014   Code   RO         3435    i.HAL_SYSCFG_VREFBUF_HighImpedanceConfig  stm32h7xx_hal.o
    0x080090ec   0x080090ec   0x00000014   Code   RO         3437    i.HAL_SYSCFG_VREFBUF_VoltageScalingConfig  stm32h7xx_hal.o
    0x08009100   0x08009100   0x00000028   Code   RO         3722    i.HAL_SYSTICK_CLKSourceConfig  stm32h7xx_hal_cortex.o
    0x08009128   0x08009128   0x00000034   Code   RO         3724    i.HAL_SYSTICK_Config  stm32h7xx_hal_cortex.o
    0x0800915c   0x0800915c   0x0000006c   Code   RO         6495    i.HAL_TIMEx_MasterConfigSynchronization  stm32h7xx_hal_tim_ex.o
    0x080091c8   0x080091c8   0x00000034   Code   RO         5821    i.HAL_TIM_Base_Init  stm32h7xx_hal_tim.o
    0x080091fc   0x080091fc   0x00000058   Code   RO         1040    i.HAL_TIM_Base_MspInit  timer.o
    0x08009254   0x08009254   0x0000001e   Code   RO         5824    i.HAL_TIM_Base_Start  stm32h7xx_hal_tim.o
    0x08009272   0x08009272   0x0000001e   Code   RO         5826    i.HAL_TIM_Base_Start_IT  stm32h7xx_hal_tim.o
    0x08009290   0x08009290   0x00000038   Code   RO         5827    i.HAL_TIM_Base_Stop  stm32h7xx_hal_tim.o
    0x080092c8   0x080092c8   0x00000038   Code   RO         5829    i.HAL_TIM_Base_Stop_IT  stm32h7xx_hal_tim.o
    0x08009300   0x08009300   0x00000002   Code   RO         4923    i.HAL_UARTEx_WakeupCallback  stm32h7xx_hal_uart_ex.o
    0x08009302   0x08009302   0x00000002   Code   RO         4587    i.HAL_UART_ErrorCallback  stm32h7xx_hal_uart.o
    0x08009304   0x08009304   0x00000014   Code   RO         4589    i.HAL_UART_GetState  stm32h7xx_hal_uart.o
    0x08009318   0x08009318   0x000001bc   Code   RO         4590    i.HAL_UART_IRQHandler  stm32h7xx_hal_uart.o
    0x080094d4   0x080094d4   0x00000078   Code   RO         4591    i.HAL_UART_Init     stm32h7xx_hal_uart.o
    0x0800954c   0x0800954c   0x000000b0   Code   RO          905    i.HAL_UART_MspInit  usart.o
    0x080095fc   0x080095fc   0x000000e0   Code   RO         4596    i.HAL_UART_Receive_IT  stm32h7xx_hal_uart.o
    0x080096dc   0x080096dc   0x00000324   Code   RO          906    i.HAL_UART_RxCpltCallback  usart.o
    0x08009a00   0x08009a00   0x00000002   Code   RO         4602    i.HAL_UART_TxCpltCallback  stm32h7xx_hal_uart.o
    0x08009a02   0x08009a02   0x00000004   Code   RO          443    i.HardFault_Handler  stm32h7xx_it.o
    0x08009a06   0x08009a06   0x00000002   PAD
    0x08009a08   0x08009a08   0x000001d4   Code   RO         2903    i.IdFlash_Dump      identity_flash.o
    0x08009bdc   0x08009bdc   0x000000a4   Code   RO         2904    i.IdFlash_LoadAtStartup  identity_flash.o
    0x08009c80   0x08009c80   0x00000044   Code   RO         2906    i.IdFlash_ResetToDefaultAndSave  identity_flash.o
    0x08009cc4   0x08009cc4   0x0000008c   Code   RO         2913    i.IdFlash_Write     identity_flash.o
    0x08009d50   0x08009d50   0x00000010   Code   RO          860    i.KEY_Init          key.o
    0x08009d60   0x08009d60   0x0000000c   Code   RO          740    i.LED_All_Off       led.o
    0x08009d6c   0x08009d6c   0x00000014   Code   RO          743    i.LED_Green_Off     led.o
    0x08009d80   0x08009d80   0x00000014   Code   RO          744    i.LED_Green_On      led.o
    0x08009d94   0x08009d94   0x00000050   Code   RO          746    i.LED_Init          led.o
    0x08009de4   0x08009de4   0x00000014   Code   RO          747    i.LED_Red_Off       led.o
    0x08009df8   0x08009df8   0x00000014   Code   RO          748    i.LED_Red_On        led.o
    0x08009e0c   0x08009e0c   0x00000010   Code   RO          749    i.LED_Red_Toggle    led.o
    0x08009e1c   0x08009e1c   0x00000032   Code   RO          983    i.MPU_Memory_Protection  system.o
    0x08009e4e   0x08009e4e   0x0000005a   Code   RO          984    i.MPU_Set_Protection  system.o
    0x08009ea8   0x08009ea8   0x00000044   Code   RO         1472    i.MX_SPI1_Init      spi.o
    0x08009eec   0x08009eec   0x0000005c   Code   RO         1473    i.MX_SPI6_Init      spi.o
    0x08009f48   0x08009f48   0x00000064   Code   RO         1088    i.MY_VREFBUF_Init   dac.o
    0x08009fac   0x08009fac   0x00000038   Code   RO         1910    i.Map_B_to_S        mos_controller.o
    0x08009fe4   0x08009fe4   0x00000004   Code   RO          444    i.MemManage_Handler  stm32h7xx_it.o
    0x08009fe8   0x08009fe8   0x00000002   Code   RO          445    i.NMI_Handler       stm32h7xx_it.o
    0x08009fea   0x08009fea   0x00000002   PAD
    0x08009fec   0x08009fec   0x00000690   Code   RO         2738    i.ParseReceivedData  parse_command.o
    0x0800a67c   0x0800a67c   0x00000002   Code   RO          446    i.PendSV_Handler    stm32h7xx_it.o
    0x0800a67e   0x0800a67e   0x00000002   PAD
    0x0800a680   0x0800a680   0x00000074   Code   RO         2403    i.PotentiometerCalibration_Init  potentiometer_calibration.o
    0x0800a6f4   0x0800a6f4   0x0000012c   Code   RO         2404    i.PotentiometerCalibration_ValidateCalibration  potentiometer_calibration.o
    0x0800a820   0x0800a820   0x00000014   Code   RO          589    i.Power5200_Disable  eis_measure.o
    0x0800a834   0x0800a834   0x00000014   Code   RO          590    i.Power5200_Enable  eis_measure.o
    0x0800a848   0x0800a848   0x00000054   Code   RO          591    i.Power5200_Init    eis_measure.o
    0x0800a89c   0x0800a89c   0x000000bc   Code   RO         2405    i.PrintVoltageWithAutoUnit  potentiometer_calibration.o
    0x0800a958   0x0800a958   0x00000190   Code   RO         2654    i.ProcessCurrentMeasurement  current_excitation_calibrator.o
    0x0800aae8   0x0800aae8   0x0000024a   Code   RO         8972    i.QSPI_Config       stm32h7xx_hal_qspi.o
    0x0800ad32   0x0800ad32   0x00000002   PAD
    0x0800ad34   0x0800ad34   0x000000d0   Code   RO         2292    i.QSPI_GPIO_Init    qspi.o
    0x0800ae04   0x0800ae04   0x00000060   Code   RO         2293    i.QSPI_Init         qspi.o
    0x0800ae64   0x0800ae64   0x0000004c   Code   RO         8977    i.QSPI_WaitFlagStateUntilTimeout  stm32h7xx_hal_qspi.o
    0x0800aeb0   0x0800aeb0   0x00000130   Code   RO         4044    i.RCCEx_PLL2_Config  stm32h7xx_hal_rcc_ex.o
    0x0800afe0   0x0800afe0   0x00000130   Code   RO         4045    i.RCCEx_PLL3_Config  stm32h7xx_hal_rcc_ex.o
    0x0800b110   0x0800b110   0x00000054   Code   RO          594    i.RELAY_Init        eis_measure.o
    0x0800b164   0x0800b164   0x00000010   Code   RO          595    i.RawToSignedCode   eis_measure.o
    0x0800b174   0x0800b174   0x00000030   Code   RO          596    i.Reset_ADCRateStepCompensation  eis_measure.o
    0x0800b1a4   0x0800b1a4   0x00000054   Code   RO         1090    i.Restart_DAC_Wave  dac.o
    0x0800b1f8   0x0800b1f8   0x0000007c   Code   RO         2406    i.Run_Complete_Calibration_Test  potentiometer_calibration.o
    0x0800b274   0x0800b274   0x0000001c   Code   RO         3023    i.RuntimeFlash_AddRunHours  runtime_flash.o
    0x0800b290   0x0800b290   0x00000184   Code   RO         3024    i.RuntimeFlash_Dump  runtime_flash.o
    0x0800b414   0x0800b414   0x000000b0   Code   RO         3025    i.RuntimeFlash_LoadAtStartup  runtime_flash.o
    0x0800b4c4   0x0800b4c4   0x00000014   Code   RO         3026    i.RuntimeFlash_OnBoot  runtime_flash.o
    0x0800b4d8   0x0800b4d8   0x00000014   Code   RO         3027    i.RuntimeFlash_OnEisFinished  runtime_flash.o
    0x0800b4ec   0x0800b4ec   0x00000048   Code   RO         3029    i.RuntimeFlash_ResetToDefaultAndSave  runtime_flash.o
    0x0800b534   0x0800b534   0x0000003c   Code   RO         3030    i.RuntimeFlash_SaveIfDirty  runtime_flash.o
    0x0800b570   0x0800b570   0x00000094   Code   RO         3032    i.RuntimeFlash_Write  runtime_flash.o
    0x0800b604   0x0800b604   0x00000018   Code   RO         3033    i.Runtime_BackgroundTask  runtime_flash.o
    0x0800b61c   0x0800b61c   0x00000030   Code   RO         3034    i.Runtime_On1sTick  runtime_flash.o
    0x0800b64c   0x0800b64c   0x0000009c   Code   RO          985    i.SCB_EnableDCache  system.o
    0x0800b6e8   0x0800b6e8   0x0000007c   Code   RO          986    i.SCB_EnableICache  system.o
    0x0800b764   0x0800b764   0x00000020   Code   RO         1474    i.SPI1_ReadWriteByte  spi.o
    0x0800b784   0x0800b784   0x000000fc   Code   RO         8613    i.SPI_CloseTransfer  stm32h7xx_hal_spi.o
    0x0800b880   0x0800b880   0x0000001a   Code   RO         8624    i.SPI_GetPacketSize  stm32h7xx_hal_spi.o
    0x0800b89a   0x0800b89a   0x00000002   PAD
    0x0800b89c   0x0800b89c   0x00000064   Code   RO         1476    i.SPI_Init          spi.o
    0x0800b900   0x0800b900   0x00000040   Code   RO         8631    i.SPI_WaitOnFlagUntilTimeout  stm32h7xx_hal_spi.o
    0x0800b940   0x0800b940   0x00000002   Code   RO          447    i.SVC_Handler       stm32h7xx_it.o
    0x0800b942   0x0800b942   0x00000002   PAD
    0x0800b944   0x0800b944   0x00000014   Code   RO         1915    i.S_All_Disable     mos_controller.o
    0x0800b958   0x0800b958   0x00000014   Code   RO         1916    i.S_All_Enable      mos_controller.o
    0x0800b96c   0x0800b96c   0x00000068   Code   RO         1917    i.S_Latch           mos_controller.o
    0x0800b9d4   0x0800b9d4   0x0000003c   Code   RO         1918    i.S_SetAddrBus      mos_controller.o
    0x0800ba10   0x0800ba10   0x0000015c   Code   RO          597    i.Send_EIS_Result   eis_measure.o
    0x0800bb6c   0x0800bb6c   0x00000034   Code   RO         1240    i.Send_Line         fdcan.o
    0x0800bba0   0x0800bba0   0x00000020   Code   RO          598    i.SignedCodeToVoltage  eis_measure.o
    0x0800bbc0   0x0800bbc0   0x000000f0   Code   RO         2655    i.StartCalibration  current_excitation_calibrator.o
    0x0800bcb0   0x0800bcb0   0x0000023c   Code   RO         1921    i.SwitchMatrix_Init  mos_controller.o
    0x0800beec   0x0800beec   0x000001cc   Code   RO         1922    i.SwitchWindow_Program  mos_controller.o
    0x0800c0b8   0x0800c0b8   0x00000008   Code   RO          448    i.SysTick_Handler   stm32h7xx_it.o
    0x0800c0c0   0x0800c0c0   0x00000014   Code   RO          820    i.SysTick_clkconfig  delay.o
    0x0800c0d4   0x0800c0d4   0x000000c4   Code   RO          987    i.SystemClock_Config  system.o
    0x0800c198   0x0800c198   0x00000094   Code   RO          546    i.SystemInit        system_stm32h7xx.o
    0x0800c22c   0x0800c22c   0x00000054   Code   RO         2155    i.TEM_delay_us      18b20.o
    0x0800c280   0x0800c280   0x00000070   Code   RO          449    i.TIM6_DAC_IRQHandler  stm32h7xx_it.o
    0x0800c2f0   0x0800c2f0   0x00000054   Code   RO         1041    i.TIM6_Init         timer.o
    0x0800c344   0x0800c344   0x00000030   Code   RO          450    i.TIM7_IRQHandler   stm32h7xx_it.o
    0x0800c374   0x0800c374   0x0000003c   Code   RO         1042    i.TIM7_Init         timer.o
    0x0800c3b0   0x0800c3b0   0x000000cc   Code   RO         5905    i.TIM_Base_SetConfig  stm32h7xx_hal_tim.o
    0x0800c47c   0x0800c47c   0x00000036   Code   RO         2656    i.TrimCommand       current_excitation_calibrator.o
    0x0800c4b2   0x0800c4b2   0x000000ea   Code   RO         4604    i.UART_AdvFeatureConfig  stm32h7xx_hal_uart.o
    0x0800c59c   0x0800c59c   0x00000074   Code   RO         4605    i.UART_CheckIdleState  stm32h7xx_hal_uart.o
    0x0800c610   0x0800c610   0x00000018   Code   RO         4606    i.UART_DMAAbortOnError  stm32h7xx_hal_uart.o
    0x0800c628   0x0800c628   0x00000020   Code   RO         4616    i.UART_EndRxTransfer  stm32h7xx_hal_uart.o
    0x0800c648   0x0800c648   0x00000020   Code   RO         4617    i.UART_EndTransmit_IT  stm32h7xx_hal_uart.o
    0x0800c668   0x0800c668   0x0000008a   Code   RO         4619    i.UART_Receive_IT   stm32h7xx_hal_uart.o
    0x0800c6f2   0x0800c6f2   0x00000002   PAD
    0x0800c6f4   0x0800c6f4   0x000009a4   Code   RO         4620    i.UART_SetConfig    stm32h7xx_hal_uart.o
    0x0800d098   0x0800d098   0x00000082   Code   RO         4621    i.UART_Transmit_IT  stm32h7xx_hal_uart.o
    0x0800d11a   0x0800d11a   0x0000006c   Code   RO         4622    i.UART_WaitOnFlagUntilTimeout  stm32h7xx_hal_uart.o
    0x0800d186   0x0800d186   0x00000002   PAD
    0x0800d188   0x0800d188   0x00000050   Code   RO          907    i.USART1_IRQHandler  usart.o
    0x0800d1d8   0x0800d1d8   0x00000004   Code   RO          451    i.UsageFault_Handler  stm32h7xx_it.o
    0x0800d1dc   0x0800d1dc   0x00000198   Code   RO         2407    i.Validate_AllChannels_Reading  potentiometer_calibration.o
    0x0800d374   0x0800d374   0x000007c8   Code   RO         2408    i.Validate_CH2_AD620_Gain  potentiometer_calibration.o
    0x0800db3c   0x0800db3c   0x00000164   Code   RO         2409    i.Validate_CH3_DAC_Output  potentiometer_calibration.o
    0x0800dca0   0x0800dca0   0x00000090   Code   RO         1792    i.W25QXX_Init       w25qxx.o
    0x0800dd30   0x0800dd30   0x0000004c   Code   RO         1795    i.W25QXX_ReadID     w25qxx.o
    0x0800dd7c   0x0800dd7c   0x00000054   Code   RO         1796    i.W25QXX_ReadSR     w25qxx.o
    0x0800ddd0   0x0800ddd0   0x00000010   Code   RO         1195    i.Watchdog_Refresh  watchdog.o
    0x0800dde0   0x0800dde0   0x00000080   Code   RO         1924    i.X_Set_ByStep      mos_controller.o
    0x0800de60   0x0800de60   0x00000020   Code   RO         9621    i.__0printf         mc_w.l(printfa.o)
    0x0800de80   0x0800de80   0x00000034   Code   RO         9622    i.__0snprintf       mc_w.l(printfa.o)
    0x0800deb4   0x0800deb4   0x00000034   Code   RO         9626    i.__0vsnprintf      mc_w.l(printfa.o)
    0x0800dee8   0x0800dee8   0x00000030   Code   RO         9724    i.__ARM_fpclassify  m_wv.l(fpclassify.o)
    0x0800df18   0x0800df18   0x00000026   Code   RO         9726    i.__ARM_fpclassifyf  m_wv.l(fpclassifyf.o)
    0x0800df3e   0x0800df3e   0x00000002   PAD
    0x0800df40   0x0800df40   0x00000010   Code   RO         3726    i.__NVIC_GetPriorityGrouping  stm32h7xx_hal_cortex.o
    0x0800df50   0x0800df50   0x00000028   Code   RO         3727    i.__NVIC_SetPriority  stm32h7xx_hal_cortex.o
    0x0800df78   0x0800df78   0x00000008   Code   RO         9797    i.__aeabi_errno_addr  mc_w.l(errno.o)
    0x0800df80   0x0800df80   0x000002b4   Code   RO         9203    i.__hardfp_atan2f   m_wv.l(atan2f.o)
    0x0800e234   0x0800e234   0x00000150   Code   RO         9227    i.__hardfp_cosf     m_wv.l(cosf.o)
    0x0800e384   0x0800e384   0x00000048   Code   RO         9319    i.__hardfp_fmaxf    m_wv.l(fmaxf.o)
    0x0800e3cc   0x0800e3cc   0x00000048   Code   RO         9323    i.__hardfp_fminf    m_wv.l(fminf.o)
    0x0800e414   0x0800e414   0x00000004   PAD
    0x0800e418   0x0800e418   0x0000023c   Code   RO         9742    i.__hardfp_log      m_wv.l(log.o)
    0x0800e654   0x0800e654   0x00000004   PAD
    0x0800e658   0x0800e658   0x00000100   Code   RO         9239    i.__hardfp_log10    m_wv.l(log10.o)
    0x0800e758   0x0800e758   0x000008f8   Code   RO         9251    i.__hardfp_pow      m_wv.l(pow.o)
    0x0800f050   0x0800f050   0x000000a0   Code   RO         9327    i.__hardfp_roundf   m_wv.l(roundf.o)
    0x0800f0f0   0x0800f0f0   0x00000194   Code   RO         9277    i.__hardfp_sinf     m_wv.l(sinf.o)
    0x0800f284   0x0800f284   0x0000003a   Code   RO         9301    i.__hardfp_sqrtf    m_wv.l(sqrtf.o)
    0x0800f2be   0x0800f2be   0x00000002   PAD
    0x0800f2c0   0x0800f2c0   0x00000028   Code   RO         9313    i.__hardfp_strtod   m_wv.l(strtod.o)
    0x0800f2e8   0x0800f2e8   0x00000070   Code   RO         9756    i.__kernel_poly     m_wv.l(poly.o)
    0x0800f358   0x0800f358   0x00000020   Code   RO         9704    i.__mathlib_dbl_divzero  m_wv.l(dunder.o)
    0x0800f378   0x0800f378   0x00000006   Code   RO         9705    i.__mathlib_dbl_infnan  m_wv.l(dunder.o)
    0x0800f37e   0x0800f37e   0x00000006   Code   RO         9706    i.__mathlib_dbl_infnan2  m_wv.l(dunder.o)
    0x0800f384   0x0800f384   0x00000004   PAD
    0x0800f388   0x0800f388   0x00000018   Code   RO         9707    i.__mathlib_dbl_invalid  m_wv.l(dunder.o)
    0x0800f3a0   0x0800f3a0   0x00000018   Code   RO         9708    i.__mathlib_dbl_overflow  m_wv.l(dunder.o)
    0x0800f3b8   0x0800f3b8   0x00000018   Code   RO         9710    i.__mathlib_dbl_underflow  m_wv.l(dunder.o)
    0x0800f3d0   0x0800f3d0   0x00000006   Code   RO         9729    i.__mathlib_flt_infnan  m_wv.l(funder.o)
    0x0800f3d6   0x0800f3d6   0x00000006   Code   RO         9730    i.__mathlib_flt_infnan2  m_wv.l(funder.o)
    0x0800f3dc   0x0800f3dc   0x00000010   Code   RO         9731    i.__mathlib_flt_invalid  m_wv.l(funder.o)
    0x0800f3ec   0x0800f3ec   0x00000010   Code   RO         9734    i.__mathlib_flt_underflow  m_wv.l(funder.o)
    0x0800f3fc   0x0800f3fc   0x00000154   Code   RO         9764    i.__mathlib_rredf2  m_wv.l(rredf.o)
    0x0800f550   0x0800f550   0x0000000e   Code   RO         9850    i.__scatterload_copy  mc_w.l(handlers.o)
    0x0800f55e   0x0800f55e   0x00000002   Code   RO         9851    i.__scatterload_null  mc_w.l(handlers.o)
    0x0800f560   0x0800f560   0x0000000e   Code   RO         9852    i.__scatterload_zeroinit  mc_w.l(handlers.o)
    0x0800f56e   0x0800f56e   0x00000002   PAD
    0x0800f570   0x0800f570   0x0000000c   Code   RO         9799    i.__set_errno       mc_w.l(errno.o)
    0x0800f57c   0x0800f57c   0x00000184   Code   RO         9628    i._fp_digits        mc_w.l(printfa.o)
    0x0800f700   0x0800f700   0x0000000e   Code   RO         9681    i._is_digit         mc_w.l(scanf_fp.o)
    0x0800f70e   0x0800f70e   0x00000002   PAD
    0x0800f710   0x0800f710   0x000006b4   Code   RO         9629    i._printf_core      mc_w.l(printfa.o)
    0x0800fdc4   0x0800fdc4   0x00000024   Code   RO         9630    i._printf_post_padding  mc_w.l(printfa.o)
    0x0800fde8   0x0800fde8   0x0000002e   Code   RO         9631    i._printf_pre_padding  mc_w.l(printfa.o)
    0x0800fe16   0x0800fe16   0x00000016   Code   RO         9632    i._snputc           mc_w.l(printfa.o)
    0x0800fe2c   0x0800fe2c   0x000000e0   Code   RO         1669    i.apply_to_globals  config_flash.o
    0x0800ff0c   0x0800ff0c   0x000000d4   Code   RO         1537    i.auto_adjust_param  digital_lock_in.o
    0x0800ffe0   0x0800ffe0   0x0000003c   Code   RO         3153    i.calib_fixup_and_crc  calib_flash.o
    0x0801001c   0x0801001c   0x00000040   Code   RO         3154    i.calib_is_valid    calib_flash.o
    0x0801005c   0x0801005c   0x00000024   Code   RO         3155    i.calib_set_all_zero  calib_flash.o
    0x08010080   0x08010080   0x00000044   Code   RO         1670    i.cfg_is_valid      config_flash.o
    0x080100c4   0x080100c4   0x00000044   Code   RO         1671    i.cfg_qspi_erase_sector_slow  config_flash.o
    0x08010108   0x08010108   0x00000078   Code   RO         1672    i.cfg_qspi_page_program_slow  config_flash.o
    0x08010180   0x08010180   0x00000058   Code   RO         1673    i.cfg_qspi_read_slow  config_flash.o
    0x080101d8   0x080101d8   0x00000014   Code   RO         1674    i.cfg_qspi_reinit   config_flash.o
    0x080101ec   0x080101ec   0x00000030   Code   RO         1675    i.cfg_qspi_wren     config_flash.o
    0x0801021c   0x0801021c   0x00000018   Code   RO          821    i.delay_ms          delay.o
    0x08010234   0x08010234   0x00000048   Code   RO          822    i.delay_us          delay.o
    0x0801027c   0x0801027c   0x000000f4   Code   RO         1538    i.design_fir_filter  digital_lock_in.o
    0x08010370   0x08010370   0x00000026   Code   RO         1540    i.digital_lock_in_deinit  digital_lock_in.o
    0x08010396   0x08010396   0x00000002   PAD
    0x08010398   0x08010398   0x0000002c   Code   RO         1541    i.digital_lock_in_get_config  digital_lock_in.o
    0x080103c4   0x080103c4   0x000000bc   Code   RO         1544    i.digital_lock_in_init_inst  digital_lock_in.o
    0x08010480   0x08010480   0x00000054   Code   RO         2156    i.ds18b20_check     18b20.o
    0x080104d4   0x080104d4   0x0000008e   Code   RO         2157    i.ds18b20_get_temperature  18b20.o
    0x08010562   0x08010562   0x00000020   Code   RO         2158    i.ds18b20_get_temperature_float  18b20.o
    0x08010582   0x08010582   0x00000002   PAD
    0x08010584   0x08010584   0x00000068   Code   RO         2159    i.ds18b20_init      18b20.o
    0x080105ec   0x080105ec   0x00000048   Code   RO         2160    i.ds18b20_read_bit  18b20.o
    0x08010634   0x08010634   0x00000022   Code   RO         2161    i.ds18b20_read_byte  18b20.o
    0x08010656   0x08010656   0x00000002   PAD
    0x08010658   0x08010658   0x00000034   Code   RO         2162    i.ds18b20_reset     18b20.o
    0x0801068c   0x0801068c   0x00000018   Code   RO         2163    i.ds18b20_start     18b20.o
    0x080106a4   0x080106a4   0x00000070   Code   RO         2164    i.ds18b20_write_byte  18b20.o
    0x08010714   0x08010714   0x0000000c   Code   RO         2033    i.enter_critical    norflash.o
    0x08010720   0x08010720   0x00000006   Code   RO         2034    i.exit_critical     norflash.o
    0x08010726   0x08010726   0x00000018   Code   RO         9720    i.fabs              m_wv.l(fabs.o)
    0x0801073e   0x0801073e   0x0000001e   Code   RO         1545    i.fir_filter_deinit  digital_lock_in.o
    0x0801075c   0x0801075c   0x00000034   Code   RO         1546    i.fir_filter_init   digital_lock_in.o
    0x08010790   0x08010790   0x00000084   Code   RO         1547    i.fir_filter_process  digital_lock_in.o
    0x08010814   0x08010814   0x0000001c   Code   RO          909    i.fputc             usart.o
    0x08010830   0x08010830   0x00000050   Code   RO         9649    i.free              mc_w.l(malloc.o)
    0x08010880   0x08010880   0x0000006a   Code   RO         1161    i.generate_frequency_points  sinewave.o
    0x080108ea   0x080108ea   0x00000002   PAD
    0x080108ec   0x080108ec   0x0000033c   Code   RO         2739    i.getCommandEnum    parse_command.o
    0x08010c28   0x08010c28   0x00000098   Code   RO         2915    i.id_default_init   identity_flash.o
    0x08010cc0   0x08010cc0   0x00000024   Code   RO         2916    i.id_fixup_and_crc  identity_flash.o
    0x08010ce4   0x08010ce4   0x00000040   Code   RO         2917    i.id_is_valid       identity_flash.o
    0x08010d24   0x08010d24   0x00000002   Code   RO         1676    i.load_defaults_to_globals  config_flash.o
    0x08010d26   0x08010d26   0x00000010   Code   RO         9744    i.log               m_wv.l(log.o)
    0x08010d36   0x08010d36   0x00000002   PAD
    0x08010d38   0x08010d38   0x000004bc   Code   RO            4    i.main              main.o
    0x080111f4   0x080111f4   0x0000006c   Code   RO         9650    i.malloc            mc_w.l(malloc.o)
    0x08011260   0x08011260   0x00000178   Code   RO         1548    i.multifrequency_process  digital_lock_in.o
    0x080113d8   0x080113d8   0x000000c8   Code   RO         2036    i.norflash_erase_sector  norflash.o
    0x080114a0   0x080114a0   0x0000000c   Code   RO         2235    i.norflash_ex_erase_sector  norflash_ex.o
    0x080114ac   0x080114ac   0x00000014   Code   RO         2236    i.norflash_ex_read  norflash_ex.o
    0x080114c0   0x080114c0   0x00000008   Code   RO         2237    i.norflash_ex_read_id  norflash_ex.o
    0x080114c8   0x080114c8   0x00000034   Code   RO         2238    i.norflash_ex_write  norflash_ex.o
    0x080114fc   0x080114fc   0x0000000c   Code   RO         2037    i.norflash_get_addr_size  norflash.o
    0x08011508   0x08011508   0x0000005c   Code   RO         2038    i.norflash_init     norflash.o
    0x08011564   0x08011564   0x0000008c   Code   RO         2039    i.norflash_page_program  norflash.o
    0x080115f0   0x080115f0   0x0000005c   Code   RO         2040    i.norflash_read     norflash.o
    0x0801164c   0x0801164c   0x0000005c   Code   RO         2041    i.norflash_read_id  norflash.o
    0x080116a8   0x080116a8   0x00000054   Code   RO         2042    i.norflash_read_sr  norflash.o
    0x080116fc   0x080116fc   0x00000080   Code   RO         2044    i.norflash_wait_wip_clear  norflash.o
    0x0801177c   0x0801177c   0x0000000a   Code   RO         2046    i.norflash_write_enable  norflash.o
    0x08011786   0x08011786   0x00000002   PAD
    0x08011788   0x08011788   0x0000004c   Code   RO         2047    i.norflash_write_sr  norflash.o
    0x080117d4   0x080117d4   0x000000f4   Code   RO         1677    i.pack_globals      config_flash.o
    0x080118c8   0x080118c8   0x0000005c   Code   RO         1549    i.preprocess_signal  digital_lock_in.o
    0x08011924   0x08011924   0x00000038   Code   RO         1550    i.process_current   digital_lock_in.o
    0x0801195c   0x0801195c   0x00000038   Code   RO         1551    i.process_voltage   digital_lock_in.o
    0x08011994   0x08011994   0x00000040   Code   RO         2918    i.qg_crc32          identity_flash.o
    0x080119d4   0x080119d4   0x00000040   Code   RO         3035    i.qg_crc32          runtime_flash.o
    0x08011a14   0x08011a14   0x00000040   Code   RO         3156    i.qg_crc32          calib_flash.o
    0x08011a54   0x08011a54   0x00000030   Code   RO         2048    i.qspi_cmd_simple   norflash.o
    0x08011a84   0x08011a84   0x00000008   Code   RO         2829    i.read_ambient_temperature  sys_protection.o
    0x08011a8c   0x08011a8c   0x0000004c   Code   RO         3036    i.rt_default_init   runtime_flash.o
    0x08011ad8   0x08011ad8   0x00000024   Code   RO         3037    i.rt_fixup_and_crc  runtime_flash.o
    0x08011afc   0x08011afc   0x00000040   Code   RO         3038    i.rt_is_valid       runtime_flash.o
    0x08011b3c   0x08011b3c   0x00000278   Code   RO         1552    i.run_lockin_core   digital_lock_in.o
    0x08011db4   0x08011db4   0x00000140   Code   RO          600    i.set_excitation_current  eis_measure.o
    0x08011ef4   0x08011ef4   0x00000040   Code   RO         1678    i.simple_crc32      config_flash.o
    0x08011f34   0x08011f34   0x00000764   Code   RO          601    i.single_measure    eis_measure.o
    0x08012698   0x08012698   0x0000006a   Code   RO         9291    i.sqrt              m_wv.l(sqrt.o)
    0x08012702   0x08012702   0x00000002   PAD
    0x08012704   0x08012704   0x00000050   Code   RO          602    i.sweep_measure     eis_measure.o
    0x08012754   0x08012754   0x00000064   Code   RO         2740    i.trim              parse_command.o
    0x080127b8   0x080127b8   0x00000038   Code   RO          910    i.uart_init         usart.o
    0x080127f0   0x080127f0   0x00000014   Code   RO         2741    i.volatile_memset   parse_command.o
    0x08012804   0x08012804   0x00000020   Code   RO         2743    i.volatile_strncpy  parse_command.o
    0x08012824   0x08012824   0x0000007c   Code   RO         2744    i.volatile_trim     parse_command.o
    0x080128a0   0x080128a0   0x00000040   Data   RO          547    .constdata          system_stm32h7xx.o
    0x080128e0   0x080128e0   0x00000034   Data   RO          863    .constdata          key.o
    0x08012914   0x08012914   0x00000054   Data   RO         1242    .constdata          fdcan.o
    0x08012968   0x08012968   0x000000b0   Data   RO         2341    .constdata          ad620_gainctrl.o
    0x08012a18   0x08012a18   0x00000088   Data   RO         2410    .constdata          potentiometer_calibration.o
    0x08012aa0   0x08012aa0   0x000000b0   Data   RO         3275    .constdata          ads131a04.o
    0x08012b50   0x08012b50   0x00000030   Data   RO         4623    .constdata          stm32h7xx_hal_uart.o
    0x08012b80   0x08012b80   0x00000038   Data   RO         5264    .constdata          stm32h7xx_hal_dma.o
    0x08012bb8   0x08012bb8   0x00000053   Data   RO         8089    .constdata          stm32h7xx_hal_fdcan.o
    0x08012c0b   0x08012c0b   0x00000005   PAD
    0x08012c10   0x08012c10   0x00000088   Data   RO         9254    .constdata          m_wv.l(pow.o)
    0x08012c98   0x08012c98   0x00000081   Data   RO         9339    .constdata          mc_w.l(ctype_o.o)
    0x08012d19   0x08012d19   0x00000003   PAD
    0x08012d1c   0x08012d1c   0x00000004   Data   RO         9340    .constdata          mc_w.l(ctype_o.o)
    0x08012d20   0x08012d20   0x00000038   Data   RO         9745    .constdata          m_wv.l(log.o)
    0x08012d58   0x08012d58   0x00000008   Data   RO         9758    .constdata          m_wv.l(qnan.o)
    0x08012d60   0x08012d60   0x00000020   Data   RO         9765    .constdata          m_wv.l(rredf.o)
    0x08012d80   0x08012d80   0x00000044   Data   RO          913    .conststring        usart.o
    0x08012dc4   0x08012dc4   0x0000000a   Data   RO         1555    .conststring        digital_lock_in.o
    0x08012dce   0x08012dce   0x00000002   PAD
    0x08012dd0   0x08012dd0   0x00000046   Data   RO         2050    .conststring        norflash.o
    0x08012e16   0x08012e16   0x00000002   PAD
    0x08012e18   0x08012e18   0x0000009c   Data   RO         2411    .conststring        potentiometer_calibration.o
    0x08012eb4   0x08012eb4   0x00000184   Data   RO         2659    .conststring        current_excitation_calibrator.o
    0x08013038   0x08013038   0x0000004a   Data   RO         2747    .conststring        parse_command.o
    0x08013082   0x08013082   0x00000002   PAD
    0x08013084   0x08013084   0x00000020   Data   RO         9848    Region$$Table       anon$$obj.o


    Execution Region RW_IRAM1 (Exec base: 0x20000000, Load base: 0x080130a4, Size: 0x00000000, Max: 0x00020000, ABSOLUTE)

    **** No section assigned to this execution region ****


    Execution Region RW_IRAM2 (Exec base: 0x24000000, Load base: 0x080130a4, Size: 0x0002e798, Max: 0x00080000, ABSOLUTE, COMPRESSED[0x0000009c])

    Exec Addr    Load Addr    Size         Type   Attr      Idx    E Section Name        Object

    0x24000000   COMPRESSED   0x00000008   Data   RW          548    .data               system_stm32h7xx.o
    0x24000008   COMPRESSED   0x00000049   Data   RW          605    .data               eis_measure.o
    0x24000051   COMPRESSED   0x00000003   PAD
    0x24000054   COMPRESSED   0x00000004   Data   RW          824    .data               delay.o
    0x24000058   COMPRESSED   0x00000009   Data   RW          864    .data               key.o
    0x24000061   COMPRESSED   0x00000003   PAD
    0x24000064   COMPRESSED   0x00000008   Data   RW          914    .data               usart.o
    0x2400006c   COMPRESSED   0x0000000a   Data   RW         1243    .data               fdcan.o
    0x24000076   COMPRESSED   0x00000002   PAD
    0x24000078   COMPRESSED   0x00000060   Data   RW         1330    .data               ad7606.o
    0x240000d8   COMPRESSED   0x00000004   Data   RW         1556    .data               digital_lock_in.o
    0x240000dc   COMPRESSED   0x00000002   Data   RW         1807    .data               w25qxx.o
    0x240000de   COMPRESSED   0x00000002   PAD
    0x240000e0   COMPRESSED   0x00000006   Data   RW         2051    .data               norflash.o
    0x240000e6   COMPRESSED   0x00000001   Data   RW         2342    .data               ad620_gainctrl.o
    0x240000e7   COMPRESSED   0x00000001   PAD
    0x240000e8   COMPRESSED   0x00000006   Data   RW         2660    .data               current_excitation_calibrator.o
    0x240000ee   COMPRESSED   0x00000002   PAD
    0x240000f0   COMPRESSED   0x00000048   Data   RW         2712    .data               global_command.o
    0x24000138   COMPRESSED   0x00000020   Data   RW         2748    .data               parse_command.o
    0x24000158   COMPRESSED   0x00000005   Data   RW         3041    .data               runtime_flash.o
    0x2400015d   COMPRESSED   0x00000001   Data   RW         3159    .data               calib_flash.o
    0x2400015e   COMPRESSED   0x00000002   PAD
    0x24000160   COMPRESSED   0x00000009   Data   RW         3442    .data               stm32h7xx_hal.o
    0x24000169   COMPRESSED   0x00000003   PAD
    0x2400016c   COMPRESSED   0x00000004   Data   RW         9795    .data               mc_w.l(mvars.o)
    0x24000170   COMPRESSED   0x00000004   Data   RW         9796    .data               mc_w.l(mvars.o)
    0x24000174   COMPRESSED   0x00000004   Data   RW         9800    .data               mc_w.l(errno.o)
    0x24000178        -       0x00014e58   Zero   RW          603    .bss                eis_measure.o
    0x24014fd0        -       0x00000148   Zero   RW          911    .bss                usart.o
    0x24015118        -       0x00000080   Zero   RW         1043    .bss                timer.o
    0x24015198        -       0x0000008c   Zero   RW         1091    .bss                dac.o
    0x24015224        -       0x00000010   Zero   RW         1196    .bss                watchdog.o
    0x24015234        -       0x00000168   Zero   RW         1241    .bss                fdcan.o
    0x2401539c        -       0x00000198   Zero   RW         1477    .bss                spi.o
    0x24015534        -       0x00001fb4   Zero   RW         1553    .bss                digital_lock_in.o
    0x240174e8        -       0x0000005e   Zero   RW         1679    .bss                config_flash.o
    0x24017546   COMPRESSED   0x00000002   PAD
    0x24017548        -       0x0000004c   Zero   RW         2294    .bss                qspi.o
    0x24017594        -       0x0000005c   Zero   RW         2657    .bss                current_excitation_calibrator.o
    0x240175f0        -       0x00000028   Zero   RW         2710    .bss                global_command.o
    0x24017618        -       0x00000020   Zero   RW         2745    .bss                parse_command.o
    0x24017638        -       0x00000094   Zero   RW         2919    .bss                identity_flash.o
    0x240176cc        -       0x0000004c   Zero   RW         3039    .bss                runtime_flash.o
    0x24017718        -       0x0000007c   Zero   RW         3157    .bss                calib_flash.o
    0x24017794   COMPRESSED   0x00000004   PAD
    0x24017798        -       0x0000f000   Zero   RW         9185    HEAP                startup_stm32h750xx.o
    0x24026798        -       0x00008000   Zero   RW         9184    STACK               startup_stm32h750xx.o


==============================================================================

Image component sizes


      Code (inc. data)   RO Data    RW Data    ZI Data      Debug   Object Name

       804         80          0          0          0       6787   18b20.o
       216         22        176          1          0       2518   ad620_gainctrl.o
       876         66          0         96          0       5911   ad7606.o
      1144         90        176          0          0       7475   ads131a04.o
      1568        730          0          1        124       6959   calib_flash.o
      3328       1490          0          0         94      13216   config_flash.o
      1402        592        388          6         92       5423   current_excitation_calibrator.o
       616         82          0          0        140       4836   dac.o
       316         40          0          0          0       2789   dac8830.o
       116          8          0          4          0       2078   delay.o
      2152        384         10          4       8116      13749   digital_lock_in.o
      3826       1208          0         73      85592      15520   eis_measure.o
       752         94         84         10        360       7203   fdcan.o
         0          0          0         72         40       2288   global_command.o
      1156        584          0          0        148       7267   identity_flash.o
       140         12         52          9          0       2426   key.o
       188         36          0          0          0       3844   led.o
      1212        318          0          0          0    1315939   main.o
      1630        120          0          0          0       7729   mos_controller.o
       992        180         70          6          0      14065   norflash.o
        92          0          0          0          0       2972   norflash_ex.o
      5268       1958         74         32         32      11775   parse_command.o
      3716       1360        292          0          0       9098   potentiometer_calibration.o
       352         38          0          0         76       2419   qspi.o
      1224        534          0          5         76      10725   runtime_flash.o
       418         22          0          0          0       2650   sinewave.o
       556         50          0          0        408       3746   spi.o
        36          8        664          0      94208        872   startup_stm32h750xx.o
       282         44          0          9          0       6522   stm32h7xx_hal.o
       610         44          0          0          0      42489   stm32h7xx_hal_cortex.o
       998         32          0          0          0       9763   stm32h7xx_hal_dac.o
        64          0          0          0          0       4141   stm32h7xx_hal_dac_ex.o
      2046        100         56          0          0       9081   stm32h7xx_hal_dma.o
      4082         60         83          0          0      23456   stm32h7xx_hal_fdcan.o
       622         54          0          0          0       3784   stm32h7xx_hal_gpio.o
        14          0          0          0          0       1019   stm32h7xx_hal_iwdg.o
      1804          8          0          0          0       9394   stm32h7xx_hal_qspi.o
      3048         86          0          0          0       5992   stm32h7xx_hal_rcc.o
      4692        118          0          0          0       7423   stm32h7xx_hal_rcc_ex.o
      2636         14          0          0          0       6588   stm32h7xx_hal_spi.o
       428         32          0          0          0       4445   stm32h7xx_hal_tim.o
       108         10          0          0          0       1452   stm32h7xx_hal_tim_ex.o
      4094        140         48          0          0      12904   stm32h7xx_hal_uart.o
         2          0          0          0          0        968   stm32h7xx_hal_uart_ex.o
       192         32          0          0          0       6765   stm32h7xx_it.o
        14          0          0          0          0       1106   sys_protection.o
       644         24          0          0          0      38736   system.o
       148         18         64          8          0       1390   system_stm32h7xx.o
       232         28          0          0        128       2607   timer.o
      1144        542         68          8        328       5568   usart.o
       304         24          0          2          0       2670   w25qxx.o
        16          6          0          0         16        755   watchdog.o

    ----------------------------------------------------------------------
     62382      11522       2348        364     189984    1701297   Object Totals
         0          0         32          0          0          0   (incl. Generated)
        62          0         11         18          6          0   (incl. Padding)

    ----------------------------------------------------------------------

      Code (inc. data)   RO Data    RW Data    ZI Data      Debug   Library Member Name

       692         98          0          0          0        208   atan2f.o
       336         60          0          0          0        136   cosf.o
       116         60          0          0          0        696   dunder.o
        24          0          0          0          0        124   fabs.o
        72          0          0          0          0        148   fmaxf.o
        72          0          0          0          0        148   fminf.o
        48          0          0          0          0        124   fpclassify.o
        38          0          0          0          0        116   fpclassifyf.o
        44         12          0          0          0        464   funder.o
       588         92         56          0          0        436   log.o
       256         42          0          0          0        188   log10.o
       112          0          0          0          0        116   poly.o
      2296        304        136          0          0        320   pow.o
         0          0          8          0          0          0   qnan.o
       160          6          0          0          0        140   roundf.o
       340         24         32          0          0        160   rredf.o
       404         60          0          0          0        212   sinf.o
       106          0          0          0          0        140   sqrt.o
        58          0          0          0          0        136   sqrtf.o
        40         10          0          0          0        128   strtod.o
        56          8          0          0          0         84   __0sscanf.o
        86          0          0          0          0          0   __dczerorl2.o
        28          0          0          0          0         68   _chval.o
       816          6          0          0          0        112   _scanf.o
        64          0          0          0          0         84   _sgetc.o
       158          0          0          0          0         92   _strtoul.o
         8          4        133          0          0         68   ctype_o.o
         0          0          0          0          0          0   entry.o
         0          0          0          0          0          0   entry10a.o
         0          0          0          0          0          0   entry11a.o
         4          0          0          0          0          0   entry12b.o
         8          4          0          0          0          0   entry2.o
         4          0          0          0          0          0   entry5.o
         0          0          0          0          0          0   entry7b.o
         0          0          0          0          0          0   entry8b.o
         8          4          0          0          0          0   entry9a.o
        20         10          0          4          0        136   errno.o
        30          0          0          0          0          0   handlers.o
        36          8          0          0          0         68   init.o
        18          0          0          0          0         76   isspace_o.o
         0          0          0          0          0          0   iusefp.o
        98          0          0          0          0         84   ldiv.o
        30          0          0          0          0         68   llshl.o
        36          0          0          0          0         68   llsshr.o
        32          0          0          0          0         68   llushr.o
       188         20          0          0          0        160   malloc.o
        26          0          0          0          0         80   memcmp.o
        64          0          0          0          0         76   memmovea.o
        36          0          0          0          0        108   memseta.o
         0          0          0          8          0          0   mvars.o
      2344        100          0          0          0        700   printfa.o
        40          8          0          0          0         84   scanf_char.o
       878         12          0          0          0        216   scanf_fp.o
        20          0          0          0          0         68   strchr.o
        28          0          0          0          0         76   strcmp.o
        14          0          0          0          0         68   strlen.o
        30          0          0          0          0         80   strncmp.o
        24          0          0          0          0         76   strncpy.o
       156         12          0          0          0        120   strtod.o
       112          0          0          0          0         88   strtol.o
        44          0          0          0          0         80   uidiv.o
        98          0          0          0          0         92   uldiv.o
        48          0          0          0          0         68   cdrcmple.o
        56          0          0          0          0         88   d2f.o
       334          0          0          0          0        148   dadd.o
       222          0          0          0          0        100   ddiv.o
       186          0          0          0          0        176   depilogue.o
        48          0          0          0          0         68   dfixul.o
        24          0          0          0          0         76   dfltul.o
       228          0          0          0          0         96   dmul.o
        46          0          0          0          0         80   dscalb.o
        54          0          0          0          0         68   fcmp4.o
       110          0          0          0          0        168   fepilogue.o
        60          0          0          0          0         76   frnd.o

    ----------------------------------------------------------------------
     12890        968        368         12          0       8600   Library Totals
        30          4          3          0          0          0   (incl. Padding)

    ----------------------------------------------------------------------

      Code (inc. data)   RO Data    RW Data    ZI Data      Debug   Library Name

      5802        768        232          0          0       4140   m_wv.l
      5642        196        133         12          0       3248   mc_w.l
      1416          0          0          0          0       1212   mf_w.l

    ----------------------------------------------------------------------
     12890        968        368         12          0       8600   Library Totals

    ----------------------------------------------------------------------

==============================================================================


      Code (inc. data)   RO Data    RW Data    ZI Data      Debug   

     75272      12490       2716        376     189984    1669937   Grand Totals
     75272      12490       2716        156     189984    1669937   ELF Image Totals (compressed)
     75272      12490       2716        156          0          0   ROM Totals

==============================================================================

    Total RO  Size (Code + RO Data)                77988 (  76.16kB)
    Total RW  Size (RW Data + ZI Data)            190360 ( 185.90kB)
    Total ROM Size (Code + RO Data + RW Data)      78144 (  76.31kB)

==============================================================================

